Archive member included to satisfy reference by file (symbol)

f:/clion_to_keil/gcc/102021.10/bin/../lib/gcc/arm-none-eabi/10.3.1/thumb/v7-m/nofp\libgcc.a(_arm_muldf3.o)
                              CMakeFiles/STM32F103C6.elf.dir/Core/Src/OLED.c.obj (__aeabi_dmul)
f:/clion_to_keil/gcc/102021.10/bin/../lib/gcc/arm-none-eabi/10.3.1/thumb/v7-m/nofp\libgcc.a(_arm_addsubdf3.o)
                              CMakeFiles/STM32F103C6.elf.dir/Core/Src/OLED.c.obj (__aeabi_dsub)
f:/clion_to_keil/gcc/102021.10/bin/../lib/gcc/arm-none-eabi/10.3.1/thumb/v7-m/nofp\libgcc.a(_arm_muldivdf3.o)
                              CMakeFiles/STM32F103C6.elf.dir/Core/Src/OLED.c.obj (__aeabi_ddiv)
f:/clion_to_keil/gcc/102021.10/bin/../lib/gcc/arm-none-eabi/10.3.1/thumb/v7-m/nofp\libgcc.a(_arm_cmpdf2.o)
                              CMakeFiles/STM32F103C6.elf.dir/Core/Src/OLED.c.obj (__aeabi_dcmplt)
f:/clion_to_keil/gcc/102021.10/bin/../lib/gcc/arm-none-eabi/10.3.1/thumb/v7-m/nofp\libgcc.a(_arm_fixdfsi.o)
                              CMakeFiles/STM32F103C6.elf.dir/Core/Src/OLED.c.obj (__aeabi_d2iz)
f:/clion_to_keil/gcc/102021.10/bin/../lib/gcc/arm-none-eabi/10.3.1/thumb/v7-m/nofp\libgcc.a(_arm_fixunsdfsi.o)
                              CMakeFiles/STM32F103C6.elf.dir/Core/Src/OLED.c.obj (__aeabi_d2uiz)
f:/clion_to_keil/gcc/102021.10/bin/../lib/gcc/arm-none-eabi/10.3.1/thumb/v7-m/nofp\libgcc.a(_arm_truncdfsf2.o)
                              CMakeFiles/STM32F103C6.elf.dir/Core/Src/OLED.c.obj (__aeabi_d2f)
f:/clion_to_keil/gcc/102021.10/bin/../lib/gcc/arm-none-eabi/10.3.1/thumb/v7-m/nofp\libgcc.a(_arm_addsubsf3.o)
                              CMakeFiles/STM32F103C6.elf.dir/Core/Src/OLED.c.obj (__aeabi_fadd)
f:/clion_to_keil/gcc/102021.10/bin/../lib/gcc/arm-none-eabi/10.3.1/thumb/v7-m/nofp\libgcc.a(_arm_cmpsf2.o)
                              CMakeFiles/STM32F103C6.elf.dir/Core/Src/OLED.c.obj (__aeabi_fcmple)
f:/clion_to_keil/gcc/102021.10/bin/../lib/gcc/arm-none-eabi/10.3.1/../../../../arm-none-eabi/lib/thumb/v7-m/nofp\libc.a(lib_a-errno.o)
                              CMakeFiles/STM32F103C6.elf.dir/Core/Src/syscalls.c.obj (__errno)
f:/clion_to_keil/gcc/102021.10/bin/../lib/gcc/arm-none-eabi/10.3.1/../../../../arm-none-eabi/lib/thumb/v7-m/nofp\libc.a(lib_a-exit.o)
                              f:/clion_to_keil/gcc/102021.10/bin/../lib/gcc/arm-none-eabi/10.3.1/../../../../arm-none-eabi/lib/thumb/v7-m/nofp/crt0.o (exit)
f:/clion_to_keil/gcc/102021.10/bin/../lib/gcc/arm-none-eabi/10.3.1/../../../../arm-none-eabi/lib/thumb/v7-m/nofp\libc.a(lib_a-impure.o)
                              f:/clion_to_keil/gcc/102021.10/bin/../lib/gcc/arm-none-eabi/10.3.1/../../../../arm-none-eabi/lib/thumb/v7-m/nofp\libc.a(lib_a-exit.o) (_global_impure_ptr)
f:/clion_to_keil/gcc/102021.10/bin/../lib/gcc/arm-none-eabi/10.3.1/../../../../arm-none-eabi/lib/thumb/v7-m/nofp\libc.a(lib_a-init.o)
                              f:/clion_to_keil/gcc/102021.10/bin/../lib/gcc/arm-none-eabi/10.3.1/../../../../arm-none-eabi/lib/thumb/v7-m/nofp/crt0.o (__libc_init_array)
f:/clion_to_keil/gcc/102021.10/bin/../lib/gcc/arm-none-eabi/10.3.1/../../../../arm-none-eabi/lib/thumb/v7-m/nofp\libc.a(lib_a-memcpy.o)
                              CMakeFiles/STM32F103C6.elf.dir/Core/Src/OLED.c.obj (memcpy)
f:/clion_to_keil/gcc/102021.10/bin/../lib/gcc/arm-none-eabi/10.3.1/../../../../arm-none-eabi/lib/thumb/v7-m/nofp\libc.a(lib_a-memset.o)
                              f:/clion_to_keil/gcc/102021.10/bin/../lib/gcc/arm-none-eabi/10.3.1/../../../../arm-none-eabi/lib/thumb/v7-m/nofp/crt0.o (memset)
f:/clion_to_keil/gcc/102021.10/bin/../lib/gcc/arm-none-eabi/10.3.1/../../../../arm-none-eabi/lib/thumb/v7-m/nofp\libc.a(lib_a-strcmp.o)
                              CMakeFiles/STM32F103C6.elf.dir/Core/Src/OLED.c.obj (strcmp)
f:/clion_to_keil/gcc/102021.10/bin/../lib/gcc/arm-none-eabi/10.3.1/../../../../arm-none-eabi/lib/thumb/v7-m/nofp\libc.a(lib_a-vsprintf.o)
                              CMakeFiles/STM32F103C6.elf.dir/Core/Src/OLED.c.obj (vsprintf)
f:/clion_to_keil/gcc/102021.10/bin/../lib/gcc/arm-none-eabi/10.3.1/../../../../arm-none-eabi/lib/thumb/v7-m/nofp\libc.a(lib_a-__call_atexit.o)
                              f:/clion_to_keil/gcc/102021.10/bin/../lib/gcc/arm-none-eabi/10.3.1/../../../../arm-none-eabi/lib/thumb/v7-m/nofp\libc.a(lib_a-exit.o) (__call_exitprocs)
f:/clion_to_keil/gcc/102021.10/bin/../lib/gcc/arm-none-eabi/10.3.1/../../../../arm-none-eabi/lib/thumb/v7-m/nofp\libc.a(lib_a-atexit.o)
                              f:/clion_to_keil/gcc/102021.10/bin/../lib/gcc/arm-none-eabi/10.3.1/../../../../arm-none-eabi/lib/thumb/v7-m/nofp\libc.a(lib_a-__call_atexit.o) (atexit)
f:/clion_to_keil/gcc/102021.10/bin/../lib/gcc/arm-none-eabi/10.3.1/../../../../arm-none-eabi/lib/thumb/v7-m/nofp\libc.a(lib_a-fini.o)
[...]
Memory Configuration

Name             Origin             Length             Attributes
RAM              0x20000000         0x00002800         xrw
FLASH            0x08000000         0x00008000         xr
*default*        0x00000000         0xffffffff

Linker script and memory map

LOAD f:/clion_to_keil/gcc/102021.10/bin/../lib/gcc/arm-none-eabi/10.3.1/thumb/v7-m/nofp/crti.o
LOAD f:/clion_to_keil/gcc/102021.10/bin/../lib/gcc/arm-none-eabi/10.3.1/thumb/v7-m/nofp/crtbegin.o
LOAD f:/clion_to_keil/gcc/102021.10/bin/../lib/gcc/arm-none-eabi/10.3.1/../../../../arm-none-eabi/lib/thumb/v7-m/nofp/crt0.o
LOAD CMakeFiles/STM32F103C6.elf.dir/Core/Src/OLED.c.obj
LOAD CMakeFiles/STM32F103C6.elf.dir/Core/Src/OLED_Data.c.obj
LOAD CMakeFiles/STM32F103C6.elf.dir/Core/Src/main.c.obj
LOAD CMakeFiles/STM32F103C6.elf.dir/Core/Src/stm32f1xx_hal_msp.c.obj
LOAD CMakeFiles/STM32F103C6.elf.dir/Core/Src/stm32f1xx_it.c.obj
LOAD CMakeFiles/STM32F103C6.elf.dir/Core/Src/syscalls.c.obj
LOAD CMakeFiles/STM32F103C6.elf.dir/Core/Src/sysmem.c.obj
LOAD CMakeFiles/STM32F103C6.elf.dir/Core/Src/system_stm32f1xx.c.obj
LOAD CMakeFiles/STM32F103C6.elf.dir/Core/Startup/startup_stm32f103c6tx.s.obj
LOAD CMakeFiles/STM32F103C6.elf.dir/Drivers/STM32F1xx_HAL_Driver/Src/stm32f1xx_hal.c.obj
LOAD CMakeFiles/STM32F103C6.elf.dir/Drivers/STM32F1xx_HAL_Driver/Src/stm32f1xx_hal_cortex.c.obj
LOAD CMakeFiles/STM32F103C6.elf.dir/Drivers/STM32F1xx_HAL_Driver/Src/stm32f1xx_hal_dma.c.obj
LOAD CMakeFiles/STM32F103C6.elf.dir/Drivers/STM32F1xx_HAL_Driver/Src/stm32f1xx_hal_exti.c.obj
LOAD CMakeFiles/STM32F103C6.elf.dir/Drivers/STM32F1xx_HAL_Driver/Src/stm32f1xx_hal_flash.c.obj
LOAD CMakeFiles/STM32F103C6.elf.dir/Drivers/STM32F1xx_HAL_Driver/Src/stm32f1xx_hal_flash_ex.c.obj
LOAD CMakeFiles/STM32F103C6.elf.dir/Drivers/STM32F1xx_HAL_Driver/Src/stm32f1xx_hal_gpio.c.obj
LOAD CMakeFiles/STM32F103C6.elf.dir/Drivers/STM32F1xx_HAL_Driver/Src/stm32f1xx_hal_gpio_ex.c.obj
LOAD CMakeFiles/STM32F103C6.elf.dir/Drivers/STM32F1xx_HAL_Driver/Src/stm32f1xx_hal_i2c.c.obj
LOAD CMakeFiles/STM32F103C6.elf.dir/Drivers/STM32F1xx_HAL_Driver/Src/stm32f1xx_hal_pwr.c.obj
LOAD CMakeFiles/STM32F103C6.elf.dir/Drivers/STM32F1xx_HAL_Driver/Src/stm32f1xx_hal_rcc.c.obj
LOAD CMakeFiles/STM32F103C6.elf.dir/Drivers/STM32F1xx_HAL_Driver/Src/stm32f1xx_hal_rcc_ex.c.obj
LOAD CMakeFiles/STM32F103C6.elf.dir/Drivers/STM32F1xx_HAL_Driver/Src/stm32f1xx_hal_tim.c.obj
LOAD CMakeFiles/STM32F103C6.elf.dir/Drivers/STM32F1xx_HAL_Driver/Src/stm32f1xx_hal_tim_ex.c.obj
START GROUP
LOAD f:/clion_to_keil/gcc/102021.10/bin/../lib/gcc/arm-none-eabi/10.3.1/thumb/v7-m/nofp\libgcc.a
LOAD f:/clion_to_keil/gcc/102021.10/bin/../lib/gcc/arm-none-eabi/10.3.1/../../../../arm-none-eabi/lib/thumb/v7-m/nofp\libc.a
END GROUP
LOAD f:/clion_to_keil/gcc/102021.10/bin/../lib/gcc/arm-none-eabi/10.3.1/thumb/v7-m/nofp/crtend.o
LOAD f:/clion_to_keil/gcc/102021.10/bin/../lib/gcc/arm-none-eabi/10.3.1/thumb/v7-m/nofp/crtn.o
                0x20002800                _estack = (ORIGIN (RAM) + LENGTH (RAM))
                0x00000200                _Min_Heap_Size = 0x200
                0x00000400                _Min_Stack_Size = 0x400

.isr_vector     0x08000000      0x10c
                0x08000000                . = ALIGN (0x4)
 *(.isr_vector)
 .isr_vector    0x08000000      0x10c CMakeFiles/STM32F103C6.elf.dir/Core/Startup/startup_stm32f103c6tx.s.obj
                0x08000000                g_pfnVectors
                0x0800010c                . = ALIGN (0x4)

.text           0x08000110     0x9b5c
                0x08000110                . = ALIGN (0x4)
 *(.text)
 .text          0x08000110       0x40 f:/clion_to_keil/gcc/102021.10/bin/../lib/gcc/arm-none-eabi/10.3.1/thumb/v7-m/nofp/crtbegin.o
 .text          0x08000150      0x378 f:/clion_to_keil/gcc/102021.10/bin/../lib/gcc/arm-none-eabi/10.3.1/thumb/v7-m/nofp\libgcc.a(_arm_addsubdf3.o)
                0x08000150                __aeabi_drsub
                0x08000158                __aeabi_dsub
                0x08000158                __subdf3
                0x0800015c                __aeabi_dadd
                0x0800015c                __adddf3
                0x080003d4                __floatunsidf
                0x080003d4                __aeabi_ui2d
                0x080003f4                __floatsidf
                0x080003f4                __aeabi_i2d
                0x08000418                __aeabi_f2d
                0x08000418                __extendsfdf2
                0x0800045c                __floatundidf
                0x0800045c                __aeabi_ul2d
                0x0800046c                __floatdidf
                0x0800046c                __aeabi_l2d
 .text          0x080004c8      0x424 f:/clion_to_keil/gcc/102021.10/bin/../lib/gcc/arm-none-eabi/10.3.1/thumb/v7-m/nofp\libgcc.a(_arm_muldivdf3.o)
                0x080004c8                __aeabi_dmul
                0x080004c8                __muldf3
                0x0800071c                __divdf3
                0x0800071c                __aeabi_ddiv
 .text          0x080008ec      0x110 f:/clion_to_keil/gcc/102021.10/bin/../lib/gcc/arm-none-eabi/10.3.1/thumb/v7-m/nofp\libgcc.a(_arm_cmpdf2.o)
                0x080008ec                __gtdf2
                0x080008ec                __gedf2
                0x080008f4                __ltdf2
                0x080008f4                __ledf2
                0x080008fc                __nedf2
                0x080008fc                __eqdf2
                0x080008fc                __cmpdf2
                0x08000978                __aeabi_cdrcmple
                0x08000988                __aeabi_cdcmpeq
                0x08000988                __aeabi_cdcmple
                0x08000998                __aeabi_dcmpeq
                0x080009ac                __aeabi_dcmplt
                0x080009c0                __aeabi_dcmple
                0x080009d4                __aeabi_dcmpge
                0x080009e8                __aeabi_dcmpgt
 .text          0x080009fc       0x50 f:/clion_to_keil/gcc/102021.10/bin/../lib/gcc/arm-none-eabi/10.3.1/thumb/v7-m/nofp\libgcc.a(_arm_fixdfsi.o)
                0x080009fc                __aeabi_d2iz
                0x080009fc                __fixdfsi
 .text          0x08000a4c       0x40 f:/clion_to_keil/gcc/102021.10/bin/../lib/gcc/arm-none-eabi/10.3.1/thumb/v7-m/nofp\libgcc.a(_arm_fixunsdfsi.o)
                0x08000a4c                __aeabi_d2uiz
                0x08000a4c                __fixunsdfsi
 .text          0x08000a8c       0xa0 f:/clion_to_keil/gcc/102021.10/bin/../lib/gcc/arm-none-eabi/10.3.1/thumb/v7-m/nofp\libgcc.a(_arm_truncdfsf2.o)
                0x08000a8c                __truncdfsf2
                0x08000a8c                __aeabi_d2f
 .text          0x08000b2c      0x21c f:/clion_to_keil/gcc/102021.10/bin/../lib/gcc/arm-none-eabi/10.3.1/thumb/v7-m/nofp\libgcc.a(_arm_addsubsf3.o)
                0x08000b2c                __aeabi_frsub
                0x08000b34                __subsf3
                0x08000b34                __aeabi_fsub
                0x08000b38                __aeabi_fadd
                0x08000b38                __addsf3
                0x08000c98                __aeabi_ui2f
                0x08000c98                __floatunsisf
                0x08000ca0                __aeabi_i2f
                0x08000ca0                __floatsisf
                0x08000cbc                __aeabi_ul2f
                0x08000cbc                __floatundisf
                0x08000ccc                __aeabi_l2f
                0x08000ccc                __floatdisf
 .text          0x08000d48       0xec f:/clion_to_keil/gcc/102021.10/bin/../lib/gcc/arm-none-eabi/10.3.1/thumb/v7-m/nofp\libgcc.a(_arm_cmpsf2.o)
                0x08000d48                __gesf2
                0x08000d48                __gtsf2
                0x08000d50                __lesf2
                0x08000d50                __ltsf2
                0x08000d58                __nesf2
                0x08000d58                __eqsf2
                0x08000d58                __cmpsf2
                0x08000db8                __aeabi_cfrcmple
                0x08000dc0                __aeabi_cfcmpeq
                0x08000dc0                __aeabi_cfcmple
                0x08000dd0                __aeabi_fcmpeq
                0x08000de4                __aeabi_fcmplt
                0x08000df8                __aeabi_fcmple
                0x08000e0c                __aeabi_fcmpge
                0x08000e20                __aeabi_fcmpgt
 .text          0x08000e34       0xec f:/clion_to_keil/gcc/102021.10/bin/../lib/gcc/arm-none-eabi/10.3.1/../../../../arm-none-eabi/lib/thumb/v7-m/nofp\libc.a(lib_a-memcpy.o)
                0x08000e34                memcpy
 .text          0x08000f20      0x1bc f:/clion_to_keil/gcc/102021.10/bin/../lib/gcc/arm-none-eabi/10.3.1/../../../../arm-none-eabi/lib/thumb/v7-m/nofp\libc.a(lib_a-strcmp.o)
                0x08000f20                strcmp
 .text          0x080010dc       0x2c f:/clion_to_keil/gcc/102021.10/bin/../lib/gcc/arm-none-eabi/10.3.1/thumb/v7-m/nofp\libgcc.a(_arm_unorddf2.o)
                0x080010dc                __unorddf2
                0x080010dc                __aeabi_dcmpun
 .text          0x08001108       0x30 f:/clion_to_keil/gcc/102021.10/bin/../lib/gcc/arm-none-eabi/10.3.1/thumb/v7-m/nofp\libgcc.a(_aeabi_uldivmod.o)
                0x08001108                __aeabi_uldivmod
 .text          0x08001138      0x2d4 f:/clion_to_keil/gcc/102021.10/bin/../lib/gcc/arm-none-eabi/10.3.1/thumb/v7-m/nofp\libgcc.a(_udivmoddi4.o)
                0x08001138                __udivmoddi4
 .text          0x0800140c        0x4 f:/clion_to_keil/gcc/102021.10/bin/../lib/gcc/arm-none-eabi/10.3.1/thumb/v7-m/nofp\libgcc.a(_dvmd_tls.o)
                0x0800140c                __aeabi_idiv0
                0x0800140c                __aeabi_ldiv0
 *(.text*)
 .text.OLED_WriteCommand
                0x08001410       0x28 CMakeFiles/STM32F103C6.elf.dir/Core/Src/OLED.c.obj
                0x08001410                OLED_WriteCommand
 .text.OLED_WriteData
                0x08001438       0x40 CMakeFiles/STM32F103C6.elf.dir/Core/Src/OLED.c.obj
                0x08001438                OLED_WriteData
 .text.OLED_SetCursor
                0x08001478       0x22 CMakeFiles/STM32F103C6.elf.dir/Core/Src/OLED.c.obj
                0x08001478                OLED_SetCursor
 .text.OLED_pnpoly
                0x0800149a       0x6e CMakeFiles/STM32F103C6.elf.dir/Core/Src/OLED.c.obj
                0x0800149a                OLED_pnpoly
 .text.OLED_IsInAngle
                0x08001508       0x64 CMakeFiles/STM32F103C6.elf.dir/Core/Src/OLED.c.obj
                0x08001508                OLED_IsInAngle
 .text.OLED_Update
                0x0800156c       0x28 CMakeFiles/STM32F103C6.elf.dir/Core/Src/OLED.c.obj
                0x0800156c                OLED_Update
 .text.OLED_Clear
                0x08001594       0x10 CMakeFiles/STM32F103C6.elf.dir/Core/Src/OLED.c.obj
                0x08001594                OLED_Clear
 .text.OLED_Init
                0x080015a4       0x98 CMakeFiles/STM32F103C6.elf.dir/Core/Src/OLED.c.obj
                0x080015a4                OLED_Init
 .text.OLED_ClearArea
                0x0800163c       0x6c CMakeFiles/STM32F103C6.elf.dir/Core/Src/OLED.c.obj
                0x0800163c                OLED_ClearArea
 .text.OLED_ShowImage
                0x080016a8       0xbc CMakeFiles/STM32F103C6.elf.dir/Core/Src/OLED.c.obj
                0x080016a8                OLED_ShowImage
 .text.OLED_ShowChar
                0x08001764       0x38 CMakeFiles/STM32F103C6.elf.dir/Core/Src/OLED.c.obj
                0x08001764                OLED_ShowChar
 .text.OLED_ShowString
                0x0800179c       0x2a CMakeFiles/STM32F103C6.elf.dir/Core/Src/OLED.c.obj
                0x0800179c                OLED_ShowString
 .text.OLED_ShowNum
                0x080017c6       0x4c CMakeFiles/STM32F103C6.elf.dir/Core/Src/OLED.c.obj
                0x080017c6                OLED_ShowNum
 .text.OLED_ShowSignedNum
                0x08001812       0x66 CMakeFiles/STM32F103C6.elf.dir/Core/Src/OLED.c.obj
                0x08001812                OLED_ShowSignedNum
 .text.OLED_ShowHexNum
                0x08001878       0x46 CMakeFiles/STM32F103C6.elf.dir/Core/Src/OLED.c.obj
                0x08001878                OLED_ShowHexNum
 .text.OLED_ShowBinNum
                0x080018be       0x42 CMakeFiles/STM32F103C6.elf.dir/Core/Src/OLED.c.obj
                0x080018be                OLED_ShowBinNum
 .text.OLED_ShowFloatNum
                0x08001900       0xd2 CMakeFiles/STM32F103C6.elf.dir/Core/Src/OLED.c.obj
                0x08001900                OLED_ShowFloatNum
 *fill*         0x080019d2        0x2 
 .text.OLED_ShowChinese
                0x080019d4       0x94 CMakeFiles/STM32F103C6.elf.dir/Core/Src/OLED.c.obj
                0x080019d4                OLED_ShowChinese
 .text.OLED_Printf
                0x08001a68       0x30 CMakeFiles/STM32F103C6.elf.dir/Core/Src/OLED.c.obj
                0x08001a68                OLED_Printf
 .text.OLED_DrawPoint
                0x08001a98       0x28 CMakeFiles/STM32F103C6.elf.dir/Core/Src/OLED.c.obj
                0x08001a98                OLED_DrawPoint
 .text.OLED_GetPoint
                0x08001ac0       0x28 CMakeFiles/STM32F103C6.elf.dir/Core/Src/OLED.c.obj
                0x08001ac0                OLED_GetPoint
 .text.OLED_DrawLine
                0x08001ae8      0x14a CMakeFiles/STM32F103C6.elf.dir/Core/Src/OLED.c.obj
                0x08001ae8                OLED_DrawLine
 .text.OLED_DrawRectangle
                0x08001c32       0x80 CMakeFiles/STM32F103C6.elf.dir/Core/Src/OLED.c.obj
                0x08001c32                OLED_DrawRectangle
 .text.OLED_DrawTriangle
                0x08001cb2       0xc2 CMakeFiles/STM32F103C6.elf.dir/Core/Src/OLED.c.obj
                0x08001cb2                OLED_DrawTriangle
 .text.OLED_DrawCircle
                0x08001d74      0x16c CMakeFiles/STM32F103C6.elf.dir/Core/Src/OLED.c.obj
                0x08001d74                OLED_DrawCircle
 .text.OLED_DrawEllipse
                0x08001ee0      0x324 CMakeFiles/STM32F103C6.elf.dir/Core/Src/OLED.c.obj
                0x08001ee0                OLED_DrawEllipse
 .text.OLED_DrawArc
                0x08002204      0x2a2 CMakeFiles/STM32F103C6.elf.dir/Core/Src/OLED.c.obj
                0x08002204                OLED_DrawArc
 .text.SystemClock_Config
                0x080024a6       0x5e CMakeFiles/STM32F103C6.elf.dir/Core/Src/main.c.obj
                0x080024a6                SystemClock_Config
 *fill*         0x08002504        0x4 
 .text.startup.main
                0x08002508      0x358 CMakeFiles/STM32F103C6.elf.dir/Core/Src/main.c.obj
                0x08002508                main
 .text.HAL_MspInit
                0x08002860       0x44 CMakeFiles/STM32F103C6.elf.dir/Core/Src/stm32f1xx_hal_msp.c.obj
                0x08002860                HAL_MspInit
 .text.HAL_I2C_MspInit
                0x080028a4       0x64 CMakeFiles/STM32F103C6.elf.dir/Core/Src/stm32f1xx_hal_msp.c.obj
                0x080028a4                HAL_I2C_MspInit
 .text.NMI_Handler
                0x08002908        0x2 CMakeFiles/STM32F103C6.elf.dir/Core/Src/stm32f1xx_it.c.obj
                0x08002908                NMI_Handler
 .text.HardFault_Handler
                0x0800290a        0x2 CMakeFiles/STM32F103C6.elf.dir/Core/Src/stm32f1xx_it.c.obj
                0x0800290a                HardFault_Handler
 .text.MemManage_Handler
                0x0800290c        0x2 CMakeFiles/STM32F103C6.elf.dir/Core/Src/stm32f1xx_it.c.obj
                0x0800290c                MemManage_Handler
 .text.BusFault_Handler
                0x0800290e        0x2 CMakeFiles/STM32F103C6.elf.dir/Core/Src/stm32f1xx_it.c.obj
                0x0800290e                BusFault_Handler
 .text.UsageFault_Handler
                0x08002910        0x2 CMakeFiles/STM32F103C6.elf.dir/Core/Src/stm32f1xx_it.c.obj
                0x08002910                UsageFault_Handler
 .text.SVC_Handler
                0x08002912        0x2 CMakeFiles/STM32F103C6.elf.dir/Core/Src/stm32f1xx_it.c.obj
                0x08002912                SVC_Handler
 .text.DebugMon_Handler
                0x08002914        0x2 CMakeFiles/STM32F103C6.elf.dir/Core/Src/stm32f1xx_it.c.obj
                0x08002914                DebugMon_Handler
 .text.PendSV_Handler
                0x08002916        0x2 CMakeFiles/STM32F103C6.elf.dir/Core/Src/stm32f1xx_it.c.obj
                0x08002916                PendSV_Handler
 .text.SysTick_Handler
                0x08002918        0x4 CMakeFiles/STM32F103C6.elf.dir/Core/Src/stm32f1xx_it.c.obj
                0x08002918                SysTick_Handler
 .text._getpid  0x0800291c        0x4 CMakeFiles/STM32F103C6.elf.dir/Core/Src/syscalls.c.obj
                0x0800291c                _getpid
 .text._kill    0x08002920       0x10 CMakeFiles/STM32F103C6.elf.dir/Core/Src/syscalls.c.obj
                0x08002920                _kill
 .text._exit    0x08002930        0xc CMakeFiles/STM32F103C6.elf.dir/Core/Src/syscalls.c.obj
                0x08002930                _exit
 .text._read    0x0800293c       0x1c CMakeFiles/STM32F103C6.elf.dir/Core/Src/syscalls.c.obj
                0x0800293c                _read
 .text._write   0x08002958       0x1c CMakeFiles/STM32F103C6.elf.dir/Core/Src/syscalls.c.obj
                0x08002958                _write
 .text._close   0x08002974        0x6 CMakeFiles/STM32F103C6.elf.dir/Core/Src/syscalls.c.obj
                0x08002974                _close
 .text._fstat   0x0800297a        0xa CMakeFiles/STM32F103C6.elf.dir/Core/Src/syscalls.c.obj
                0x0800297a                _fstat
 .text._isatty  0x08002984        0x4 CMakeFiles/STM32F103C6.elf.dir/Core/Src/syscalls.c.obj
                0x08002984                _isatty
 .text._lseek   0x08002988        0x4 CMakeFiles/STM32F103C6.elf.dir/Core/Src/syscalls.c.obj
                0x08002988                _lseek
 .text._sbrk    0x0800298c       0x40 CMakeFiles/STM32F103C6.elf.dir/Core/Src/sysmem.c.obj
                0x0800298c                _sbrk
 .text.SystemInit
                0x080029cc        0x2 CMakeFiles/STM32F103C6.elf.dir/Core/Src/system_stm32f1xx.c.obj
                0x080029cc                SystemInit
 *fill*         0x080029ce        0x2 
 .text.Reset_Handler
                0x080029d0       0x48 CMakeFiles/STM32F103C6.elf.dir/Core/Startup/startup_stm32f103c6tx.s.obj
                0x080029d0                Reset_Handler
 .text.Default_Handler
                0x08002a18        0x2 CMakeFiles/STM32F103C6.elf.dir/Core/Startup/startup_stm32f103c6tx.s.obj
                0x08002a18                RTC_Alarm_IRQHandler
                0x08002a18                EXTI2_IRQHandler
                0x08002a18                TIM1_CC_IRQHandler
                0x08002a18                PVD_IRQHandler
                0x08002a18                EXTI3_IRQHandler
                0x08002a18                EXTI0_IRQHandler
                0x08002a18                ADC1_2_IRQHandler
                0x08002a18                SPI1_IRQHandler
                0x08002a18                TAMPER_IRQHandler
                0x08002a18                DMA1_Channel4_IRQHandler
                0x08002a18                RTC_IRQHandler
                0x08002a18                DMA1_Channel7_IRQHandler
                0x08002a18                CAN1_RX1_IRQHandler
                0x08002a18                I2C1_EV_IRQHandler
                0x08002a18                DMA1_Channel6_IRQHandler
                0x08002a18                TIM3_IRQHandler
                0x08002a18                RCC_IRQHandler
                0x08002a18                TIM1_TRG_COM_IRQHandler
                0x08002a18                DMA1_Channel1_IRQHandler
                0x08002a18                Default_Handler
                0x08002a18                EXTI15_10_IRQHandler
                0x08002a18                EXTI9_5_IRQHandler
                0x08002a18                DMA1_Channel5_IRQHandler
                0x08002a18                EXTI4_IRQHandler
                0x08002a18                USB_LP_CAN1_RX0_IRQHandler
                0x08002a18                USB_HP_CAN1_TX_IRQHandler
                0x08002a18                DMA1_Channel3_IRQHandler
                0x08002a18                TIM1_UP_IRQHandler
                0x08002a18                WWDG_IRQHandler
                0x08002a18                TIM2_IRQHandler
                0x08002a18                TIM1_BRK_IRQHandler
                0x08002a18                EXTI1_IRQHandler
                0x08002a18                USART2_IRQHandler
                0x08002a18                DMA1_Channel2_IRQHandler
                0x08002a18                CAN1_SCE_IRQHandler
                0x08002a18                FLASH_IRQHandler
                0x08002a18                USART1_IRQHandler
                0x08002a18                I2C1_ER_IRQHandler
                0x08002a18                USBWakeUp_IRQHandler
 *fill*         0x08002a1a        0x2 
 .text.HAL_InitTick
                0x08002a1c       0x48 CMakeFiles/STM32F103C6.elf.dir/Drivers/STM32F1xx_HAL_Driver/Src/stm32f1xx_hal.c.obj
                0x08002a1c                HAL_InitTick
 .text.HAL_Init
                0x08002a64       0x24 CMakeFiles/STM32F103C6.elf.dir/Drivers/STM32F1xx_HAL_Driver/Src/stm32f1xx_hal.c.obj
                0x08002a64                HAL_Init
 .text.HAL_IncTick
                0x08002a88       0x18 CMakeFiles/STM32F103C6.elf.dir/Drivers/STM32F1xx_HAL_Driver/Src/stm32f1xx_hal.c.obj
                0x08002a88                HAL_IncTick
 .text.HAL_GetTick
                0x08002aa0        0xc CMakeFiles/STM32F103C6.elf.dir/Drivers/STM32F1xx_HAL_Driver/Src/stm32f1xx_hal.c.obj
                0x08002aa0                HAL_GetTick
 .text.HAL_Delay
                0x08002aac       0x24 CMakeFiles/STM32F103C6.elf.dir/Drivers/STM32F1xx_HAL_Driver/Src/stm32f1xx_hal.c.obj
                0x08002aac                HAL_Delay
 .text.HAL_NVIC_SetPriorityGrouping
                0x08002ad0       0x24 CMakeFiles/STM32F103C6.elf.dir/Drivers/STM32F1xx_HAL_Driver/Src/stm32f1xx_hal_cortex.c.obj
                0x08002ad0                HAL_NVIC_SetPriorityGrouping
 .text.HAL_NVIC_SetPriority
                0x08002af4       0x64 CMakeFiles/STM32F103C6.elf.dir/Drivers/STM32F1xx_HAL_Driver/Src/stm32f1xx_hal_cortex.c.obj
                0x08002af4                HAL_NVIC_SetPriority
 .text.HAL_SYSTICK_Config
                0x08002b58       0x28 CMakeFiles/STM32F103C6.elf.dir/Drivers/STM32F1xx_HAL_Driver/Src/stm32f1xx_hal_cortex.c.obj
                0x08002b58                HAL_SYSTICK_Config
 .text.HAL_GPIO_Init
                0x08002b80      0x1ac CMakeFiles/STM32F103C6.elf.dir/Drivers/STM32F1xx_HAL_Driver/Src/stm32f1xx_hal_gpio.c.obj
                0x08002b80                HAL_GPIO_Init
 .text.HAL_GPIO_WritePin
                0x08002d2c        0xa CMakeFiles/STM32F103C6.elf.dir/Drivers/STM32F1xx_HAL_Driver/Src/stm32f1xx_hal_gpio.c.obj
                0x08002d2c                HAL_GPIO_WritePin
 .text.I2C_IsAcknowledgeFailed
                0x08002d36       0x32 CMakeFiles/STM32F103C6.elf.dir/Drivers/STM32F1xx_HAL_Driver/Src/stm32f1xx_hal_i2c.c.obj
 .text.I2C_WaitOnFlagUntilTimeout
                0x08002d68       0x80 CMakeFiles/STM32F103C6.elf.dir/Drivers/STM32F1xx_HAL_Driver/Src/stm32f1xx_hal_i2c.c.obj
 .text.I2C_WaitOnMasterAddressFlagUntilTimeout
                0x08002de8       0x84 CMakeFiles/STM32F103C6.elf.dir/Drivers/STM32F1xx_HAL_Driver/Src/stm32f1xx_hal_i2c.c.obj
 .text.I2C_WaitOnTXEFlagUntilTimeout
                0x08002e6c       0x54 CMakeFiles/STM32F103C6.elf.dir/Drivers/STM32F1xx_HAL_Driver/Src/stm32f1xx_hal_i2c.c.obj
 .text.I2C_WaitOnBTFFlagUntilTimeout
                0x08002ec0       0x54 CMakeFiles/STM32F103C6.elf.dir/Drivers/STM32F1xx_HAL_Driver/Src/stm32f1xx_hal_i2c.c.obj
 .text.HAL_I2C_Init
                0x08002f14      0x150 CMakeFiles/STM32F103C6.elf.dir/Drivers/STM32F1xx_HAL_Driver/Src/stm32f1xx_hal_i2c.c.obj
                0x08002f14                HAL_I2C_Init
 .text.HAL_I2C_Master_Transmit
                0x08003064      0x1b0 CMakeFiles/STM32F103C6.elf.dir/Drivers/STM32F1xx_HAL_Driver/Src/stm32f1xx_hal_i2c.c.obj
                0x08003064                HAL_I2C_Master_Transmit
 .text.HAL_RCC_OscConfig
                0x08003214      0x338 CMakeFiles/STM32F103C6.elf.dir/Drivers/STM32F1xx_HAL_Driver/Src/stm32f1xx_hal_rcc.c.obj
                0x08003214                HAL_RCC_OscConfig
 .text.HAL_RCC_GetSysClockFreq
                0x0800354c       0x4c CMakeFiles/STM32F103C6.elf.dir/Drivers/STM32F1xx_HAL_Driver/Src/stm32f1xx_hal_rcc.c.obj
                0x0800354c                HAL_RCC_GetSysClockFreq
 .text.HAL_RCC_ClockConfig
                0x08003598      0x138 CMakeFiles/STM32F103C6.elf.dir/Drivers/STM32F1xx_HAL_Driver/Src/stm32f1xx_hal_rcc.c.obj
                0x08003598                HAL_RCC_ClockConfig
 .text.HAL_RCC_GetPCLK1Freq
                0x080036d0       0x20 CMakeFiles/STM32F103C6.elf.dir/Drivers/STM32F1xx_HAL_Driver/Src/stm32f1xx_hal_rcc.c.obj
                0x080036d0                HAL_RCC_GetPCLK1Freq
 .text.__errno  0x080036f0        0xc f:/clion_to_keil/gcc/102021.10/bin/../lib/gcc/arm-none-eabi/10.3.1/../../../../arm-none-eabi/lib/thumb/v7-m/nofp\libc.a(lib_a-errno.o)
                0x080036f0                __errno
 .text.__libc_init_array
                0x080036fc       0x48 f:/clion_to_keil/gcc/102021.10/bin/../lib/gcc/arm-none-eabi/10.3.1/../../../../arm-none-eabi/lib/thumb/v7-m/nofp\libc.a(lib_a-init.o)
                0x080036fc                __libc_init_array
 .text.memset   0x08003744       0xa4 f:/clion_to_keil/gcc/102021.10/bin/../lib/gcc/arm-none-eabi/10.3.1/../../../../arm-none-eabi/lib/thumb/v7-m/nofp\libc.a(lib_a-memset.o)
                0x08003744                memset
 .text.vsprintf
                0x080037e8       0x38 f:/clion_to_keil/gcc/102021.10/bin/../lib/gcc/arm-none-eabi/10.3.1/../../../../arm-none-eabi/lib/thumb/v7-m/nofp\libc.a(lib_a-vsprintf.o)
                0x080037e8                vsprintf
 .text.startup.register_fini
                0x08003820       0x14 f:/clion_to_keil/gcc/102021.10/bin/../lib/gcc/arm-none-eabi/10.3.1/../../../../arm-none-eabi/lib/thumb/v7-m/nofp\libc.a(lib_a-__call_atexit.o)
 .text.atexit   0x08003834        0xc f:/clion_to_keil/gcc/102021.10/bin/../lib/gcc/arm-none-eabi/10.3.1/../../../../arm-none-eabi/lib/thumb/v7-m/nofp\libc.a(lib_a-atexit.o)
                0x08003834                atexit
 .text.__libc_fini_array
                0x08003840       0x2c f:/clion_to_keil/gcc/102021.10/bin/../lib/gcc/arm-none-eabi/10.3.1/../../../../arm-none-eabi/lib/thumb/v7-m/nofp\libc.a(lib_a-fini.o)
                0x08003840                __libc_fini_array
 .text.__retarget_lock_init_recursive
                0x0800386c        0x4 f:/clion_to_keil/gcc/102021.10/bin/../lib/gcc/arm-none-eabi/10.3.1/../../../../arm-none-eabi/lib/thumb/v7-m/nofp\libc.a(lib_a-lock.o)
                0x0800386c                __retarget_lock_init_recursive
 .text.__retarget_lock_close_recursive
                0x08003870        0x4 f:/clion_to_keil/gcc/102021.10/bin/../lib/gcc/arm-none-eabi/10.3.1/../../../../arm-none-eabi/lib/thumb/v7-m/nofp\libc.a(lib_a-lock.o)
                0x08003870                __retarget_lock_close_recursive
 .text.__retarget_lock_acquire_recursive
                0x08003874        0x4 f:/clion_to_keil/gcc/102021.10/bin/../lib/gcc/arm-none-eabi/10.3.1/../../../../arm-none-eabi/lib/thumb/v7-m/nofp\libc.a(lib_a-lock.o)
                0x08003874                __retarget_lock_acquire_recursive
 .text.__retarget_lock_release_recursive
                0x08003878        0x4 f:/clion_to_keil/gcc/102021.10/bin/../lib/gcc/arm-none-eabi/10.3.1/../../../../arm-none-eabi/lib/thumb/v7-m/nofp\libc.a(lib_a-lock.o)
                0x08003878                __retarget_lock_release_recursive
 .text._svfprintf_r
                0x0800387c     0x1aa4 f:/clion_to_keil/gcc/102021.10/bin/../lib/gcc/arm-none-eabi/10.3.1/../../../../arm-none-eabi/lib/thumb/v7-m/nofp\libc.a(lib_a-svfprintf.o)
                0x0800387c                _svfprintf_r
 .text.__register_exitproc
                0x08005320       0x8c f:/clion_to_keil/gcc/102021.10/bin/../lib/gcc/arm-none-eabi/10.3.1/../../../../arm-none-eabi/lib/thumb/v7-m/nofp\libc.a(lib_a-__atexit.o)
                0x08005320                __register_exitproc
 .text.quorem   0x080053ac      0x12c f:/clion_to_keil/gcc/102021.10/bin/../lib/gcc/arm-none-eabi/10.3.1/../../../../arm-none-eabi/lib/thumb/v7-m/nofp\libc.a(lib_a-dtoa.o)
 .text._dtoa_r  0x080054d8      0xecc f:/clion_to_keil/gcc/102021.10/bin/../lib/gcc/arm-none-eabi/10.3.1/../../../../arm-none-eabi/lib/thumb/v7-m/nofp\libc.a(lib_a-dtoa.o)
                0x080054d8                _dtoa_r
 .text._malloc_trim_r
                0x080063a4       0xa0 f:/clion_to_keil/gcc/102021.10/bin/../lib/gcc/arm-none-eabi/10.3.1/../../../../arm-none-eabi/lib/thumb/v7-m/nofp\libc.a(lib_a-freer.o)
                0x080063a4                _malloc_trim_r
 .text._free_r  0x08006444      0x200 f:/clion_to_keil/gcc/102021.10/bin/../lib/gcc/arm-none-eabi/10.3.1/../../../../arm-none-eabi/lib/thumb/v7-m/nofp\libc.a(lib_a-freer.o)
                0x08006444                _free_r
 .text._localeconv_r
                0x08006644        0x8 f:/clion_to_keil/gcc/102021.10/bin/../lib/gcc/arm-none-eabi/10.3.1/../../../../arm-none-eabi/lib/thumb/v7-m/nofp\libc.a(lib_a-localeconv.o)
                0x08006644                _localeconv_r
 .text._malloc_r
                0x0800664c      0x558 f:/clion_to_keil/gcc/102021.10/bin/../lib/gcc/arm-none-eabi/10.3.1/../../../../arm-none-eabi/lib/thumb/v7-m/nofp\libc.a(lib_a-mallocr.o)
                0x0800664c                _malloc_r
 .text.memchr   0x08006ba4       0x90 f:/clion_to_keil/gcc/102021.10/bin/../lib/gcc/arm-none-eabi/10.3.1/../../../../arm-none-eabi/lib/thumb/v7-m/nofp\libc.a(lib_a-memchr-stub.o)
                0x08006ba4                memchr
 .text.__malloc_lock
                0x08006c34        0xc f:/clion_to_keil/gcc/102021.10/bin/../lib/gcc/arm-none-eabi/10.3.1/../../../../arm-none-eabi/lib/thumb/v7-m/nofp\libc.a(lib_a-mlock.o)
                0x08006c34                __malloc_lock
 .text.__malloc_unlock
                0x08006c40        0xc f:/clion_to_keil/gcc/102021.10/bin/../lib/gcc/arm-none-eabi/10.3.1/../../../../arm-none-eabi/lib/thumb/v7-m/nofp\libc.a(lib_a-mlock.o)
                0x08006c40                __malloc_unlock
 .text._Balloc  0x08006c4c       0x4c f:/clion_to_keil/gcc/102021.10/bin/../lib/gcc/arm-none-eabi/10.3.1/../../../../arm-none-eabi/lib/thumb/v7-m/nofp\libc.a(lib_a-mprec.o)
                0x08006c4c                _Balloc
 .text._Bfree   0x08006c98       0x14 f:/clion_to_keil/gcc/102021.10/bin/../lib/gcc/arm-none-eabi/10.3.1/../../../../arm-none-eabi/lib/thumb/v7-m/nofp\libc.a(lib_a-mprec.o)
                0x08006c98                _Bfree
 .text.__multadd
                0x08006cac       0xa4 f:/clion_to_keil/gcc/102021.10/bin/../lib/gcc/arm-none-eabi/10.3.1/../../../../arm-none-eabi/lib/thumb/v7-m/nofp\libc.a(lib_a-mprec.o)
                0x08006cac                __multadd
 .text.__hi0bits
                0x08006d50       0x40 f:/clion_to_keil/gcc/102021.10/bin/../lib/gcc/arm-none-eabi/10.3.1/../../../../arm-none-eabi/lib/thumb/v7-m/nofp\libc.a(lib_a-mprec.o)
                0x08006d50                __hi0bits
 .text.__lo0bits
                0x08006d90       0x58 f:/clion_to_keil/gcc/102021.10/bin/../lib/gcc/arm-none-eabi/10.3.1/../../../../arm-none-eabi/lib/thumb/v7-m/nofp\libc.a(lib_a-mprec.o)
                0x08006d90                __lo0bits
 .text.__i2b    0x08006de8       0x5c f:/clion_to_keil/gcc/102021.10/bin/../lib/gcc/arm-none-eabi/10.3.1/../../../../arm-none-eabi/lib/thumb/v7-m/nofp\libc.a(lib_a-mprec.o)
                0x08006de8                __i2b
 .text.__multiply
                0x08006e44      0x15c f:/clion_to_keil/gcc/102021.10/bin/../lib/gcc/arm-none-eabi/10.3.1/../../../../arm-none-eabi/lib/thumb/v7-m/nofp\libc.a(lib_a-mprec.o)
                0x08006e44                __multiply
 .text.__pow5mult
                0x08006fa0       0xb8 f:/clion_to_keil/gcc/102021.10/bin/../lib/gcc/arm-none-eabi/10.3.1/../../../../arm-none-eabi/lib/thumb/v7-m/nofp\libc.a(lib_a-mprec.o)
                0x08006fa0                __pow5mult
 .text.__lshift
                0x08007058       0xec f:/clion_to_keil/gcc/102021.10/bin/../lib/gcc/arm-none-eabi/10.3.1/../../../../arm-none-eabi/lib/thumb/v7-m/nofp\libc.a(lib_a-mprec.o)
                0x08007058                __lshift
 .text.__mcmp   0x08007144       0x40 f:/clion_to_keil/gcc/102021.10/bin/../lib/gcc/arm-none-eabi/10.3.1/../../../../arm-none-eabi/lib/thumb/v7-m/nofp\libc.a(lib_a-mprec.o)
                0x08007144                __mcmp
 .text.__mdiff  0x08007184      0x14c f:/clion_to_keil/gcc/102021.10/bin/../lib/gcc/arm-none-eabi/10.3.1/../../../../arm-none-eabi/lib/thumb/v7-m/nofp\libc.a(lib_a-mprec.o)
                0x08007184                __mdiff
 .text.__d2b    0x080072d0       0xc4 f:/clion_to_keil/gcc/102021.10/bin/../lib/gcc/arm-none-eabi/10.3.1/../../../../arm-none-eabi/lib/thumb/v7-m/nofp\libc.a(lib_a-mprec.o)
                0x080072d0                __d2b
 .text.frexp    0x08007394       0x70 f:/clion_to_keil/gcc/102021.10/bin/../lib/gcc/arm-none-eabi/10.3.1/../../../../arm-none-eabi/lib/thumb/v7-m/nofp\libc.a(lib_a-s_frexp.o)
                0x08007394                frexp
 .text._sbrk_r  0x08007404       0x24 f:/clion_to_keil/gcc/102021.10/bin/../lib/gcc/arm-none-eabi/10.3.1/../../../../arm-none-eabi/lib/thumb/v7-m/nofp\libc.a(lib_a-sbrkr.o)
                0x08007404                _sbrk_r
 .text.strlen   0x08007428       0x5c f:/clion_to_keil/gcc/102021.10/bin/../lib/gcc/arm-none-eabi/10.3.1/../../../../arm-none-eabi/lib/thumb/v7-m/nofp\libc.a(lib_a-strlen-stub.o)
                0x08007428                strlen
 .text.strncpy  0x08007484       0x68 f:/clion_to_keil/gcc/102021.10/bin/../lib/gcc/arm-none-eabi/10.3.1/../../../../arm-none-eabi/lib/thumb/v7-m/nofp\libc.a(lib_a-strncpy.o)
                0x08007484                strncpy
 .text.__ssprint_r
                0x080074ec       0xfc f:/clion_to_keil/gcc/102021.10/bin/../lib/gcc/arm-none-eabi/10.3.1/../../../../arm-none-eabi/lib/thumb/v7-m/nofp\libc.a(lib_a-svfiprintf.o)
                0x080074ec                __ssprint_r
 .text.__assert_func
                0x080075e8       0x40 f:/clion_to_keil/gcc/102021.10/bin/../lib/gcc/arm-none-eabi/10.3.1/../../../../arm-none-eabi/lib/thumb/v7-m/nofp\libc.a(lib_a-assert.o)
                0x080075e8                __assert_func
 .text._calloc_r
                0x08007628       0x78 f:/clion_to_keil/gcc/102021.10/bin/../lib/gcc/arm-none-eabi/10.3.1/../../../../arm-none-eabi/lib/thumb/v7-m/nofp\libc.a(lib_a-callocr.o)
                0x08007628                _calloc_r
 .text.fiprintf
                0x080076a0       0x28 f:/clion_to_keil/gcc/102021.10/bin/../lib/gcc/arm-none-eabi/10.3.1/../../../../arm-none-eabi/lib/thumb/v7-m/nofp\libc.a(lib_a-fiprintf.o)
                0x080076a0                fiprintf
 .text.__locale_mb_cur_max
                0x080076c8        0xc f:/clion_to_keil/gcc/102021.10/bin/../lib/gcc/arm-none-eabi/10.3.1/../../../../arm-none-eabi/lib/thumb/v7-m/nofp\libc.a(lib_a-locale.o)
                0x080076c8                __locale_mb_cur_max
 .text.__ascii_mbtowc
                0x080076d4       0x2c f:/clion_to_keil/gcc/102021.10/bin/../lib/gcc/arm-none-eabi/10.3.1/../../../../arm-none-eabi/lib/thumb/v7-m/nofp\libc.a(lib_a-mbtowc_r.o)
                0x080076d4                __ascii_mbtowc
 .text.memmove  0x08007700       0xf8 f:/clion_to_keil/gcc/102021.10/bin/../lib/gcc/arm-none-eabi/10.3.1/../../../../arm-none-eabi/lib/thumb/v7-m/nofp\libc.a(lib_a-memmove.o)
                0x08007700                memmove
 .text._realloc_r
                0x080077f8      0x3dc f:/clion_to_keil/gcc/102021.10/bin/../lib/gcc/arm-none-eabi/10.3.1/../../../../arm-none-eabi/lib/thumb/v7-m/nofp\libc.a(lib_a-reallocr.o)
                0x080077f8                _realloc_r
 .text.__sprint_r.part.0
                0x08007bd4       0x78 f:/clion_to_keil/gcc/102021.10/bin/../lib/gcc/arm-none-eabi/10.3.1/../../../../arm-none-eabi/lib/thumb/v7-m/nofp\libc.a(lib_a-vfiprintf.o)
 .text._vfiprintf_r
                0x08007c4c      0xd98 f:/clion_to_keil/gcc/102021.10/bin/../lib/gcc/arm-none-eabi/10.3.1/../../../../arm-none-eabi/lib/thumb/v7-m/nofp\libc.a(lib_a-vfiprintf.o)
                0x08007c4c                _vfiprintf_r
 .text.__sbprintf
                0x080089e4       0x84 f:/clion_to_keil/gcc/102021.10/bin/../lib/gcc/arm-none-eabi/10.3.1/../../../../arm-none-eabi/lib/thumb/v7-m/nofp\libc.a(lib_a-vfiprintf.o)
 .text.__ascii_wctomb
                0x08008a68       0x1c f:/clion_to_keil/gcc/102021.10/bin/../lib/gcc/arm-none-eabi/10.3.1/../../../../arm-none-eabi/lib/thumb/v7-m/nofp\libc.a(lib_a-wctomb_r.o)
                0x08008a68                __ascii_wctomb
 .text.__swsetup_r
                0x08008a84       0xd4 f:/clion_to_keil/gcc/102021.10/bin/../lib/gcc/arm-none-eabi/10.3.1/../../../../arm-none-eabi/lib/thumb/v7-m/nofp\libc.a(lib_a-wsetup.o)
                0x08008a84                __swsetup_r
 .text.abort    0x08008b58       0x10 f:/clion_to_keil/gcc/102021.10/bin/../lib/gcc/arm-none-eabi/10.3.1/../../../../arm-none-eabi/lib/thumb/v7-m/nofp\libc.a(lib_a-abort.o)
                0x08008b58                abort
 .text.__sflush_r
                0x08008b68      0x124 f:/clion_to_keil/gcc/102021.10/bin/../lib/gcc/arm-none-eabi/10.3.1/../../../../arm-none-eabi/lib/thumb/v7-m/nofp\libc.a(lib_a-fflush.o)
                0x08008b68                __sflush_r
 .text._fflush_r
                0x08008c8c       0x5c f:/clion_to_keil/gcc/102021.10/bin/../lib/gcc/arm-none-eabi/10.3.1/../../../../arm-none-eabi/lib/thumb/v7-m/nofp\libc.a(lib_a-fflush.o)
                0x08008c8c                _fflush_r
 .text._cleanup_r
                0x08008ce8        0xc f:/clion_to_keil/gcc/102021.10/bin/../lib/gcc/arm-none-eabi/10.3.1/../../../../arm-none-eabi/lib/thumb/v7-m/nofp\libc.a(lib_a-findfp.o)
                0x08008ce8                _cleanup_r
 .text.__sinit  0x08008cf4      0x10c f:/clion_to_keil/gcc/102021.10/bin/../lib/gcc/arm-none-eabi/10.3.1/../../../../arm-none-eabi/lib/thumb/v7-m/nofp\libc.a(lib_a-findfp.o)
                0x08008cf4                __sinit
 .text.__sfp_lock_acquire
                0x08008e00        0xc f:/clion_to_keil/gcc/102021.10/bin/../lib/gcc/arm-none-eabi/10.3.1/../../../../arm-none-eabi/lib/thumb/v7-m/nofp\libc.a(lib_a-findfp.o)
                0x08008e00                __sfp_lock_acquire
 .text.__sfp_lock_release
                0x08008e0c        0xc f:/clion_to_keil/gcc/102021.10/bin/../lib/gcc/arm-none-eabi/10.3.1/../../../../arm-none-eabi/lib/thumb/v7-m/nofp\libc.a(lib_a-findfp.o)
                0x08008e0c                __sfp_lock_release
 .text.__fputwc
                0x08008e18       0xa0 f:/clion_to_keil/gcc/102021.10/bin/../lib/gcc/arm-none-eabi/10.3.1/../../../../arm-none-eabi/lib/thumb/v7-m/nofp\libc.a(lib_a-fputwc.o)
                0x08008e18                __fputwc
 .text._fputwc_r
                0x08008eb8       0x68 f:/clion_to_keil/gcc/102021.10/bin/../lib/gcc/arm-none-eabi/10.3.1/../../../../arm-none-eabi/lib/thumb/v7-m/nofp\libc.a(lib_a-fputwc.o)
                0x08008eb8                _fputwc_r
 .text.__sfvwrite_r
                0x08008f20      0x2f0 f:/clion_to_keil/gcc/102021.10/bin/../lib/gcc/arm-none-eabi/10.3.1/../../../../arm-none-eabi/lib/thumb/v7-m/nofp\libc.a(lib_a-fvwrite.o)
                0x08008f20                __sfvwrite_r
 .text._fwalk_reent
                0x08009210       0x48 f:/clion_to_keil/gcc/102021.10/bin/../lib/gcc/arm-none-eabi/10.3.1/../../../../arm-none-eabi/lib/thumb/v7-m/nofp\libc.a(lib_a-fwalk.o)
                0x08009210                _fwalk_reent
 .text.__smakebuf_r
                0x08009258       0xe0 f:/clion_to_keil/gcc/102021.10/bin/../lib/gcc/arm-none-eabi/10.3.1/../../../../arm-none-eabi/lib/thumb/v7-m/nofp\libc.a(lib_a-makebuf.o)
                0x08009258                __smakebuf_r
 .text.raise    0x08009338       0x5c f:/clion_to_keil/gcc/102021.10/bin/../lib/gcc/arm-none-eabi/10.3.1/../../../../arm-none-eabi/lib/thumb/v7-m/nofp\libc.a(lib_a-signal.o)
                0x08009338                raise
 .text._kill_r  0x08009394       0x28 f:/clion_to_keil/gcc/102021.10/bin/../lib/gcc/arm-none-eabi/10.3.1/../../../../arm-none-eabi/lib/thumb/v7-m/nofp\libc.a(lib_a-signalr.o)
                0x08009394                _kill_r
 .text._getpid_r
                0x080093bc        0x4 f:/clion_to_keil/gcc/102021.10/bin/../lib/gcc/arm-none-eabi/10.3.1/../../../../arm-none-eabi/lib/thumb/v7-m/nofp\libc.a(lib_a-signalr.o)
                0x080093bc                _getpid_r
 .text.__sread  0x080093c0       0x24 f:/clion_to_keil/gcc/102021.10/bin/../lib/gcc/arm-none-eabi/10.3.1/../../../../arm-none-eabi/lib/thumb/v7-m/nofp\libc.a(lib_a-stdio.o)
                0x080093c0                __sread
 .text.__swrite
                0x080093e4       0x40 f:/clion_to_keil/gcc/102021.10/bin/../lib/gcc/arm-none-eabi/10.3.1/../../../../arm-none-eabi/lib/thumb/v7-m/nofp\libc.a(lib_a-stdio.o)
                0x080093e4                __swrite
 .text.__sseek  0x08009424       0x20 f:/clion_to_keil/gcc/102021.10/bin/../lib/gcc/arm-none-eabi/10.3.1/../../../../arm-none-eabi/lib/thumb/v7-m/nofp\libc.a(lib_a-stdio.o)
                0x08009424                __sseek
 .text.__sclose
                0x08009444        0x8 f:/clion_to_keil/gcc/102021.10/bin/../lib/gcc/arm-none-eabi/10.3.1/../../../../arm-none-eabi/lib/thumb/v7-m/nofp\libc.a(lib_a-stdio.o)
                0x08009444                __sclose
 .text.__swbuf_r
                0x0800944c       0xb0 f:/clion_to_keil/gcc/102021.10/bin/../lib/gcc/arm-none-eabi/10.3.1/../../../../arm-none-eabi/lib/thumb/v7-m/nofp\libc.a(lib_a-wbuf.o)
                0x0800944c                __swbuf_r
 .text._wcrtomb_r
                0x080094fc       0x3c f:/clion_to_keil/gcc/102021.10/bin/../lib/gcc/arm-none-eabi/10.3.1/../../../../arm-none-eabi/lib/thumb/v7-m/nofp\libc.a(lib_a-wcrtomb.o)
                0x080094fc                _wcrtomb_r
 .text._write_r
                0x08009538       0x2c f:/clion_to_keil/gcc/102021.10/bin/../lib/gcc/arm-none-eabi/10.3.1/../../../../arm-none-eabi/lib/thumb/v7-m/nofp\libc.a(lib_a-writer.o)
                0x08009538                _write_r
 .text._close_r
                0x08009564       0x24 f:/clion_to_keil/gcc/102021.10/bin/../lib/gcc/arm-none-eabi/10.3.1/../../../../arm-none-eabi/lib/thumb/v7-m/nofp\libc.a(lib_a-closer.o)
                0x08009564                _close_r
 .text._fclose_r
                0x08009588       0xcc f:/clion_to_keil/gcc/102021.10/bin/../lib/gcc/arm-none-eabi/10.3.1/../../../../arm-none-eabi/lib/thumb/v7-m/nofp\libc.a(lib_a-fclose.o)
                0x08009588                _fclose_r
 .text._fstat_r
                0x08009654       0x28 f:/clion_to_keil/gcc/102021.10/bin/../lib/gcc/arm-none-eabi/10.3.1/../../../../arm-none-eabi/lib/thumb/v7-m/nofp\libc.a(lib_a-fstatr.o)
                0x08009654                _fstat_r
 .text._isatty_r
                0x0800967c       0x24 f:/clion_to_keil/gcc/102021.10/bin/../lib/gcc/arm-none-eabi/10.3.1/../../../../arm-none-eabi/lib/thumb/v7-m/nofp\libc.a(lib_a-isattyr.o)
                0x0800967c                _isatty_r
 .text._lseek_r
                0x080096a0       0x2c f:/clion_to_keil/gcc/102021.10/bin/../lib/gcc/arm-none-eabi/10.3.1/../../../../arm-none-eabi/lib/thumb/v7-m/nofp\libc.a(lib_a-lseekr.o)
                0x080096a0                _lseek_r
 .text._read_r  0x080096cc       0x2c f:/clion_to_keil/gcc/102021.10/bin/../lib/gcc/arm-none-eabi/10.3.1/../../../../arm-none-eabi/lib/thumb/v7-m/nofp\libc.a(lib_a-readr.o)
                0x080096cc                _read_r
 .text.round    0x080096f8       0x98 f:/clion_to_keil/gcc/102021.10/bin/../lib/gcc/arm-none-eabi/10.3.1/../../../../arm-none-eabi/lib/thumb/v7-m/nofp\libm.a(lib_a-s_round.o)
                0x080096f8                round
 .text.atan2    0x08009790        0x4 f:/clion_to_keil/gcc/102021.10/bin/../lib/gcc/arm-none-eabi/10.3.1/../../../../arm-none-eabi/lib/thumb/v7-m/nofp\libm.a(lib_a-w_atan2.o)
                0x08009790                atan2
 *fill*         0x08009794        0x4 
 .text.__ieee754_atan2
                0x08009798      0x194 f:/clion_to_keil/gcc/102021.10/bin/../lib/gcc/arm-none-eabi/10.3.1/../../../../arm-none-eabi/lib/thumb/v7-m/nofp\libm.a(lib_a-e_atan2.o)
                0x08009798                __ieee754_atan2
 *fill*         0x0800992c        0x4 
 .text.atan     0x08009930      0x31c f:/clion_to_keil/gcc/102021.10/bin/../lib/gcc/arm-none-eabi/10.3.1/../../../../arm-none-eabi/lib/thumb/v7-m/nofp\libm.a(lib_a-s_atan.o)
                0x08009930                atan
 .text.fabs     0x08009c4c        0x8 f:/clion_to_keil/gcc/102021.10/bin/../lib/gcc/arm-none-eabi/10.3.1/../../../../arm-none-eabi/lib/thumb/v7-m/nofp\libm.a(lib_a-s_fabs.o)
                0x08009c4c                fabs
 *(.glue_7)
 .glue_7        0x08009c54        0x0 linker stubs
 *(.glue_7t)
 .glue_7t       0x08009c54        0x0 linker stubs
 *(.eh_frame)
 .eh_frame      0x08009c54        0x0 f:/clion_to_keil/gcc/102021.10/bin/../lib/gcc/arm-none-eabi/10.3.1/thumb/v7-m/nofp/crtbegin.o
 *(.init)
 .init          0x08009c54        0x4 f:/clion_to_keil/gcc/102021.10/bin/../lib/gcc/arm-none-eabi/10.3.1/thumb/v7-m/nofp/crti.o
                0x08009c54                _init
 .init          0x08009c58        0x8 f:/clion_to_keil/gcc/102021.10/bin/../lib/gcc/arm-none-eabi/10.3.1/thumb/v7-m/nofp/crtn.o
 *(.fini)
 .fini          0x08009c60        0x4 f:/clion_to_keil/gcc/102021.10/bin/../lib/gcc/arm-none-eabi/10.3.1/thumb/v7-m/nofp/crti.o
                0x08009c60                _fini
 .fini          0x08009c64        0x8 f:/clion_to_keil/gcc/102021.10/bin/../lib/gcc/arm-none-eabi/10.3.1/thumb/v7-m/nofp/crtn.o
                0x08009c6c                . = ALIGN (0x4)
                0x08009c6c                _etext = .

.vfp11_veneer   0x08009c6c        0x0
 .vfp11_veneer  0x08009c6c        0x0 linker stubs

.v4_bx          0x08009c6c        0x0
 .v4_bx         0x08009c6c        0x0 linker stubs

.iplt           0x08009c6c        0x0
 .iplt          0x08009c6c        0x0 f:/clion_to_keil/gcc/102021.10/bin/../lib/gcc/arm-none-eabi/10.3.1/thumb/v7-m/nofp/crtbegin.o

.rodata         0x08009c70      0xe20
                0x08009c70                . = ALIGN (0x4)
 *(.rodata)
 *(.rodata*)
 .rodata.Diode  0x08009c70       0x20 CMakeFiles/STM32F103C6.elf.dir/Core/Src/OLED_Data.c.obj
                0x08009c70                Diode
 .rodata.OLED_CF16x16
                0x08009c90       0xfc CMakeFiles/STM32F103C6.elf.dir/Core/Src/OLED_Data.c.obj
                0x08009c90                OLED_CF16x16
 .rodata.OLED_F6x8
                0x08009d8c      0x23a CMakeFiles/STM32F103C6.elf.dir/Core/Src/OLED_Data.c.obj
                0x08009d8c                OLED_F6x8
 .rodata.OLED_F8x16
                0x08009fc6      0x5f0 CMakeFiles/STM32F103C6.elf.dir/Core/Src/OLED_Data.c.obj
                0x08009fc6                OLED_F8x16
 .rodata.main.str1.1
                0x0800a5b6       0x40 CMakeFiles/STM32F103C6.elf.dir/Core/Src/main.c.obj
 .rodata.AHBPrescTable
                0x0800a5f6       0x10 CMakeFiles/STM32F103C6.elf.dir/Core/Src/system_stm32f1xx.c.obj
                0x0800a5f6                AHBPrescTable
 .rodata.APBPrescTable
                0x0800a606        0x8 CMakeFiles/STM32F103C6.elf.dir/Core/Src/system_stm32f1xx.c.obj
                0x0800a606                APBPrescTable
 .rodata.aPLLMULFactorTable.1
                0x0800a60e       0x10 CMakeFiles/STM32F103C6.elf.dir/Drivers/STM32F1xx_HAL_Driver/Src/stm32f1xx_hal_rcc.c.obj
 .rodata.aPredivFactorTable.0
                0x0800a61e        0x2 CMakeFiles/STM32F103C6.elf.dir/Drivers/STM32F1xx_HAL_Driver/Src/stm32f1xx_hal_rcc.c.obj
 .rodata._global_impure_ptr
                0x0800a620        0x4 f:/clion_to_keil/gcc/102021.10/bin/../lib/gcc/arm-none-eabi/10.3.1/../../../../arm-none-eabi/lib/thumb/v7-m/nofp\libc.a(lib_a-impure.o)
                0x0800a620                _global_impure_ptr
 .rodata._svfprintf_r.str1.4
                0x0800a624       0x42 f:/clion_to_keil/gcc/102021.10/bin/../lib/gcc/arm-none-eabi/10.3.1/../../../../arm-none-eabi/lib/thumb/v7-m/nofp\libc.a(lib_a-svfprintf.o)
 *fill*         0x0800a666        0x2 
 .rodata.blanks.1
                0x0800a668       0x10 f:/clion_to_keil/gcc/102021.10/bin/../lib/gcc/arm-none-eabi/10.3.1/../../../../arm-none-eabi/lib/thumb/v7-m/nofp\libc.a(lib_a-svfprintf.o)
 .rodata.zeroes.0
                0x0800a678       0x10 f:/clion_to_keil/gcc/102021.10/bin/../lib/gcc/arm-none-eabi/10.3.1/../../../../arm-none-eabi/lib/thumb/v7-m/nofp\libc.a(lib_a-svfprintf.o)
 .rodata._dtoa_r.str1.4
                0x0800a688       0xa2 f:/clion_to_keil/gcc/102021.10/bin/../lib/gcc/arm-none-eabi/10.3.1/../../../../arm-none-eabi/lib/thumb/v7-m/nofp\libc.a(lib_a-dtoa.o)
                                 0xa6 (size before relaxing)
 *fill*         0x0800a72a        0x2 
 .rodata.__multadd.str1.4
                0x0800a72c       0x7f f:/clion_to_keil/gcc/102021.10/bin/../lib/gcc/arm-none-eabi/10.3.1/../../../../arm-none-eabi/lib/thumb/v7-m/nofp\libc.a(lib_a-mprec.o)
                                 0x93 (size before relaxing)
 *fill*         0x0800a7ab        0x5 
 .rodata.__mprec_bigtens
                0x0800a7b0       0x28 f:/clion_to_keil/gcc/102021.10/bin/../lib/gcc/arm-none-eabi/10.3.1/../../../../arm-none-eabi/lib/thumb/v7-m/nofp\libc.a(lib_a-mprec.o)
                0x0800a7b0                __mprec_bigtens
 .rodata.__mprec_tens
                0x0800a7d8       0xc8 f:/clion_to_keil/gcc/102021.10/bin/../lib/gcc/arm-none-eabi/10.3.1/../../../../arm-none-eabi/lib/thumb/v7-m/nofp\libc.a(lib_a-mprec.o)
                0x0800a7d8                __mprec_tens
 .rodata.p05.0  0x0800a8a0        0xc f:/clion_to_keil/gcc/102021.10/bin/../lib/gcc/arm-none-eabi/10.3.1/../../../../arm-none-eabi/lib/thumb/v7-m/nofp\libc.a(lib_a-mprec.o)
 .rodata.__assert_func.str1.4
                0x0800a8ac       0x3f f:/clion_to_keil/gcc/102021.10/bin/../lib/gcc/arm-none-eabi/10.3.1/../../../../arm-none-eabi/lib/thumb/v7-m/nofp\libc.a(lib_a-assert.o)
                                 0x43 (size before relaxing)
 *fill*         0x0800a8eb        0x1 
 .rodata._setlocale_r.str1.4
                0x0800a8ec        0xa f:/clion_to_keil/gcc/102021.10/bin/../lib/gcc/arm-none-eabi/10.3.1/../../../../arm-none-eabi/lib/thumb/v7-m/nofp\libc.a(lib_a-locale.o)
                                  0xd (size before relaxing)
 *fill*         0x0800a8f6        0x2 
 .rodata.str1.4
                0x0800a8f8        0x2 f:/clion_to_keil/gcc/102021.10/bin/../lib/gcc/arm-none-eabi/10.3.1/../../../../arm-none-eabi/lib/thumb/v7-m/nofp\libc.a(lib_a-locale.o)
 .rodata._vfiprintf_r.str1.4
                0x0800a8fa       0x2f f:/clion_to_keil/gcc/102021.10/bin/../lib/gcc/arm-none-eabi/10.3.1/../../../../arm-none-eabi/lib/thumb/v7-m/nofp\libc.a(lib_a-vfiprintf.o)
 *fill*         0x0800a8fa        0x2 
 .rodata.blanks.1
                0x0800a8fc       0x10 f:/clion_to_keil/gcc/102021.10/bin/../lib/gcc/arm-none-eabi/10.3.1/../../../../arm-none-eabi/lib/thumb/v7-m/nofp\libc.a(lib_a-vfiprintf.o)
 .rodata.zeroes.0
                0x0800a90c       0x10 f:/clion_to_keil/gcc/102021.10/bin/../lib/gcc/arm-none-eabi/10.3.1/../../../../arm-none-eabi/lib/thumb/v7-m/nofp\libc.a(lib_a-vfiprintf.o)
 .rodata._ctype_
                0x0800a91c      0x101 f:/clion_to_keil/gcc/102021.10/bin/../lib/gcc/arm-none-eabi/10.3.1/../../../../arm-none-eabi/lib/thumb/v7-m/nofp\libc.a(lib_a-ctype_.o)
                0x0800a91c                _ctype_
 *fill*         0x0800aa1d        0x3 
 .rodata.CSWTCH.8
                0x0800aa20       0x18 f:/clion_to_keil/gcc/102021.10/bin/../lib/gcc/arm-none-eabi/10.3.1/../../../../arm-none-eabi/lib/thumb/v7-m/nofp\libm.a(lib_a-e_atan2.o)
 .rodata.CSWTCH.9
                0x0800aa38       0x18 f:/clion_to_keil/gcc/102021.10/bin/../lib/gcc/arm-none-eabi/10.3.1/../../../../arm-none-eabi/lib/thumb/v7-m/nofp\libm.a(lib_a-e_atan2.o)
 .rodata.atanhi
                0x0800aa50       0x20 f:/clion_to_keil/gcc/102021.10/bin/../lib/gcc/arm-none-eabi/10.3.1/../../../../arm-none-eabi/lib/thumb/v7-m/nofp\libm.a(lib_a-s_atan.o)
 .rodata.atanlo
                0x0800aa70       0x20 f:/clion_to_keil/gcc/102021.10/bin/../lib/gcc/arm-none-eabi/10.3.1/../../../../arm-none-eabi/lib/thumb/v7-m/nofp\libm.a(lib_a-s_atan.o)
                0x0800aa90                . = ALIGN (0x4)

.ARM.extab      0x0800aa90        0x0
                0x0800aa90                . = ALIGN (0x4)
 *(.ARM.extab* .gnu.linkonce.armextab.*)
                0x0800aa90                . = ALIGN (0x4)

.ARM            0x0800aa90        0x8
                0x0800aa90                . = ALIGN (0x4)
                0x0800aa90                __exidx_start = .
 *(.ARM.exidx*)
 .ARM.exidx     0x0800aa90        0x8 f:/clion_to_keil/gcc/102021.10/bin/../lib/gcc/arm-none-eabi/10.3.1/thumb/v7-m/nofp\libgcc.a(_udivmoddi4.o)
                0x0800aa98                __exidx_end = .
                0x0800aa98                . = ALIGN (0x4)

.rel.dyn        0x0800aa98        0x0
 .rel.iplt      0x0800aa98        0x0 f:/clion_to_keil/gcc/102021.10/bin/../lib/gcc/arm-none-eabi/10.3.1/thumb/v7-m/nofp/crtbegin.o

.preinit_array  0x0800aa98        0x0
                0x0800aa98                . = ALIGN (0x4)
                0x0800aa98                PROVIDE (__preinit_array_start = .)
 *(.preinit_array*)
                0x0800aa98                PROVIDE (__preinit_array_end = .)
                0x0800aa98                . = ALIGN (0x4)

.init_array     0x0800aa98        0x8
                0x0800aa98                . = ALIGN (0x4)
                0x0800aa98                PROVIDE (__init_array_start = .)
 *(SORT_BY_NAME(.init_array.*))
 .init_array.00000
                0x0800aa98        0x4 f:/clion_to_keil/gcc/102021.10/bin/../lib/gcc/arm-none-eabi/10.3.1/../../../../arm-none-eabi/lib/thumb/v7-m/nofp\libc.a(lib_a-__call_atexit.o)
 *(.init_array*)
 .init_array    0x0800aa9c        0x4 f:/clion_to_keil/gcc/102021.10/bin/../lib/gcc/arm-none-eabi/10.3.1/thumb/v7-m/nofp/crtbegin.o
                0x0800aaa0                PROVIDE (__init_array_end = .)
                0x0800aaa0                . = ALIGN (0x4)

.fini_array     0x0800aaa0        0x4
                0x0800aaa0                . = ALIGN (0x4)
                0x0800aaa0                PROVIDE (__fini_array_start = .)
 *(SORT_BY_NAME(.fini_array.*))
 *(.fini_array*)
 .fini_array    0x0800aaa0        0x4 f:/clion_to_keil/gcc/102021.10/bin/../lib/gcc/arm-none-eabi/10.3.1/thumb/v7-m/nofp/crtbegin.o
                0x0800aaa4                PROVIDE (__fini_array_end = .)
                0x0800aaa4                . = ALIGN (0x4)
                0x0800aaa4                _sidata = LOADADDR (.data)

.data           0x20000000      0x9c0 load address 0x0800aaa4
                0x20000000                . = ALIGN (0x4)
                0x20000000                _sdata = .
 *(.data)
 *(.data*)
 .data.speed_of_wheels
                0x20000000        0x4 CMakeFiles/STM32F103C6.elf.dir/Core/Src/main.c.obj
                0x20000000                speed_of_wheels
 .data.SystemCoreClock
                0x20000004        0x4 CMakeFiles/STM32F103C6.elf.dir/Core/Src/system_stm32f1xx.c.obj
                0x20000004                SystemCoreClock
 .data.uwTickFreq
                0x20000008        0x1 CMakeFiles/STM32F103C6.elf.dir/Drivers/STM32F1xx_HAL_Driver/Src/stm32f1xx_hal.c.obj
                0x20000008                uwTickFreq
 *fill*         0x20000009        0x3 
 .data.uwTickPrio
                0x2000000c        0x4 CMakeFiles/STM32F103C6.elf.dir/Drivers/STM32F1xx_HAL_Driver/Src/stm32f1xx_hal.c.obj
                0x2000000c                uwTickPrio
 .data._impure_ptr
                0x20000010        0x4 f:/clion_to_keil/gcc/102021.10/bin/../lib/gcc/arm-none-eabi/10.3.1/../../../../arm-none-eabi/lib/thumb/v7-m/nofp\libc.a(lib_a-impure.o)
                0x20000010                _impure_ptr
 *fill*         0x20000014        0x4 
 .data.impure_data
                0x20000018      0x428 f:/clion_to_keil/gcc/102021.10/bin/../lib/gcc/arm-none-eabi/10.3.1/../../../../arm-none-eabi/lib/thumb/v7-m/nofp\libc.a(lib_a-impure.o)
 .data.__atexit_recursive_mutex
                0x20000440        0x4 f:/clion_to_keil/gcc/102021.10/bin/../lib/gcc/arm-none-eabi/10.3.1/../../../../arm-none-eabi/lib/thumb/v7-m/nofp\libc.a(lib_a-__call_atexit.o)
                0x20000440                __atexit_recursive_mutex
 .data.__malloc_av_
                0x20000444      0x408 f:/clion_to_keil/gcc/102021.10/bin/../lib/gcc/arm-none-eabi/10.3.1/../../../../arm-none-eabi/lib/thumb/v7-m/nofp\libc.a(lib_a-mallocr.o)
                0x20000444                __malloc_av_
 .data.__malloc_sbrk_base
                0x2000084c        0x4 f:/clion_to_keil/gcc/102021.10/bin/../lib/gcc/arm-none-eabi/10.3.1/../../../../arm-none-eabi/lib/thumb/v7-m/nofp\libc.a(lib_a-mallocr.o)
                0x2000084c                __malloc_sbrk_base
 .data.__malloc_trim_threshold
                0x20000850        0x4 f:/clion_to_keil/gcc/102021.10/bin/../lib/gcc/arm-none-eabi/10.3.1/../../../../arm-none-eabi/lib/thumb/v7-m/nofp\libc.a(lib_a-mallocr.o)
                0x20000850                __malloc_trim_threshold
 .data.__global_locale
                0x20000854      0x16c f:/clion_to_keil/gcc/102021.10/bin/../lib/gcc/arm-none-eabi/10.3.1/../../../../arm-none-eabi/lib/thumb/v7-m/nofp\libc.a(lib_a-locale.o)
                0x20000854                __global_locale
 *(.RamFunc)
 *(.RamFunc*)
                0x200009c0                . = ALIGN (0x4)
                0x200009c0                _edata = .

.igot.plt       0x200009c0        0x0 load address 0x0800b464
 .igot.plt      0x200009c0        0x0 f:/clion_to_keil/gcc/102021.10/bin/../lib/gcc/arm-none-eabi/10.3.1/thumb/v7-m/nofp/crtbegin.o
                0x200009c0                . = ALIGN (0x4)

.bss            0x200009c0      0x4c0 load address 0x0800b464
                0x200009c0                _sbss = .
                0x200009c0                __bss_start__ = _sbss
 *(.bss)
 .bss           0x200009c0       0x1c f:/clion_to_keil/gcc/102021.10/bin/../lib/gcc/arm-none-eabi/10.3.1/thumb/v7-m/nofp/crtbegin.o
 *(.bss*)
 .bss.OLED_DisplayBuf
                0x200009dc      0x400 CMakeFiles/STM32F103C6.elf.dir/Core/Src/OLED.c.obj
                0x200009dc                OLED_DisplayBuf
 .bss.hi2c1     0x20000ddc       0x54 CMakeFiles/STM32F103C6.elf.dir/Core/Src/main.c.obj
                0x20000ddc                hi2c1
 .bss.__sbrk_heap_end
                0x20000e30        0x4 CMakeFiles/STM32F103C6.elf.dir/Core/Src/sysmem.c.obj
 .bss.uwTick    0x20000e34        0x4 CMakeFiles/STM32F103C6.elf.dir/Drivers/STM32F1xx_HAL_Driver/Src/stm32f1xx_hal.c.obj
                0x20000e34                uwTick
 .bss.__lock___atexit_recursive_mutex
                0x20000e38        0x1 f:/clion_to_keil/gcc/102021.10/bin/../lib/gcc/arm-none-eabi/10.3.1/../../../../arm-none-eabi/lib/thumb/v7-m/nofp\libc.a(lib_a-lock.o)
                0x20000e38                __lock___atexit_recursive_mutex
 *fill*         0x20000e39        0x3 
 .bss.__lock___malloc_recursive_mutex
                0x20000e3c        0x1 f:/clion_to_keil/gcc/102021.10/bin/../lib/gcc/arm-none-eabi/10.3.1/../../../../arm-none-eabi/lib/thumb/v7-m/nofp\libc.a(lib_a-lock.o)
                0x20000e3c                __lock___malloc_recursive_mutex
 *fill*         0x20000e3d        0x3 
 .bss.__lock___sfp_recursive_mutex
                0x20000e40        0x1 f:/clion_to_keil/gcc/102021.10/bin/../lib/gcc/arm-none-eabi/10.3.1/../../../../arm-none-eabi/lib/thumb/v7-m/nofp\libc.a(lib_a-lock.o)
                0x20000e40                __lock___sfp_recursive_mutex
 *fill*         0x20000e41        0x3 
 .bss.__lock___sinit_recursive_mutex
                0x20000e44        0x1 f:/clion_to_keil/gcc/102021.10/bin/../lib/gcc/arm-none-eabi/10.3.1/../../../../arm-none-eabi/lib/thumb/v7-m/nofp\libc.a(lib_a-lock.o)
                0x20000e44                __lock___sinit_recursive_mutex
 *fill*         0x20000e45        0x3 
 .bss.__malloc_current_mallinfo
                0x20000e48       0x28 f:/clion_to_keil/gcc/102021.10/bin/../lib/gcc/arm-none-eabi/10.3.1/../../../../arm-none-eabi/lib/thumb/v7-m/nofp\libc.a(lib_a-mallocr.o)
                0x20000e48                __malloc_current_mallinfo
 .bss.__malloc_max_sbrked_mem
                0x20000e70        0x4 f:/clion_to_keil/gcc/102021.10/bin/../lib/gcc/arm-none-eabi/10.3.1/../../../../arm-none-eabi/lib/thumb/v7-m/nofp\libc.a(lib_a-mallocr.o)
                0x20000e70                __malloc_max_sbrked_mem
 .bss.__malloc_max_total_mem
                0x20000e74        0x4 f:/clion_to_keil/gcc/102021.10/bin/../lib/gcc/arm-none-eabi/10.3.1/../../../../arm-none-eabi/lib/thumb/v7-m/nofp\libc.a(lib_a-mallocr.o)
                0x20000e74                __malloc_max_total_mem
 .bss.__malloc_top_pad
                0x20000e78        0x4 f:/clion_to_keil/gcc/102021.10/bin/../lib/gcc/arm-none-eabi/10.3.1/../../../../arm-none-eabi/lib/thumb/v7-m/nofp\libc.a(lib_a-mallocr.o)
                0x20000e78                __malloc_top_pad
 .bss.errno     0x20000e7c        0x4 f:/clion_to_keil/gcc/102021.10/bin/../lib/gcc/arm-none-eabi/10.3.1/../../../../arm-none-eabi/lib/thumb/v7-m/nofp\libc.a(lib_a-reent.o)
                0x20000e7c                errno
 *(COMMON)
                0x20000e80                . = ALIGN (0x4)
                0x20000e80                _ebss = .
                0x20000e80                __bss_end__ = _ebss

._user_heap_stack
                0x20000e80      0x600 load address 0x0800b464
                0x20000e80                . = ALIGN (0x8)
                [!provide]                PROVIDE (end = .)
                0x20000e80                PROVIDE (_end = .)
                0x20001080                . = (. + _Min_Heap_Size)
 *fill*         0x20000e80      0x200 
                0x20001480                . = (. + _Min_Stack_Size)
 *fill*         0x20001080      0x400 
                0x20001480                . = ALIGN (0x8)

/DISCARD/
 libc.a(*)
 libm.a(*)
 libgcc.a(*)

.ARM.attributes
                0x00000000       0x29
 *(.ARM.attributes)
 .ARM.attributes
                0x00000000       0x1d f:/clion_to_keil/gcc/102021.10/bin/../lib/gcc/arm-none-eabi/10.3.1/thumb/v7-m/nofp/crti.o
 .ARM.attributes
                0x0000001d       0x2d f:/clion_to_keil/gcc/102021.10/bin/../lib/gcc/arm-none-eabi/10.3.1/thumb/v7-m/nofp/crtbegin.o
 .ARM.attributes
                0x0000004a       0x2d CMakeFiles/STM32F103C6.elf.dir/Core/Src/OLED.c.obj
 .ARM.attributes
                0x00000077       0x2d CMakeFiles/STM32F103C6.elf.dir/Core/Src/OLED_Data.c.obj
 .ARM.attributes
                0x000000a4       0x2d CMakeFiles/STM32F103C6.elf.dir/Core/Src/main.c.obj
 .ARM.attributes
                0x000000d1       0x2d CMakeFiles/STM32F103C6.elf.dir/Core/Src/stm32f1xx_hal_msp.c.obj
 .ARM.attributes
                0x000000fe       0x2d CMakeFiles/STM32F103C6.elf.dir/Core/Src/stm32f1xx_it.c.obj
 .ARM.attributes
                0x0000012b       0x2d CMakeFiles/STM32F103C6.elf.dir/Core/Src/syscalls.c.obj
 .ARM.attributes
                0x00000158       0x2d CMakeFiles/STM32F103C6.elf.dir/Core/Src/sysmem.c.obj
 .ARM.attributes
                0x00000185       0x2d CMakeFiles/STM32F103C6.elf.dir/Core/Src/system_stm32f1xx.c.obj
 .ARM.attributes
                0x000001b2       0x21 CMakeFiles/STM32F103C6.elf.dir/Core/Startup/startup_stm32f103c6tx.s.obj
 .ARM.attributes
                0x000001d3       0x2d CMakeFiles/STM32F103C6.elf.dir/Drivers/STM32F1xx_HAL_Driver/Src/stm32f1xx_hal.c.obj
 .ARM.attributes
                0x00000200       0x2d CMakeFiles/STM32F103C6.elf.dir/Drivers/STM32F1xx_HAL_Driver/Src/stm32f1xx_hal_cortex.c.obj
 .ARM.attributes
                0x0000022d       0x2d CMakeFiles/STM32F103C6.elf.dir/Drivers/STM32F1xx_HAL_Driver/Src/stm32f1xx_hal_gpio.c.obj
 .ARM.attributes
                0x0000025a       0x2d CMakeFiles/STM32F103C6.elf.dir/Drivers/STM32F1xx_HAL_Driver/Src/stm32f1xx_hal_i2c.c.obj
 .ARM.attributes
                0x00000287       0x2d CMakeFiles/STM32F103C6.elf.dir/Drivers/STM32F1xx_HAL_Driver/Src/stm32f1xx_hal_rcc.c.obj
 .ARM.attributes
                0x000002b4       0x1d f:/clion_to_keil/gcc/102021.10/bin/../lib/gcc/arm-none-eabi/10.3.1/thumb/v7-m/nofp\libgcc.a(_arm_addsubdf3.o)
 .ARM.attributes
                0x000002d1       0x1d f:/clion_to_keil/gcc/102021.10/bin/../lib/gcc/arm-none-eabi/10.3.1/thumb/v7-m/nofp\libgcc.a(_arm_muldivdf3.o)
 .ARM.attributes
                0x000002ee       0x1d f:/clion_to_keil/gcc/102021.10/bin/../lib/gcc/arm-none-eabi/10.3.1/thumb/v7-m/nofp\libgcc.a(_arm_cmpdf2.o)
 .ARM.attributes
                0x0000030b       0x1d f:/clion_to_keil/gcc/102021.10/bin/../lib/gcc/arm-none-eabi/10.3.1/thumb/v7-m/nofp\libgcc.a(_arm_fixdfsi.o)
 .ARM.attributes
                0x00000328       0x1d f:/clion_to_keil/gcc/102021.10/bin/../lib/gcc/arm-none-eabi/10.3.1/thumb/v7-m/nofp\libgcc.a(_arm_fixunsdfsi.o)
 .ARM.attributes
                0x00000345       0x1d f:/clion_to_keil/gcc/102021.10/bin/../lib/gcc/arm-none-eabi/10.3.1/thumb/v7-m/nofp\libgcc.a(_arm_truncdfsf2.o)
 .ARM.attributes
                0x00000362       0x1d f:/clion_to_keil/gcc/102021.10/bin/../lib/gcc/arm-none-eabi/10.3.1/thumb/v7-m/nofp\libgcc.a(_arm_addsubsf3.o)
 .ARM.attributes
                0x0000037f       0x1d f:/clion_to_keil/gcc/102021.10/bin/../lib/gcc/arm-none-eabi/10.3.1/thumb/v7-m/nofp\libgcc.a(_arm_cmpsf2.o)
 .ARM.attributes
                0x0000039c       0x2d f:/clion_to_keil/gcc/102021.10/bin/../lib/gcc/arm-none-eabi/10.3.1/../../../../arm-none-eabi/lib/thumb/v7-m/nofp\libc.a(lib_a-errno.o)
 .ARM.attributes
                0x000003c9       0x2d f:/clion_to_keil/gcc/102021.10/bin/../lib/gcc/arm-none-eabi/10.3.1/../../../../arm-none-eabi/lib/thumb/v7-m/nofp\libc.a(lib_a-impure.o)
 .ARM.attributes
                0x000003f6       0x2d f:/clion_to_keil/gcc/102021.10/bin/../lib/gcc/arm-none-eabi/10.3.1/../../../../arm-none-eabi/lib/thumb/v7-m/nofp\libc.a(lib_a-init.o)
 .ARM.attributes
                0x00000423       0x1b f:/clion_to_keil/gcc/102021.10/bin/../lib/gcc/arm-none-eabi/10.3.1/../../../../arm-none-eabi/lib/thumb/v7-m/nofp\libc.a(lib_a-memcpy.o)
 .ARM.attributes
                0x0000043e       0x2d f:/clion_to_keil/gcc/102021.10/bin/../lib/gcc/arm-none-eabi/10.3.1/../../../../arm-none-eabi/lib/thumb/v7-m/nofp\libc.a(lib_a-memset.o)
 .ARM.attributes
                0x0000046b       0x1b f:/clion_to_keil/gcc/102021.10/bin/../lib/gcc/arm-none-eabi/10.3.1/../../../../arm-none-eabi/lib/thumb/v7-m/nofp\libc.a(lib_a-strcmp.o)
 .ARM.attributes
                0x00000486       0x2d f:/clion_to_keil/gcc/102021.10/bin/../lib/gcc/arm-none-eabi/10.3.1/../../../../arm-none-eabi/lib/thumb/v7-m/nofp\libc.a(lib_a-vsprintf.o)
 .ARM.attributes
                0x000004b3       0x2d f:/clion_to_keil/gcc/102021.10/bin/../lib/gcc/arm-none-eabi/10.3.1/../../../../arm-none-eabi/lib/thumb/v7-m/nofp\libc.a(lib_a-__call_atexit.o)
 .ARM.attributes
                0x000004e0       0x2d f:/clion_to_keil/gcc/102021.10/bin/../lib/gcc/arm-none-eabi/10.3.1/../../../../arm-none-eabi/lib/thumb/v7-m/nofp\libc.a(lib_a-atexit.o)
 .ARM.attributes
                0x0000050d       0x2d f:/clion_to_keil/gcc/102021.10/bin/../lib/gcc/arm-none-eabi/10.3.1/../../../../arm-none-eabi/lib/thumb/v7-m/nofp\libc.a(lib_a-fini.o)
 .ARM.attributes
                0x0000053a       0x2d f:/clion_to_keil/gcc/102021.10/bin/../lib/gcc/arm-none-eabi/10.3.1/../../../../arm-none-eabi/lib/thumb/v7-m/nofp\libc.a(lib_a-lock.o)
 .ARM.attributes
                0x00000567       0x2d f:/clion_to_keil/gcc/102021.10/bin/../lib/gcc/arm-none-eabi/10.3.1/../../../../arm-none-eabi/lib/thumb/v7-m/nofp\libc.a(lib_a-svfprintf.o)
 .ARM.attributes
                0x00000594       0x2d f:/clion_to_keil/gcc/102021.10/bin/../lib/gcc/arm-none-eabi/10.3.1/../../../../arm-none-eabi/lib/thumb/v7-m/nofp\libc.a(lib_a-__atexit.o)
 .ARM.attributes
                0x000005c1       0x2d f:/clion_to_keil/gcc/102021.10/bin/../lib/gcc/arm-none-eabi/10.3.1/../../../../arm-none-eabi/lib/thumb/v7-m/nofp\libc.a(lib_a-dtoa.o)
 .ARM.attributes
                0x000005ee       0x2d f:/clion_to_keil/gcc/102021.10/bin/../lib/gcc/arm-none-eabi/10.3.1/../../../../arm-none-eabi/lib/thumb/v7-m/nofp\libc.a(lib_a-freer.o)
 .ARM.attributes
                0x0000061b       0x2d f:/clion_to_keil/gcc/102021.10/bin/../lib/gcc/arm-none-eabi/10.3.1/../../../../arm-none-eabi/lib/thumb/v7-m/nofp\libc.a(lib_a-localeconv.o)
 .ARM.attributes
                0x00000648       0x2d f:/clion_to_keil/gcc/102021.10/bin/../lib/gcc/arm-none-eabi/10.3.1/../../../../arm-none-eabi/lib/thumb/v7-m/nofp\libc.a(lib_a-mallocr.o)
 .ARM.attributes
                0x00000675       0x2d f:/clion_to_keil/gcc/102021.10/bin/../lib/gcc/arm-none-eabi/10.3.1/../../../../arm-none-eabi/lib/thumb/v7-m/nofp\libc.a(lib_a-memchr-stub.o)
 .ARM.attributes
                0x000006a2       0x2d f:/clion_to_keil/gcc/102021.10/bin/../lib/gcc/arm-none-eabi/10.3.1/../../../../arm-none-eabi/lib/thumb/v7-m/nofp\libc.a(lib_a-mlock.o)
 .ARM.attributes
                0x000006cf       0x2d f:/clion_to_keil/gcc/102021.10/bin/../lib/gcc/arm-none-eabi/10.3.1/../../../../arm-none-eabi/lib/thumb/v7-m/nofp\libc.a(lib_a-mprec.o)
 .ARM.attributes
                0x000006fc       0x2d f:/clion_to_keil/gcc/102021.10/bin/../lib/gcc/arm-none-eabi/10.3.1/../../../../arm-none-eabi/lib/thumb/v7-m/nofp\libc.a(lib_a-s_frexp.o)
 .ARM.attributes
                0x00000729       0x2d f:/clion_to_keil/gcc/102021.10/bin/../lib/gcc/arm-none-eabi/10.3.1/../../../../arm-none-eabi/lib/thumb/v7-m/nofp\libc.a(lib_a-sbrkr.o)
 .ARM.attributes
                0x00000756       0x2d f:/clion_to_keil/gcc/102021.10/bin/../lib/gcc/arm-none-eabi/10.3.1/../../../../arm-none-eabi/lib/thumb/v7-m/nofp\libc.a(lib_a-strlen-stub.o)
 .ARM.attributes
                0x00000783       0x2d f:/clion_to_keil/gcc/102021.10/bin/../lib/gcc/arm-none-eabi/10.3.1/../../../../arm-none-eabi/lib/thumb/v7-m/nofp\libc.a(lib_a-strncpy.o)
 .ARM.attributes
                0x000007b0       0x2d f:/clion_to_keil/gcc/102021.10/bin/../lib/gcc/arm-none-eabi/10.3.1/../../../../arm-none-eabi/lib/thumb/v7-m/nofp\libc.a(lib_a-svfiprintf.o)
 .ARM.attributes
                0x000007dd       0x2d f:/clion_to_keil/gcc/102021.10/bin/../lib/gcc/arm-none-eabi/10.3.1/../../../../arm-none-eabi/lib/thumb/v7-m/nofp\libc.a(lib_a-assert.o)
 .ARM.attributes
                0x0000080a       0x2d f:/clion_to_keil/gcc/102021.10/bin/../lib/gcc/arm-none-eabi/10.3.1/../../../../arm-none-eabi/lib/thumb/v7-m/nofp\libc.a(lib_a-callocr.o)
 .ARM.attributes
                0x00000837       0x2d f:/clion_to_keil/gcc/102021.10/bin/../lib/gcc/arm-none-eabi/10.3.1/../../../../arm-none-eabi/lib/thumb/v7-m/nofp\libc.a(lib_a-fiprintf.o)
 .ARM.attributes
                0x00000864       0x2d f:/clion_to_keil/gcc/102021.10/bin/../lib/gcc/arm-none-eabi/10.3.1/../../../../arm-none-eabi/lib/thumb/v7-m/nofp\libc.a(lib_a-locale.o)
 .ARM.attributes
                0x00000891       0x2d f:/clion_to_keil/gcc/102021.10/bin/../lib/gcc/arm-none-eabi/10.3.1/../../../../arm-none-eabi/lib/thumb/v7-m/nofp\libc.a(lib_a-mbtowc_r.o)
 .ARM.attributes
                0x000008be       0x2d f:/clion_to_keil/gcc/102021.10/bin/../lib/gcc/arm-none-eabi/10.3.1/../../../../arm-none-eabi/lib/thumb/v7-m/nofp\libc.a(lib_a-memmove.o)
 .ARM.attributes
                0x000008eb       0x2d f:/clion_to_keil/gcc/102021.10/bin/../lib/gcc/arm-none-eabi/10.3.1/../../../../arm-none-eabi/lib/thumb/v7-m/nofp\libc.a(lib_a-reallocr.o)
 .ARM.attributes
                0x00000918       0x2d f:/clion_to_keil/gcc/102021.10/bin/../lib/gcc/arm-none-eabi/10.3.1/../../../../arm-none-eabi/lib/thumb/v7-m/nofp\libc.a(lib_a-reent.o)
 .ARM.attributes
                0x00000945       0x2d f:/clion_to_keil/gcc/102021.10/bin/../lib/gcc/arm-none-eabi/10.3.1/../../../../arm-none-eabi/lib/thumb/v7-m/nofp\libc.a(lib_a-vfiprintf.o)
 .ARM.attributes
                0x00000972       0x2d f:/clion_to_keil/gcc/102021.10/bin/../lib/gcc/arm-none-eabi/10.3.1/../../../../arm-none-eabi/lib/thumb/v7-m/nofp\libc.a(lib_a-wctomb_r.o)
 .ARM.attributes
                0x0000099f       0x2d f:/clion_to_keil/gcc/102021.10/bin/../lib/gcc/arm-none-eabi/10.3.1/../../../../arm-none-eabi/lib/thumb/v7-m/nofp\libc.a(lib_a-wsetup.o)
 .ARM.attributes
                0x000009cc       0x2d f:/clion_to_keil/gcc/102021.10/bin/../lib/gcc/arm-none-eabi/10.3.1/../../../../arm-none-eabi/lib/thumb/v7-m/nofp\libc.a(lib_a-abort.o)
 .ARM.attributes
                0x000009f9       0x2d f:/clion_to_keil/gcc/102021.10/bin/../lib/gcc/arm-none-eabi/10.3.1/../../../../arm-none-eabi/lib/thumb/v7-m/nofp\libc.a(lib_a-ctype_.o)
 .ARM.attributes
                0x00000a26       0x2d f:/clion_to_keil/gcc/102021.10/bin/../lib/gcc/arm-none-eabi/10.3.1/../../../../arm-none-eabi/lib/thumb/v7-m/nofp\libc.a(lib_a-fflush.o)
 .ARM.attributes
                0x00000a53       0x2d f:/clion_to_keil/gcc/102021.10/bin/../lib/gcc/arm-none-eabi/10.3.1/../../../../arm-none-eabi/lib/thumb/v7-m/nofp\libc.a(lib_a-findfp.o)
 .ARM.attributes
                0x00000a80       0x2d f:/clion_to_keil/gcc/102021.10/bin/../lib/gcc/arm-none-eabi/10.3.1/../../../../arm-none-eabi/lib/thumb/v7-m/nofp\libc.a(lib_a-fputwc.o)
 .ARM.attributes
                0x00000aad       0x2d f:/clion_to_keil/gcc/102021.10/bin/../lib/gcc/arm-none-eabi/10.3.1/../../../../arm-none-eabi/lib/thumb/v7-m/nofp\libc.a(lib_a-fvwrite.o)
 .ARM.attributes
                0x00000ada       0x2d f:/clion_to_keil/gcc/102021.10/bin/../lib/gcc/arm-none-eabi/10.3.1/../../../../arm-none-eabi/lib/thumb/v7-m/nofp\libc.a(lib_a-fwalk.o)
 .ARM.attributes
                0x00000b07       0x2d f:/clion_to_keil/gcc/102021.10/bin/../lib/gcc/arm-none-eabi/10.3.1/../../../../arm-none-eabi/lib/thumb/v7-m/nofp\libc.a(lib_a-makebuf.o)
 .ARM.attributes
                0x00000b34       0x2d f:/clion_to_keil/gcc/102021.10/bin/../lib/gcc/arm-none-eabi/10.3.1/../../../../arm-none-eabi/lib/thumb/v7-m/nofp\libc.a(lib_a-signal.o)
 .ARM.attributes
                0x00000b61       0x2d f:/clion_to_keil/gcc/102021.10/bin/../lib/gcc/arm-none-eabi/10.3.1/../../../../arm-none-eabi/lib/thumb/v7-m/nofp\libc.a(lib_a-signalr.o)
 .ARM.attributes
                0x00000b8e       0x2d f:/clion_to_keil/gcc/102021.10/bin/../lib/gcc/arm-none-eabi/10.3.1/../../../../arm-none-eabi/lib/thumb/v7-m/nofp\libc.a(lib_a-stdio.o)
 .ARM.attributes
                0x00000bbb       0x2d f:/clion_to_keil/gcc/102021.10/bin/../lib/gcc/arm-none-eabi/10.3.1/../../../../arm-none-eabi/lib/thumb/v7-m/nofp\libc.a(lib_a-wbuf.o)
 .ARM.attributes
                0x00000be8       0x2d f:/clion_to_keil/gcc/102021.10/bin/../lib/gcc/arm-none-eabi/10.3.1/../../../../arm-none-eabi/lib/thumb/v7-m/nofp\libc.a(lib_a-wcrtomb.o)
 .ARM.attributes
                0x00000c15       0x2d f:/clion_to_keil/gcc/102021.10/bin/../lib/gcc/arm-none-eabi/10.3.1/../../../../arm-none-eabi/lib/thumb/v7-m/nofp\libc.a(lib_a-writer.o)
 .ARM.attributes
                0x00000c42       0x2d f:/clion_to_keil/gcc/102021.10/bin/../lib/gcc/arm-none-eabi/10.3.1/../../../../arm-none-eabi/lib/thumb/v7-m/nofp\libc.a(lib_a-closer.o)
 .ARM.attributes
                0x00000c6f       0x2d f:/clion_to_keil/gcc/102021.10/bin/../lib/gcc/arm-none-eabi/10.3.1/../../../../arm-none-eabi/lib/thumb/v7-m/nofp\libc.a(lib_a-fclose.o)
 .ARM.attributes
                0x00000c9c       0x2d f:/clion_to_keil/gcc/102021.10/bin/../lib/gcc/arm-none-eabi/10.3.1/../../../../arm-none-eabi/lib/thumb/v7-m/nofp\libc.a(lib_a-fstatr.o)
 .ARM.attributes
                0x00000cc9       0x2d f:/clion_to_keil/gcc/102021.10/bin/../lib/gcc/arm-none-eabi/10.3.1/../../../../arm-none-eabi/lib/thumb/v7-m/nofp\libc.a(lib_a-isattyr.o)
 .ARM.attributes
                0x00000cf6       0x2d f:/clion_to_keil/gcc/102021.10/bin/../lib/gcc/arm-none-eabi/10.3.1/../../../../arm-none-eabi/lib/thumb/v7-m/nofp\libc.a(lib_a-lseekr.o)
 .ARM.attributes
                0x00000d23       0x2d f:/clion_to_keil/gcc/102021.10/bin/../lib/gcc/arm-none-eabi/10.3.1/../../../../arm-none-eabi/lib/thumb/v7-m/nofp\libc.a(lib_a-readr.o)
 .ARM.attributes
                0x00000d50       0x1d f:/clion_to_keil/gcc/102021.10/bin/../lib/gcc/arm-none-eabi/10.3.1/thumb/v7-m/nofp\libgcc.a(_arm_unorddf2.o)
 .ARM.attributes
                0x00000d6d       0x1d f:/clion_to_keil/gcc/102021.10/bin/../lib/gcc/arm-none-eabi/10.3.1/thumb/v7-m/nofp\libgcc.a(_aeabi_uldivmod.o)
 .ARM.attributes
                0x00000d8a       0x2d f:/clion_to_keil/gcc/102021.10/bin/../lib/gcc/arm-none-eabi/10.3.1/thumb/v7-m/nofp\libgcc.a(_udivmoddi4.o)
 .ARM.attributes
                0x00000db7       0x1d f:/clion_to_keil/gcc/102021.10/bin/../lib/gcc/arm-none-eabi/10.3.1/thumb/v7-m/nofp\libgcc.a(_dvmd_tls.o)
 .ARM.attributes
                0x00000dd4       0x1d f:/clion_to_keil/gcc/102021.10/bin/../lib/gcc/arm-none-eabi/10.3.1/thumb/v7-m/nofp/crtn.o
OUTPUT(STM32F103C6.elf elf32-littlearm)
LOAD linker stubs
LOAD f:/clion_to_keil/gcc/102021.10/bin/../lib/gcc/arm-none-eabi/10.3.1/../../../../arm-none-eabi/lib/thumb/v7-m/nofp\libc.a
LOAD f:/clion_to_keil/gcc/102021.10/bin/../lib/gcc/arm-none-eabi/10.3.1/../../../../arm-none-eabi/lib/thumb/v7-m/nofp\libm.a
LOAD f:/clion_to_keil/gcc/102021.10/bin/../lib/gcc/arm-none-eabi/10.3.1/thumb/v7-m/nofp\libgcc.a

.comment        0x00000000       0x49
 .comment       0x00000000       0x49 CMakeFiles/STM32F103C6.elf.dir/Core/Src/OLED.c.obj
                                 0x4a (size before relaxing)
 .comment       0x00000049       0x4a CMakeFiles/STM32F103C6.elf.dir/Core/Src/OLED_Data.c.obj
 .comment       0x00000049       0x4a CMakeFiles/STM32F103C6.elf.dir/Core/Src/main.c.obj
 .comment       0x00000049       0x4a CMakeFiles/STM32F103C6.elf.dir/Core/Src/stm32f1xx_hal_msp.c.obj
 .comment       0x00000049       0x4a CMakeFiles/STM32F103C6.elf.dir/Core/Src/stm32f1xx_it.c.obj
 .comment       0x00000049       0x4a CMakeFiles/STM32F103C6.elf.dir/Core/Src/syscalls.c.obj
 .comment       0x00000049       0x4a CMakeFiles/STM32F103C6.elf.dir/Core/Src/sysmem.c.obj
 .comment       0x00000049       0x4a CMakeFiles/STM32F103C6.elf.dir/Core/Src/system_stm32f1xx.c.obj
 .comment       0x00000049       0x4a CMakeFiles/STM32F103C6.elf.dir/Drivers/STM32F1xx_HAL_Driver/Src/stm32f1xx_hal.c.obj
 .comment       0x00000049       0x4a CMakeFiles/STM32F103C6.elf.dir/Drivers/STM32F1xx_HAL_Driver/Src/stm32f1xx_hal_cortex.c.obj
 .comment       0x00000049       0x4a CMakeFiles/STM32F103C6.elf.dir/Drivers/STM32F1xx_HAL_Driver/Src/stm32f1xx_hal_gpio.c.obj
 .comment       0x00000049       0x4a CMakeFiles/STM32F103C6.elf.dir/Drivers/STM32F1xx_HAL_Driver/Src/stm32f1xx_hal_i2c.c.obj
 .comment       0x00000049       0x4a CMakeFiles/STM32F103C6.elf.dir/Drivers/STM32F1xx_HAL_Driver/Src/stm32f1xx_hal_rcc.c.obj

.debug_frame    0x00000000     0x1728
 .debug_frame   0x00000000       0xac f:/clion_to_keil/gcc/102021.10/bin/../lib/gcc/arm-none-eabi/10.3.1/thumb/v7-m/nofp\libgcc.a(_arm_addsubdf3.o)
 .debug_frame   0x000000ac       0x50 f:/clion_to_keil/gcc/102021.10/bin/../lib/gcc/arm-none-eabi/10.3.1/thumb/v7-m/nofp\libgcc.a(_arm_muldivdf3.o)
 .debug_frame   0x000000fc       0xc4 f:/clion_to_keil/gcc/102021.10/bin/../lib/gcc/arm-none-eabi/10.3.1/thumb/v7-m/nofp\libgcc.a(_arm_cmpdf2.o)
 .debug_frame   0x000001c0       0x24 f:/clion_to_keil/gcc/102021.10/bin/../lib/gcc/arm-none-eabi/10.3.1/thumb/v7-m/nofp\libgcc.a(_arm_fixdfsi.o)
 .debug_frame   0x000001e4       0x24 f:/clion_to_keil/gcc/102021.10/bin/../lib/gcc/arm-none-eabi/10.3.1/thumb/v7-m/nofp\libgcc.a(_arm_fixunsdfsi.o)
 .debug_frame   0x00000208       0x24 f:/clion_to_keil/gcc/102021.10/bin/../lib/gcc/arm-none-eabi/10.3.1/thumb/v7-m/nofp\libgcc.a(_arm_truncdfsf2.o)
 .debug_frame   0x0000022c       0x4c f:/clion_to_keil/gcc/102021.10/bin/../lib/gcc/arm-none-eabi/10.3.1/thumb/v7-m/nofp\libgcc.a(_arm_addsubsf3.o)
 .debug_frame   0x00000278       0xc8 f:/clion_to_keil/gcc/102021.10/bin/../lib/gcc/arm-none-eabi/10.3.1/thumb/v7-m/nofp\libgcc.a(_arm_cmpsf2.o)
 .debug_frame   0x00000340       0x20 f:/clion_to_keil/gcc/102021.10/bin/../lib/gcc/arm-none-eabi/10.3.1/../../../../arm-none-eabi/lib/thumb/v7-m/nofp\libc.a(lib_a-errno.o)
 .debug_frame   0x00000360       0x2c f:/clion_to_keil/gcc/102021.10/bin/../lib/gcc/arm-none-eabi/10.3.1/../../../../arm-none-eabi/lib/thumb/v7-m/nofp\libc.a(lib_a-init.o)
 .debug_frame   0x0000038c       0x2c f:/clion_to_keil/gcc/102021.10/bin/../lib/gcc/arm-none-eabi/10.3.1/../../../../arm-none-eabi/lib/thumb/v7-m/nofp\libc.a(lib_a-memset.o)
 .debug_frame   0x000003b8       0x34 f:/clion_to_keil/gcc/102021.10/bin/../lib/gcc/arm-none-eabi/10.3.1/../../../../arm-none-eabi/lib/thumb/v7-m/nofp\libc.a(lib_a-strcmp.o)
 .debug_frame   0x000003ec       0x50 f:/clion_to_keil/gcc/102021.10/bin/../lib/gcc/arm-none-eabi/10.3.1/../../../../arm-none-eabi/lib/thumb/v7-m/nofp\libc.a(lib_a-vsprintf.o)
 .debug_frame   0x0000043c       0x5c f:/clion_to_keil/gcc/102021.10/bin/../lib/gcc/arm-none-eabi/10.3.1/../../../../arm-none-eabi/lib/thumb/v7-m/nofp\libc.a(lib_a-__call_atexit.o)
 .debug_frame   0x00000498       0x20 f:/clion_to_keil/gcc/102021.10/bin/../lib/gcc/arm-none-eabi/10.3.1/../../../../arm-none-eabi/lib/thumb/v7-m/nofp\libc.a(lib_a-atexit.o)
 .debug_frame   0x000004b8       0x34 f:/clion_to_keil/gcc/102021.10/bin/../lib/gcc/arm-none-eabi/10.3.1/../../../../arm-none-eabi/lib/thumb/v7-m/nofp\libc.a(lib_a-fini.o)
 .debug_frame   0x000004ec       0xb0 f:/clion_to_keil/gcc/102021.10/bin/../lib/gcc/arm-none-eabi/10.3.1/../../../../arm-none-eabi/lib/thumb/v7-m/nofp\libc.a(lib_a-lock.o)
 .debug_frame   0x0000059c       0x44 f:/clion_to_keil/gcc/102021.10/bin/../lib/gcc/arm-none-eabi/10.3.1/../../../../arm-none-eabi/lib/thumb/v7-m/nofp\libc.a(lib_a-svfprintf.o)
 .debug_frame   0x000005e0       0x34 f:/clion_to_keil/gcc/102021.10/bin/../lib/gcc/arm-none-eabi/10.3.1/../../../../arm-none-eabi/lib/thumb/v7-m/nofp\libc.a(lib_a-__atexit.o)
 .debug_frame   0x00000614       0x8c f:/clion_to_keil/gcc/102021.10/bin/../lib/gcc/arm-none-eabi/10.3.1/../../../../arm-none-eabi/lib/thumb/v7-m/nofp\libc.a(lib_a-dtoa.o)
 .debug_frame   0x000006a0       0x8c f:/clion_to_keil/gcc/102021.10/bin/../lib/gcc/arm-none-eabi/10.3.1/../../../../arm-none-eabi/lib/thumb/v7-m/nofp\libc.a(lib_a-freer.o)
 .debug_frame   0x0000072c       0x40 f:/clion_to_keil/gcc/102021.10/bin/../lib/gcc/arm-none-eabi/10.3.1/../../../../arm-none-eabi/lib/thumb/v7-m/nofp\libc.a(lib_a-localeconv.o)
 .debug_frame   0x0000076c       0x4c f:/clion_to_keil/gcc/102021.10/bin/../lib/gcc/arm-none-eabi/10.3.1/../../../../arm-none-eabi/lib/thumb/v7-m/nofp\libc.a(lib_a-mallocr.o)
 .debug_frame   0x000007b8       0x28 f:/clion_to_keil/gcc/102021.10/bin/../lib/gcc/arm-none-eabi/10.3.1/../../../../arm-none-eabi/lib/thumb/v7-m/nofp\libc.a(lib_a-memchr-stub.o)
 .debug_frame   0x000007e0       0x30 f:/clion_to_keil/gcc/102021.10/bin/../lib/gcc/arm-none-eabi/10.3.1/../../../../arm-none-eabi/lib/thumb/v7-m/nofp\libc.a(lib_a-mlock.o)
 .debug_frame   0x00000810      0x260 f:/clion_to_keil/gcc/102021.10/bin/../lib/gcc/arm-none-eabi/10.3.1/../../../../arm-none-eabi/lib/thumb/v7-m/nofp\libc.a(lib_a-mprec.o)
 .debug_frame   0x00000a70       0x30 f:/clion_to_keil/gcc/102021.10/bin/../lib/gcc/arm-none-eabi/10.3.1/../../../../arm-none-eabi/lib/thumb/v7-m/nofp\libc.a(lib_a-s_frexp.o)
 .debug_frame   0x00000aa0       0x2c f:/clion_to_keil/gcc/102021.10/bin/../lib/gcc/arm-none-eabi/10.3.1/../../../../arm-none-eabi/lib/thumb/v7-m/nofp\libc.a(lib_a-sbrkr.o)
 .debug_frame   0x00000acc       0x20 f:/clion_to_keil/gcc/102021.10/bin/../lib/gcc/arm-none-eabi/10.3.1/../../../../arm-none-eabi/lib/thumb/v7-m/nofp\libc.a(lib_a-strlen-stub.o)
 .debug_frame   0x00000aec       0x2c f:/clion_to_keil/gcc/102021.10/bin/../lib/gcc/arm-none-eabi/10.3.1/../../../../arm-none-eabi/lib/thumb/v7-m/nofp\libc.a(lib_a-strncpy.o)
 .debug_frame   0x00000b18       0x78 f:/clion_to_keil/gcc/102021.10/bin/../lib/gcc/arm-none-eabi/10.3.1/../../../../arm-none-eabi/lib/thumb/v7-m/nofp\libc.a(lib_a-svfiprintf.o)
 .debug_frame   0x00000b90       0x40 f:/clion_to_keil/gcc/102021.10/bin/../lib/gcc/arm-none-eabi/10.3.1/../../../../arm-none-eabi/lib/thumb/v7-m/nofp\libc.a(lib_a-assert.o)
 .debug_frame   0x00000bd0       0x2c f:/clion_to_keil/gcc/102021.10/bin/../lib/gcc/arm-none-eabi/10.3.1/../../../../arm-none-eabi/lib/thumb/v7-m/nofp\libc.a(lib_a-callocr.o)
 .debug_frame   0x00000bfc       0x6c f:/clion_to_keil/gcc/102021.10/bin/../lib/gcc/arm-none-eabi/10.3.1/../../../../arm-none-eabi/lib/thumb/v7-m/nofp\libc.a(lib_a-fiprintf.o)
 .debug_frame   0x00000c68       0x68 f:/clion_to_keil/gcc/102021.10/bin/../lib/gcc/arm-none-eabi/10.3.1/../../../../arm-none-eabi/lib/thumb/v7-m/nofp\libc.a(lib_a-locale.o)
 .debug_frame   0x00000cd0       0x4c f:/clion_to_keil/gcc/102021.10/bin/../lib/gcc/arm-none-eabi/10.3.1/../../../../arm-none-eabi/lib/thumb/v7-m/nofp\libc.a(lib_a-mbtowc_r.o)
 .debug_frame   0x00000d1c       0x40 f:/clion_to_keil/gcc/102021.10/bin/../lib/gcc/arm-none-eabi/10.3.1/../../../../arm-none-eabi/lib/thumb/v7-m/nofp\libc.a(lib_a-memmove.o)
 .debug_frame   0x00000d5c       0x48 f:/clion_to_keil/gcc/102021.10/bin/../lib/gcc/arm-none-eabi/10.3.1/../../../../arm-none-eabi/lib/thumb/v7-m/nofp\libc.a(lib_a-reallocr.o)
 .debug_frame   0x00000da4       0x64 f:/clion_to_keil/gcc/102021.10/bin/../lib/gcc/arm-none-eabi/10.3.1/../../../../arm-none-eabi/lib/thumb/v7-m/nofp\libc.a(lib_a-reent.o)
 .debug_frame   0x00000e08       0xdc f:/clion_to_keil/gcc/102021.10/bin/../lib/gcc/arm-none-eabi/10.3.1/../../../../arm-none-eabi/lib/thumb/v7-m/nofp\libc.a(lib_a-vfiprintf.o)
 .debug_frame   0x00000ee4       0x3c f:/clion_to_keil/gcc/102021.10/bin/../lib/gcc/arm-none-eabi/10.3.1/../../../../arm-none-eabi/lib/thumb/v7-m/nofp\libc.a(lib_a-wctomb_r.o)
 .debug_frame   0x00000f20       0x2c f:/clion_to_keil/gcc/102021.10/bin/../lib/gcc/arm-none-eabi/10.3.1/../../../../arm-none-eabi/lib/thumb/v7-m/nofp\libc.a(lib_a-wsetup.o)
 .debug_frame   0x00000f4c       0x28 f:/clion_to_keil/gcc/102021.10/bin/../lib/gcc/arm-none-eabi/10.3.1/../../../../arm-none-eabi/lib/thumb/v7-m/nofp\libc.a(lib_a-abort.o)
 .debug_frame   0x00000f74       0x70 f:/clion_to_keil/gcc/102021.10/bin/../lib/gcc/arm-none-eabi/10.3.1/../../../../arm-none-eabi/lib/thumb/v7-m/nofp\libc.a(lib_a-fflush.o)
 .debug_frame   0x00000fe4      0x154 f:/clion_to_keil/gcc/102021.10/bin/../lib/gcc/arm-none-eabi/10.3.1/../../../../arm-none-eabi/lib/thumb/v7-m/nofp\libc.a(lib_a-findfp.o)
 .debug_frame   0x00001138       0x88 f:/clion_to_keil/gcc/102021.10/bin/../lib/gcc/arm-none-eabi/10.3.1/../../../../arm-none-eabi/lib/thumb/v7-m/nofp\libc.a(lib_a-fputwc.o)
 .debug_frame   0x000011c0       0x64 f:/clion_to_keil/gcc/102021.10/bin/../lib/gcc/arm-none-eabi/10.3.1/../../../../arm-none-eabi/lib/thumb/v7-m/nofp\libc.a(lib_a-fvwrite.o)
 .debug_frame   0x00001224       0x54 f:/clion_to_keil/gcc/102021.10/bin/../lib/gcc/arm-none-eabi/10.3.1/../../../../arm-none-eabi/lib/thumb/v7-m/nofp\libc.a(lib_a-fwalk.o)
 .debug_frame   0x00001278       0x70 f:/clion_to_keil/gcc/102021.10/bin/../lib/gcc/arm-none-eabi/10.3.1/../../../../arm-none-eabi/lib/thumb/v7-m/nofp\libc.a(lib_a-makebuf.o)
 .debug_frame   0x000012e8      0x114 f:/clion_to_keil/gcc/102021.10/bin/../lib/gcc/arm-none-eabi/10.3.1/../../../../arm-none-eabi/lib/thumb/v7-m/nofp\libc.a(lib_a-signal.o)
 .debug_frame   0x000013fc       0x3c f:/clion_to_keil/gcc/102021.10/bin/../lib/gcc/arm-none-eabi/10.3.1/../../../../arm-none-eabi/lib/thumb/v7-m/nofp\libc.a(lib_a-signalr.o)
 .debug_frame   0x00001438       0x8c f:/clion_to_keil/gcc/102021.10/bin/../lib/gcc/arm-none-eabi/10.3.1/../../../../arm-none-eabi/lib/thumb/v7-m/nofp\libc.a(lib_a-stdio.o)
 .debug_frame   0x000014c4       0x40 f:/clion_to_keil/gcc/102021.10/bin/../lib/gcc/arm-none-eabi/10.3.1/../../../../arm-none-eabi/lib/thumb/v7-m/nofp\libc.a(lib_a-wbuf.o)
 .debug_frame   0x00001504       0x60 f:/clion_to_keil/gcc/102021.10/bin/../lib/gcc/arm-none-eabi/10.3.1/../../../../arm-none-eabi/lib/thumb/v7-m/nofp\libc.a(lib_a-wcrtomb.o)
 .debug_frame   0x00001564       0x2c f:/clion_to_keil/gcc/102021.10/bin/../lib/gcc/arm-none-eabi/10.3.1/../../../../arm-none-eabi/lib/thumb/v7-m/nofp\libc.a(lib_a-writer.o)
 .debug_frame   0x00001590       0x2c f:/clion_to_keil/gcc/102021.10/bin/../lib/gcc/arm-none-eabi/10.3.1/../../../../arm-none-eabi/lib/thumb/v7-m/nofp\libc.a(lib_a-closer.o)
 .debug_frame   0x000015bc       0x3c f:/clion_to_keil/gcc/102021.10/bin/../lib/gcc/arm-none-eabi/10.3.1/../../../../arm-none-eabi/lib/thumb/v7-m/nofp\libc.a(lib_a-fclose.o)
 .debug_frame   0x000015f8       0x2c f:/clion_to_keil/gcc/102021.10/bin/../lib/gcc/arm-none-eabi/10.3.1/../../../../arm-none-eabi/lib/thumb/v7-m/nofp\libc.a(lib_a-fstatr.o)
 .debug_frame   0x00001624       0x2c f:/clion_to_keil/gcc/102021.10/bin/../lib/gcc/arm-none-eabi/10.3.1/../../../../arm-none-eabi/lib/thumb/v7-m/nofp\libc.a(lib_a-isattyr.o)
 .debug_frame   0x00001650       0x2c f:/clion_to_keil/gcc/102021.10/bin/../lib/gcc/arm-none-eabi/10.3.1/../../../../arm-none-eabi/lib/thumb/v7-m/nofp\libc.a(lib_a-lseekr.o)
 .debug_frame   0x0000167c       0x2c f:/clion_to_keil/gcc/102021.10/bin/../lib/gcc/arm-none-eabi/10.3.1/../../../../arm-none-eabi/lib/thumb/v7-m/nofp\libc.a(lib_a-readr.o)
 .debug_frame   0x000016a8       0x20 f:/clion_to_keil/gcc/102021.10/bin/../lib/gcc/arm-none-eabi/10.3.1/thumb/v7-m/nofp\libgcc.a(_arm_unorddf2.o)
 .debug_frame   0x000016c8       0x2c f:/clion_to_keil/gcc/102021.10/bin/../lib/gcc/arm-none-eabi/10.3.1/thumb/v7-m/nofp\libgcc.a(_aeabi_uldivmod.o)
 .debug_frame   0x000016f4       0x34 f:/clion_to_keil/gcc/102021.10/bin/../lib/gcc/arm-none-eabi/10.3.1/thumb/v7-m/nofp\libgcc.a(_udivmoddi4.o)
