Archive member included to satisfy reference by file (symbol)

f:/clion_to_keil/gcc/102021.10/bin/../lib/gcc/arm-none-eabi/10.3.1/thumb/v7-m/nofp\libgcc.a(_arm_muldf3.o)
                              CMakeFiles/STM32F103C6.elf.dir/Core/Src/OLED.c.obj (__aeabi_dmul)
f:/clion_to_keil/gcc/102021.10/bin/../lib/gcc/arm-none-eabi/10.3.1/thumb/v7-m/nofp\libgcc.a(_arm_addsubdf3.o)
                              CMakeFiles/STM32F103C6.elf.dir/Core/Src/OLED.c.obj (__aeabi_dsub)
f:/clion_to_keil/gcc/102021.10/bin/../lib/gcc/arm-none-eabi/10.3.1/thumb/v7-m/nofp\libgcc.a(_arm_muldivdf3.o)
                              CMakeFiles/STM32F103C6.elf.dir/Core/Src/OLED.c.obj (__aeabi_ddiv)
f:/clion_to_keil/gcc/102021.10/bin/../lib/gcc/arm-none-eabi/10.3.1/thumb/v7-m/nofp\libgcc.a(_arm_cmpdf2.o)
                              CMakeFiles/STM32F103C6.elf.dir/Core/Src/OLED.c.obj (__aeabi_dcmplt)
f:/clion_to_keil/gcc/102021.10/bin/../lib/gcc/arm-none-eabi/10.3.1/thumb/v7-m/nofp\libgcc.a(_arm_fixdfsi.o)
                              CMakeFiles/STM32F103C6.elf.dir/Core/Src/OLED.c.obj (__aeabi_d2iz)
f:/clion_to_keil/gcc/102021.10/bin/../lib/gcc/arm-none-eabi/10.3.1/thumb/v7-m/nofp\libgcc.a(_arm_fixunsdfsi.o)
                              CMakeFiles/STM32F103C6.elf.dir/Core/Src/OLED.c.obj (__aeabi_d2uiz)
f:/clion_to_keil/gcc/102021.10/bin/../lib/gcc/arm-none-eabi/10.3.1/thumb/v7-m/nofp\libgcc.a(_arm_truncdfsf2.o)
                              CMakeFiles/STM32F103C6.elf.dir/Core/Src/OLED.c.obj (__aeabi_d2f)
f:/clion_to_keil/gcc/102021.10/bin/../lib/gcc/arm-none-eabi/10.3.1/thumb/v7-m/nofp\libgcc.a(_arm_addsubsf3.o)
                              CMakeFiles/STM32F103C6.elf.dir/Core/Src/OLED.c.obj (__aeabi_fadd)
f:/clion_to_keil/gcc/102021.10/bin/../lib/gcc/arm-none-eabi/10.3.1/thumb/v7-m/nofp\libgcc.a(_arm_cmpsf2.o)
                              CMakeFiles/STM32F103C6.elf.dir/Core/Src/OLED.c.obj (__aeabi_fcmple)
f:/clion_to_keil/gcc/102021.10/bin/../lib/gcc/arm-none-eabi/10.3.1/../../../../arm-none-eabi/lib/thumb/v7-m/nofp\libc.a(lib_a-errno.o)
                              CMakeFiles/STM32F103C6.elf.dir/Core/Src/syscalls.c.obj (__errno)
f:/clion_to_keil/gcc/102021.10/bin/../lib/gcc/arm-none-eabi/10.3.1/../../../../arm-none-eabi/lib/thumb/v7-m/nofp\libc.a(lib_a-exit.o)
                              f:/clion_to_keil/gcc/102021.10/bin/../lib/gcc/arm-none-eabi/10.3.1/../../../../arm-none-eabi/lib/thumb/v7-m/nofp/crt0.o (exit)
f:/clion_to_keil/gcc/102021.10/bin/../lib/gcc/arm-none-eabi/10.3.1/../../../../arm-none-eabi/lib/thumb/v7-m/nofp\libc.a(lib_a-impure.o)
                              f:/clion_to_keil/gcc/102021.10/bin/../lib/gcc/arm-none-eabi/10.3.1/../../../../arm-none-eabi/lib/thumb/v7-m/nofp\libc.a(lib_a-exit.o) (_global_impure_ptr)
f:/clion_to_keil/gcc/102021.10/bin/../lib/gcc/arm-none-eabi/10.3.1/../../../../arm-none-eabi/lib/thumb/v7-m/nofp\libc.a(lib_a-init.o)
                              f:/clion_to_keil/gcc/102021.10/bin/../lib/gcc/arm-none-eabi/10.3.1/../../../../arm-none-eabi/lib/thumb/v7-m/nofp/crt0.o (__libc_init_array)
f:/clion_to_keil/gcc/102021.10/bin/../lib/gcc/arm-none-eabi/10.3.1/../../../../arm-none-eabi/lib/thumb/v7-m/nofp\libc.a(lib_a-memset.o)
                              f:/clion_to_keil/gcc/102021.10/bin/../lib/gcc/arm-none-eabi/10.3.1/../../../../arm-none-eabi/lib/thumb/v7-m/nofp/crt0.o (memset)
f:/clion_to_keil/gcc/102021.10/bin/../lib/gcc/arm-none-eabi/10.3.1/../../../../arm-none-eabi/lib/thumb/v7-m/nofp\libc.a(lib_a-strcmp.o)
                              CMakeFiles/STM32F103C6.elf.dir/Core/Src/OLED.c.obj (strcmp)
f:/clion_to_keil/gcc/102021.10/bin/../lib/gcc/arm-none-eabi/10.3.1/../../../../arm-none-eabi/lib/thumb/v7-m/nofp\libc.a(lib_a-vsprintf.o)
                              CMakeFiles/STM32F103C6.elf.dir/Core/Src/OLED.c.obj (vsprintf)
f:/clion_to_keil/gcc/102021.10/bin/../lib/gcc/arm-none-eabi/10.3.1/../../../../arm-none-eabi/lib/thumb/v7-m/nofp\libc.a(lib_a-__call_atexit.o)
                              f:/clion_to_keil/gcc/102021.10/bin/../lib/gcc/arm-none-eabi/10.3.1/../../../../arm-none-eabi/lib/thumb/v7-m/nofp\libc.a(lib_a-exit.o) (__call_exitprocs)
f:/clion_to_keil/gcc/102021.10/bin/../lib/gcc/arm-none-eabi/10.3.1/../../../../arm-none-eabi/lib/thumb/v7-m/nofp\libc.a(lib_a-atexit.o)
                              f:/clion_to_keil/gcc/102021.10/bin/../lib/gcc/arm-none-eabi/10.3.1/../../../../arm-none-eabi/lib/thumb/v7-m/nofp\libc.a(lib_a-__call_atexit.o) (atexit)
f:/clion_to_keil/gcc/102021.10/bin/../lib/gcc/arm-none-eabi/10.3.1/../../../../arm-none-eabi/lib/thumb/v7-m/nofp\libc.a(lib_a-fini.o)
                              f:/clion_to_keil/gcc/102021.10/bin/../lib/gcc/arm-none-eabi/10.3.1/../../../../arm-none-eabi/lib/thumb/v7-m/nofp\libc.a(lib_a-__call_atexit.o) (__libc_fini_array)
f:/clion_to_keil/gcc/102021.10/bin/../lib/gcc/arm-none-eabi/10.3.1/../../../../arm-none-eabi/lib/thumb/v7-m/nofp\libc.a(lib_a-lock.o)
[...]
Memory Configuration

Name             Origin             Length             Attributes
RAM              0x20000000         0x00002800         xrw
FLASH            0x08000000         0x00010000         xr
*default*        0x00000000         0xffffffff

Linker script and memory map

LOAD f:/clion_to_keil/gcc/102021.10/bin/../lib/gcc/arm-none-eabi/10.3.1/thumb/v7-m/nofp/crti.o
LOAD f:/clion_to_keil/gcc/102021.10/bin/../lib/gcc/arm-none-eabi/10.3.1/thumb/v7-m/nofp/crtbegin.o
LOAD f:/clion_to_keil/gcc/102021.10/bin/../lib/gcc/arm-none-eabi/10.3.1/../../../../arm-none-eabi/lib/thumb/v7-m/nofp/crt0.o
LOAD CMakeFiles/STM32F103C6.elf.dir/Core/Src/OLED.c.obj
LOAD CMakeFiles/STM32F103C6.elf.dir/Core/Src/OLED_Data.c.obj
LOAD CMakeFiles/STM32F103C6.elf.dir/Core/Src/main.c.obj
LOAD CMakeFiles/STM32F103C6.elf.dir/Core/Src/stm32f1xx_hal_msp.c.obj
LOAD CMakeFiles/STM32F103C6.elf.dir/Core/Src/stm32f1xx_it.c.obj
LOAD CMakeFiles/STM32F103C6.elf.dir/Core/Src/syscalls.c.obj
LOAD CMakeFiles/STM32F103C6.elf.dir/Core/Src/sysmem.c.obj
LOAD CMakeFiles/STM32F103C6.elf.dir/Core/Src/system_stm32f1xx.c.obj
LOAD CMakeFiles/STM32F103C6.elf.dir/Core/Startup/startup_stm32f103c6tx.s.obj
LOAD CMakeFiles/STM32F103C6.elf.dir/Drivers/STM32F1xx_HAL_Driver/Src/stm32f1xx_hal.c.obj
LOAD CMakeFiles/STM32F103C6.elf.dir/Drivers/STM32F1xx_HAL_Driver/Src/stm32f1xx_hal_cortex.c.obj
LOAD CMakeFiles/STM32F103C6.elf.dir/Drivers/STM32F1xx_HAL_Driver/Src/stm32f1xx_hal_dma.c.obj
LOAD CMakeFiles/STM32F103C6.elf.dir/Drivers/STM32F1xx_HAL_Driver/Src/stm32f1xx_hal_exti.c.obj
LOAD CMakeFiles/STM32F103C6.elf.dir/Drivers/STM32F1xx_HAL_Driver/Src/stm32f1xx_hal_flash.c.obj
LOAD CMakeFiles/STM32F103C6.elf.dir/Drivers/STM32F1xx_HAL_Driver/Src/stm32f1xx_hal_flash_ex.c.obj
LOAD CMakeFiles/STM32F103C6.elf.dir/Drivers/STM32F1xx_HAL_Driver/Src/stm32f1xx_hal_gpio.c.obj
LOAD CMakeFiles/STM32F103C6.elf.dir/Drivers/STM32F1xx_HAL_Driver/Src/stm32f1xx_hal_gpio_ex.c.obj
LOAD CMakeFiles/STM32F103C6.elf.dir/Drivers/STM32F1xx_HAL_Driver/Src/stm32f1xx_hal_i2c.c.obj
LOAD CMakeFiles/STM32F103C6.elf.dir/Drivers/STM32F1xx_HAL_Driver/Src/stm32f1xx_hal_pwr.c.obj
LOAD CMakeFiles/STM32F103C6.elf.dir/Drivers/STM32F1xx_HAL_Driver/Src/stm32f1xx_hal_rcc.c.obj
LOAD CMakeFiles/STM32F103C6.elf.dir/Drivers/STM32F1xx_HAL_Driver/Src/stm32f1xx_hal_rcc_ex.c.obj
LOAD CMakeFiles/STM32F103C6.elf.dir/Drivers/STM32F1xx_HAL_Driver/Src/stm32f1xx_hal_tim.c.obj
LOAD CMakeFiles/STM32F103C6.elf.dir/Drivers/STM32F1xx_HAL_Driver/Src/stm32f1xx_hal_tim_ex.c.obj
START GROUP
LOAD f:/clion_to_keil/gcc/102021.10/bin/../lib/gcc/arm-none-eabi/10.3.1/thumb/v7-m/nofp\libgcc.a
LOAD f:/clion_to_keil/gcc/102021.10/bin/../lib/gcc/arm-none-eabi/10.3.1/../../../../arm-none-eabi/lib/thumb/v7-m/nofp\libc.a
END GROUP
LOAD f:/clion_to_keil/gcc/102021.10/bin/../lib/gcc/arm-none-eabi/10.3.1/thumb/v7-m/nofp/crtend.o
LOAD f:/clion_to_keil/gcc/102021.10/bin/../lib/gcc/arm-none-eabi/10.3.1/thumb/v7-m/nofp/crtn.o
                0x20002800                _estack = (ORIGIN (RAM) + LENGTH (RAM))
                0x00000200                _Min_Heap_Size = 0x200
                0x00000400                _Min_Stack_Size = 0x400

.isr_vector     0x08000000      0x10c
                0x08000000                . = ALIGN (0x4)
 *(.isr_vector)
 .isr_vector    0x08000000      0x10c CMakeFiles/STM32F103C6.elf.dir/Core/Startup/startup_stm32f103c6tx.s.obj
                0x08000000                g_pfnVectors
                0x0800010c                . = ALIGN (0x4)

.text           0x08000110     0xa04c
                0x08000110                . = ALIGN (0x4)
 *(.text)
 .text          0x08000110       0x40 f:/clion_to_keil/gcc/102021.10/bin/../lib/gcc/arm-none-eabi/10.3.1/thumb/v7-m/nofp/crtbegin.o
 .text          0x08000150      0x378 f:/clion_to_keil/gcc/102021.10/bin/../lib/gcc/arm-none-eabi/10.3.1/thumb/v7-m/nofp\libgcc.a(_arm_addsubdf3.o)
                0x08000150                __aeabi_drsub
                0x08000158                __aeabi_dsub
                0x08000158                __subdf3
                0x0800015c                __aeabi_dadd
                0x0800015c                __adddf3
                0x080003d4                __floatunsidf
                0x080003d4                __aeabi_ui2d
                0x080003f4                __floatsidf
                0x080003f4                __aeabi_i2d
                0x08000418                __aeabi_f2d
                0x08000418                __extendsfdf2
                0x0800045c                __floatundidf
                0x0800045c                __aeabi_ul2d
                0x0800046c                __floatdidf
                0x0800046c                __aeabi_l2d
 .text          0x080004c8      0x424 f:/clion_to_keil/gcc/102021.10/bin/../lib/gcc/arm-none-eabi/10.3.1/thumb/v7-m/nofp\libgcc.a(_arm_muldivdf3.o)
                0x080004c8                __aeabi_dmul
                0x080004c8                __muldf3
                0x0800071c                __divdf3
                0x0800071c                __aeabi_ddiv
 .text          0x080008ec      0x110 f:/clion_to_keil/gcc/102021.10/bin/../lib/gcc/arm-none-eabi/10.3.1/thumb/v7-m/nofp\libgcc.a(_arm_cmpdf2.o)
                0x080008ec                __gtdf2
                0x080008ec                __gedf2
                0x080008f4                __ltdf2
                0x080008f4                __ledf2
                0x080008fc                __nedf2
                0x080008fc                __eqdf2
                0x080008fc                __cmpdf2
                0x08000978                __aeabi_cdrcmple
                0x08000988                __aeabi_cdcmpeq
                0x08000988                __aeabi_cdcmple
                0x08000998                __aeabi_dcmpeq
                0x080009ac                __aeabi_dcmplt
                0x080009c0                __aeabi_dcmple
                0x080009d4                __aeabi_dcmpge
                0x080009e8                __aeabi_dcmpgt
 .text          0x080009fc       0x50 f:/clion_to_keil/gcc/102021.10/bin/../lib/gcc/arm-none-eabi/10.3.1/thumb/v7-m/nofp\libgcc.a(_arm_fixdfsi.o)
                0x080009fc                __aeabi_d2iz
                0x080009fc                __fixdfsi
 .text          0x08000a4c       0x40 f:/clion_to_keil/gcc/102021.10/bin/../lib/gcc/arm-none-eabi/10.3.1/thumb/v7-m/nofp\libgcc.a(_arm_fixunsdfsi.o)
                0x08000a4c                __aeabi_d2uiz
                0x08000a4c                __fixunsdfsi
 .text          0x08000a8c       0xa0 f:/clion_to_keil/gcc/102021.10/bin/../lib/gcc/arm-none-eabi/10.3.1/thumb/v7-m/nofp\libgcc.a(_arm_truncdfsf2.o)
                0x08000a8c                __truncdfsf2
                0x08000a8c                __aeabi_d2f
 .text          0x08000b2c      0x21c f:/clion_to_keil/gcc/102021.10/bin/../lib/gcc/arm-none-eabi/10.3.1/thumb/v7-m/nofp\libgcc.a(_arm_addsubsf3.o)
                0x08000b2c                __aeabi_frsub
                0x08000b34                __subsf3
                0x08000b34                __aeabi_fsub
                0x08000b38                __aeabi_fadd
                0x08000b38                __addsf3
                0x08000c98                __aeabi_ui2f
                0x08000c98                __floatunsisf
                0x08000ca0                __aeabi_i2f
                0x08000ca0                __floatsisf
                0x08000cbc                __aeabi_ul2f
                0x08000cbc                __floatundisf
                0x08000ccc                __aeabi_l2f
                0x08000ccc                __floatdisf
 .text          0x08000d48       0xec f:/clion_to_keil/gcc/102021.10/bin/../lib/gcc/arm-none-eabi/10.3.1/thumb/v7-m/nofp\libgcc.a(_arm_cmpsf2.o)
                0x08000d48                __gesf2
                0x08000d48                __gtsf2
                0x08000d50                __lesf2
                0x08000d50                __ltsf2
                0x08000d58                __nesf2
                0x08000d58                __eqsf2
                0x08000d58                __cmpsf2
                0x08000db8                __aeabi_cfrcmple
                0x08000dc0                __aeabi_cfcmpeq
                0x08000dc0                __aeabi_cfcmple
                0x08000dd0                __aeabi_fcmpeq
                0x08000de4                __aeabi_fcmplt
                0x08000df8                __aeabi_fcmple
                0x08000e0c                __aeabi_fcmpge
                0x08000e20                __aeabi_fcmpgt
 .text          0x08000e34      0x1bc f:/clion_to_keil/gcc/102021.10/bin/../lib/gcc/arm-none-eabi/10.3.1/../../../../arm-none-eabi/lib/thumb/v7-m/nofp\libc.a(lib_a-strcmp.o)
                0x08000e34                strcmp
 .text          0x08000ff0       0xec f:/clion_to_keil/gcc/102021.10/bin/../lib/gcc/arm-none-eabi/10.3.1/../../../../arm-none-eabi/lib/thumb/v7-m/nofp\libc.a(lib_a-memcpy.o)
                0x08000ff0                memcpy
 .text          0x080010dc       0x2c f:/clion_to_keil/gcc/102021.10/bin/../lib/gcc/arm-none-eabi/10.3.1/thumb/v7-m/nofp\libgcc.a(_arm_unorddf2.o)
                0x080010dc                __unorddf2
                0x080010dc                __aeabi_dcmpun
 .text          0x08001108       0x30 f:/clion_to_keil/gcc/102021.10/bin/../lib/gcc/arm-none-eabi/10.3.1/thumb/v7-m/nofp\libgcc.a(_aeabi_uldivmod.o)
                0x08001108                __aeabi_uldivmod
 .text          0x08001138      0x2d4 f:/clion_to_keil/gcc/102021.10/bin/../lib/gcc/arm-none-eabi/10.3.1/thumb/v7-m/nofp\libgcc.a(_udivmoddi4.o)
                0x08001138                __udivmoddi4
 .text          0x0800140c        0x4 f:/clion_to_keil/gcc/102021.10/bin/../lib/gcc/arm-none-eabi/10.3.1/thumb/v7-m/nofp\libgcc.a(_dvmd_tls.o)
                0x0800140c                __aeabi_idiv0
                0x0800140c                __aeabi_ldiv0
 *(.text*)
 .text.OLED_WriteCommand
                0x08001410       0x28 CMakeFiles/STM32F103C6.elf.dir/Core/Src/OLED.c.obj
                0x08001410                OLED_WriteCommand
 .text.OLED_WriteData
                0x08001438       0x4c CMakeFiles/STM32F103C6.elf.dir/Core/Src/OLED.c.obj
                0x08001438                OLED_WriteData
 .text.OLED_SetCursor
                0x08001484       0x20 CMakeFiles/STM32F103C6.elf.dir/Core/Src/OLED.c.obj
                0x08001484                OLED_SetCursor
 .text.OLED_Pow
                0x080014a4       0x14 CMakeFiles/STM32F103C6.elf.dir/Core/Src/OLED.c.obj
                0x080014a4                OLED_Pow
 .text.OLED_pnpoly
                0x080014b8       0x70 CMakeFiles/STM32F103C6.elf.dir/Core/Src/OLED.c.obj
                0x080014b8                OLED_pnpoly
 .text.OLED_IsInAngle
                0x08001528       0x74 CMakeFiles/STM32F103C6.elf.dir/Core/Src/OLED.c.obj
                0x08001528                OLED_IsInAngle
 .text.OLED_Update
                0x0800159c       0x28 CMakeFiles/STM32F103C6.elf.dir/Core/Src/OLED.c.obj
                0x0800159c                OLED_Update
 .text.OLED_Clear
                0x080015c4       0x2c CMakeFiles/STM32F103C6.elf.dir/Core/Src/OLED.c.obj
                0x080015c4                OLED_Clear
 .text.OLED_Init
                0x080015f0       0x96 CMakeFiles/STM32F103C6.elf.dir/Core/Src/OLED.c.obj
                0x080015f0                OLED_Init
 *fill*         0x08001686        0x2 
 .text.OLED_ClearArea
                0x08001688       0x70 CMakeFiles/STM32F103C6.elf.dir/Core/Src/OLED.c.obj
                0x08001688                OLED_ClearArea
 .text.OLED_ShowImage
                0x080016f8       0xac CMakeFiles/STM32F103C6.elf.dir/Core/Src/OLED.c.obj
                0x080016f8                OLED_ShowImage
 .text.OLED_ShowChar
                0x080017a4       0x48 CMakeFiles/STM32F103C6.elf.dir/Core/Src/OLED.c.obj
                0x080017a4                OLED_ShowChar
 .text.OLED_ShowString
                0x080017ec       0x30 CMakeFiles/STM32F103C6.elf.dir/Core/Src/OLED.c.obj
                0x080017ec                OLED_ShowString
 .text.OLED_ShowNum
                0x0800181c       0x5c CMakeFiles/STM32F103C6.elf.dir/Core/Src/OLED.c.obj
                0x0800181c                OLED_ShowNum
 .text.OLED_ShowSignedNum
                0x08001878       0x74 CMakeFiles/STM32F103C6.elf.dir/Core/Src/OLED.c.obj
                0x08001878                OLED_ShowSignedNum
 .text.OLED_ShowHexNum
                0x080018ec       0x60 CMakeFiles/STM32F103C6.elf.dir/Core/Src/OLED.c.obj
                0x080018ec                OLED_ShowHexNum
 .text.OLED_ShowBinNum
                0x0800194c       0x48 CMakeFiles/STM32F103C6.elf.dir/Core/Src/OLED.c.obj
                0x0800194c                OLED_ShowBinNum
 .text.OLED_ShowFloatNum
                0x08001994       0xc6 CMakeFiles/STM32F103C6.elf.dir/Core/Src/OLED.c.obj
                0x08001994                OLED_ShowFloatNum
 *fill*         0x08001a5a        0x2 
 .text.OLED_ShowChinese
                0x08001a5c       0x9c CMakeFiles/STM32F103C6.elf.dir/Core/Src/OLED.c.obj
                0x08001a5c                OLED_ShowChinese
 .text.OLED_Printf
                0x08001af8       0x30 CMakeFiles/STM32F103C6.elf.dir/Core/Src/OLED.c.obj
                0x08001af8                OLED_Printf
 .text.OLED_DrawPoint
                0x08001b28       0x28 CMakeFiles/STM32F103C6.elf.dir/Core/Src/OLED.c.obj
                0x08001b28                OLED_DrawPoint
 .text.OLED_GetPoint
                0x08001b50       0x38 CMakeFiles/STM32F103C6.elf.dir/Core/Src/OLED.c.obj
                0x08001b50                OLED_GetPoint
 .text.OLED_DrawLine
                0x08001b88      0x160 CMakeFiles/STM32F103C6.elf.dir/Core/Src/OLED.c.obj
                0x08001b88                OLED_DrawLine
 .text.OLED_DrawRectangle
                0x08001ce8       0x8a CMakeFiles/STM32F103C6.elf.dir/Core/Src/OLED.c.obj
                0x08001ce8                OLED_DrawRectangle
 .text.OLED_DrawTriangle
                0x08001d72       0xc4 CMakeFiles/STM32F103C6.elf.dir/Core/Src/OLED.c.obj
                0x08001d72                OLED_DrawTriangle
 .text.OLED_DrawCircle
                0x08001e36      0x18a CMakeFiles/STM32F103C6.elf.dir/Core/Src/OLED.c.obj
                0x08001e36                OLED_DrawCircle
 .text.OLED_DrawEllipse
                0x08001fc0      0x334 CMakeFiles/STM32F103C6.elf.dir/Core/Src/OLED.c.obj
                0x08001fc0                OLED_DrawEllipse
 .text.OLED_DrawArc
                0x080022f4      0x302 CMakeFiles/STM32F103C6.elf.dir/Core/Src/OLED.c.obj
                0x080022f4                OLED_DrawArc
 *fill*         0x080025f6        0x2 
 .text.MX_GPIO_Init
                0x080025f8       0xc8 CMakeFiles/STM32F103C6.elf.dir/Core/Src/main.c.obj
 .text.Error_Handler
                0x080026c0        0x4 CMakeFiles/STM32F103C6.elf.dir/Core/Src/main.c.obj
                0x080026c0                Error_Handler
 .text.MX_I2C1_Init
                0x080026c4       0x38 CMakeFiles/STM32F103C6.elf.dir/Core/Src/main.c.obj
 .text.SystemClock_Config
                0x080026fc       0x64 CMakeFiles/STM32F103C6.elf.dir/Core/Src/main.c.obj
                0x080026fc                SystemClock_Config
 .text.main     0x08002760      0x28c CMakeFiles/STM32F103C6.elf.dir/Core/Src/main.c.obj
                0x08002760                main
 .text.HAL_MspInit
                0x080029ec       0x44 CMakeFiles/STM32F103C6.elf.dir/Core/Src/stm32f1xx_hal_msp.c.obj
                0x080029ec                HAL_MspInit
 .text.HAL_I2C_MspInit
                0x08002a30       0x64 CMakeFiles/STM32F103C6.elf.dir/Core/Src/stm32f1xx_hal_msp.c.obj
                0x08002a30                HAL_I2C_MspInit
 .text.NMI_Handler
                0x08002a94        0x2 CMakeFiles/STM32F103C6.elf.dir/Core/Src/stm32f1xx_it.c.obj
                0x08002a94                NMI_Handler
 .text.HardFault_Handler
                0x08002a96        0x2 CMakeFiles/STM32F103C6.elf.dir/Core/Src/stm32f1xx_it.c.obj
                0x08002a96                HardFault_Handler
 .text.MemManage_Handler
                0x08002a98        0x2 CMakeFiles/STM32F103C6.elf.dir/Core/Src/stm32f1xx_it.c.obj
                0x08002a98                MemManage_Handler
 .text.BusFault_Handler
                0x08002a9a        0x2 CMakeFiles/STM32F103C6.elf.dir/Core/Src/stm32f1xx_it.c.obj
                0x08002a9a                BusFault_Handler
 .text.UsageFault_Handler
                0x08002a9c        0x2 CMakeFiles/STM32F103C6.elf.dir/Core/Src/stm32f1xx_it.c.obj
                0x08002a9c                UsageFault_Handler
 .text.SVC_Handler
                0x08002a9e        0x2 CMakeFiles/STM32F103C6.elf.dir/Core/Src/stm32f1xx_it.c.obj
                0x08002a9e                SVC_Handler
 .text.DebugMon_Handler
                0x08002aa0        0x2 CMakeFiles/STM32F103C6.elf.dir/Core/Src/stm32f1xx_it.c.obj
                0x08002aa0                DebugMon_Handler
 .text.PendSV_Handler
                0x08002aa2        0x2 CMakeFiles/STM32F103C6.elf.dir/Core/Src/stm32f1xx_it.c.obj
                0x08002aa2                PendSV_Handler
 .text.SysTick_Handler
                0x08002aa4        0x8 CMakeFiles/STM32F103C6.elf.dir/Core/Src/stm32f1xx_it.c.obj
                0x08002aa4                SysTick_Handler
 .text._getpid  0x08002aac        0x4 CMakeFiles/STM32F103C6.elf.dir/Core/Src/syscalls.c.obj
                0x08002aac                _getpid
 .text._kill    0x08002ab0       0x10 CMakeFiles/STM32F103C6.elf.dir/Core/Src/syscalls.c.obj
                0x08002ab0                _kill
 .text._exit    0x08002ac0        0xc CMakeFiles/STM32F103C6.elf.dir/Core/Src/syscalls.c.obj
                0x08002ac0                _exit
 .text._read    0x08002acc       0x20 CMakeFiles/STM32F103C6.elf.dir/Core/Src/syscalls.c.obj
                0x08002acc                _read
 .text._write   0x08002aec       0x1c CMakeFiles/STM32F103C6.elf.dir/Core/Src/syscalls.c.obj
                0x08002aec                _write
 .text._close   0x08002b08        0x6 CMakeFiles/STM32F103C6.elf.dir/Core/Src/syscalls.c.obj
                0x08002b08                _close
 .text._fstat   0x08002b0e        0xa CMakeFiles/STM32F103C6.elf.dir/Core/Src/syscalls.c.obj
                0x08002b0e                _fstat
 .text._isatty  0x08002b18        0x4 CMakeFiles/STM32F103C6.elf.dir/Core/Src/syscalls.c.obj
                0x08002b18                _isatty
 .text._lseek   0x08002b1c        0x4 CMakeFiles/STM32F103C6.elf.dir/Core/Src/syscalls.c.obj
                0x08002b1c                _lseek
 .text._sbrk    0x08002b20       0x48 CMakeFiles/STM32F103C6.elf.dir/Core/Src/sysmem.c.obj
                0x08002b20                _sbrk
 .text.SystemInit
                0x08002b68        0x2 CMakeFiles/STM32F103C6.elf.dir/Core/Src/system_stm32f1xx.c.obj
                0x08002b68                SystemInit
 *fill*         0x08002b6a        0x2 
 .text.Reset_Handler
                0x08002b6c       0x48 CMakeFiles/STM32F103C6.elf.dir/Core/Startup/startup_stm32f103c6tx.s.obj
                0x08002b6c                Reset_Handler
 .text.Default_Handler
                0x08002bb4        0x2 CMakeFiles/STM32F103C6.elf.dir/Core/Startup/startup_stm32f103c6tx.s.obj
                0x08002bb4                RTC_Alarm_IRQHandler
                0x08002bb4                EXTI2_IRQHandler
                0x08002bb4                TIM1_CC_IRQHandler
                0x08002bb4                PVD_IRQHandler
                0x08002bb4                EXTI3_IRQHandler
                0x08002bb4                EXTI0_IRQHandler
                0x08002bb4                ADC1_2_IRQHandler
                0x08002bb4                SPI1_IRQHandler
                0x08002bb4                TAMPER_IRQHandler
                0x08002bb4                DMA1_Channel4_IRQHandler
                0x08002bb4                RTC_IRQHandler
                0x08002bb4                DMA1_Channel7_IRQHandler
                0x08002bb4                CAN1_RX1_IRQHandler
                0x08002bb4                I2C1_EV_IRQHandler
                0x08002bb4                DMA1_Channel6_IRQHandler
                0x08002bb4                TIM3_IRQHandler
                0x08002bb4                RCC_IRQHandler
                0x08002bb4                TIM1_TRG_COM_IRQHandler
                0x08002bb4                DMA1_Channel1_IRQHandler
                0x08002bb4                Default_Handler
                0x08002bb4                EXTI15_10_IRQHandler
                0x08002bb4                EXTI9_5_IRQHandler
                0x08002bb4                DMA1_Channel5_IRQHandler
                0x08002bb4                EXTI4_IRQHandler
                0x08002bb4                USB_LP_CAN1_RX0_IRQHandler
                0x08002bb4                USB_HP_CAN1_TX_IRQHandler
                0x08002bb4                DMA1_Channel3_IRQHandler
                0x08002bb4                TIM1_UP_IRQHandler
                0x08002bb4                WWDG_IRQHandler
                0x08002bb4                TIM2_IRQHandler
                0x08002bb4                TIM1_BRK_IRQHandler
                0x08002bb4                EXTI1_IRQHandler
                0x08002bb4                USART2_IRQHandler
                0x08002bb4                DMA1_Channel2_IRQHandler
                0x08002bb4                CAN1_SCE_IRQHandler
                0x08002bb4                FLASH_IRQHandler
                0x08002bb4                USART1_IRQHandler
                0x08002bb4                I2C1_ER_IRQHandler
                0x08002bb4                USBWakeUp_IRQHandler
 *fill*         0x08002bb6        0x2 
 .text.HAL_InitTick
                0x08002bb8       0x4c CMakeFiles/STM32F103C6.elf.dir/Drivers/STM32F1xx_HAL_Driver/Src/stm32f1xx_hal.c.obj
                0x08002bb8                HAL_InitTick
 .text.HAL_Init
                0x08002c04       0x24 CMakeFiles/STM32F103C6.elf.dir/Drivers/STM32F1xx_HAL_Driver/Src/stm32f1xx_hal.c.obj
                0x08002c04                HAL_Init
 .text.HAL_IncTick
                0x08002c28       0x18 CMakeFiles/STM32F103C6.elf.dir/Drivers/STM32F1xx_HAL_Driver/Src/stm32f1xx_hal.c.obj
                0x08002c28                HAL_IncTick
 .text.HAL_GetTick
                0x08002c40        0xc CMakeFiles/STM32F103C6.elf.dir/Drivers/STM32F1xx_HAL_Driver/Src/stm32f1xx_hal.c.obj
                0x08002c40                HAL_GetTick
 .text.HAL_Delay
                0x08002c4c       0x28 CMakeFiles/STM32F103C6.elf.dir/Drivers/STM32F1xx_HAL_Driver/Src/stm32f1xx_hal.c.obj
                0x08002c4c                HAL_Delay
 .text.HAL_NVIC_SetPriorityGrouping
                0x08002c74       0x24 CMakeFiles/STM32F103C6.elf.dir/Drivers/STM32F1xx_HAL_Driver/Src/stm32f1xx_hal_cortex.c.obj
                0x08002c74                HAL_NVIC_SetPriorityGrouping
 .text.HAL_NVIC_SetPriority
                0x08002c98       0x70 CMakeFiles/STM32F103C6.elf.dir/Drivers/STM32F1xx_HAL_Driver/Src/stm32f1xx_hal_cortex.c.obj
                0x08002c98                HAL_NVIC_SetPriority
 .text.HAL_SYSTICK_Config
                0x08002d08       0x28 CMakeFiles/STM32F103C6.elf.dir/Drivers/STM32F1xx_HAL_Driver/Src/stm32f1xx_hal_cortex.c.obj
                0x08002d08                HAL_SYSTICK_Config
 .text.HAL_GPIO_Init
                0x08002d30      0x220 CMakeFiles/STM32F103C6.elf.dir/Drivers/STM32F1xx_HAL_Driver/Src/stm32f1xx_hal_gpio.c.obj
                0x08002d30                HAL_GPIO_Init
 .text.HAL_GPIO_WritePin
                0x08002f50        0xc CMakeFiles/STM32F103C6.elf.dir/Drivers/STM32F1xx_HAL_Driver/Src/stm32f1xx_hal_gpio.c.obj
                0x08002f50                HAL_GPIO_WritePin
 .text.I2C_IsAcknowledgeFailed
                0x08002f5c       0x32 CMakeFiles/STM32F103C6.elf.dir/Drivers/STM32F1xx_HAL_Driver/Src/stm32f1xx_hal_i2c.c.obj
 .text.I2C_WaitOnFlagUntilTimeout
                0x08002f8e       0xaa CMakeFiles/STM32F103C6.elf.dir/Drivers/STM32F1xx_HAL_Driver/Src/stm32f1xx_hal_i2c.c.obj
 .text.I2C_WaitOnMasterAddressFlagUntilTimeout
                0x08003038       0xd6 CMakeFiles/STM32F103C6.elf.dir/Drivers/STM32F1xx_HAL_Driver/Src/stm32f1xx_hal_i2c.c.obj
 *fill*         0x0800310e        0x2 
 .text.I2C_MasterRequestWrite
                0x08003110       0xb4 CMakeFiles/STM32F103C6.elf.dir/Drivers/STM32F1xx_HAL_Driver/Src/stm32f1xx_hal_i2c.c.obj
 .text.I2C_WaitOnTXEFlagUntilTimeout
                0x080031c4       0x5e CMakeFiles/STM32F103C6.elf.dir/Drivers/STM32F1xx_HAL_Driver/Src/stm32f1xx_hal_i2c.c.obj
 .text.I2C_WaitOnBTFFlagUntilTimeout
                0x08003222       0x5e CMakeFiles/STM32F103C6.elf.dir/Drivers/STM32F1xx_HAL_Driver/Src/stm32f1xx_hal_i2c.c.obj
 .text.HAL_I2C_Init
                0x08003280      0x1bc CMakeFiles/STM32F103C6.elf.dir/Drivers/STM32F1xx_HAL_Driver/Src/stm32f1xx_hal_i2c.c.obj
                0x08003280                HAL_I2C_Init
 .text.HAL_I2C_Master_Transmit
                0x0800343c      0x178 CMakeFiles/STM32F103C6.elf.dir/Drivers/STM32F1xx_HAL_Driver/Src/stm32f1xx_hal_i2c.c.obj
                0x0800343c                HAL_I2C_Master_Transmit
 .text.RCC_Delay
                0x080035b4       0x2c CMakeFiles/STM32F103C6.elf.dir/Drivers/STM32F1xx_HAL_Driver/Src/stm32f1xx_hal_rcc.c.obj
 .text.HAL_RCC_OscConfig
                0x080035e0      0x410 CMakeFiles/STM32F103C6.elf.dir/Drivers/STM32F1xx_HAL_Driver/Src/stm32f1xx_hal_rcc.c.obj
                0x080035e0                HAL_RCC_OscConfig
 .text.HAL_RCC_GetSysClockFreq
                0x080039f0       0x54 CMakeFiles/STM32F103C6.elf.dir/Drivers/STM32F1xx_HAL_Driver/Src/stm32f1xx_hal_rcc.c.obj
                0x080039f0                HAL_RCC_GetSysClockFreq
 .text.HAL_RCC_ClockConfig
                0x08003a44      0x16c CMakeFiles/STM32F103C6.elf.dir/Drivers/STM32F1xx_HAL_Driver/Src/stm32f1xx_hal_rcc.c.obj
                0x08003a44                HAL_RCC_ClockConfig
 .text.HAL_RCC_GetHCLKFreq
                0x08003bb0        0xc CMakeFiles/STM32F103C6.elf.dir/Drivers/STM32F1xx_HAL_Driver/Src/stm32f1xx_hal_rcc.c.obj
                0x08003bb0                HAL_RCC_GetHCLKFreq
 .text.HAL_RCC_GetPCLK1Freq
                0x08003bbc       0x20 CMakeFiles/STM32F103C6.elf.dir/Drivers/STM32F1xx_HAL_Driver/Src/stm32f1xx_hal_rcc.c.obj
                0x08003bbc                HAL_RCC_GetPCLK1Freq
 .text.__errno  0x08003bdc        0xc f:/clion_to_keil/gcc/102021.10/bin/../lib/gcc/arm-none-eabi/10.3.1/../../../../arm-none-eabi/lib/thumb/v7-m/nofp\libc.a(lib_a-errno.o)
                0x08003bdc                __errno
 .text.__libc_init_array
                0x08003be8       0x48 f:/clion_to_keil/gcc/102021.10/bin/../lib/gcc/arm-none-eabi/10.3.1/../../../../arm-none-eabi/lib/thumb/v7-m/nofp\libc.a(lib_a-init.o)
                0x08003be8                __libc_init_array
 .text.memset   0x08003c30       0xa4 f:/clion_to_keil/gcc/102021.10/bin/../lib/gcc/arm-none-eabi/10.3.1/../../../../arm-none-eabi/lib/thumb/v7-m/nofp\libc.a(lib_a-memset.o)
                0x08003c30                memset
 .text.vsprintf
                0x08003cd4       0x38 f:/clion_to_keil/gcc/102021.10/bin/../lib/gcc/arm-none-eabi/10.3.1/../../../../arm-none-eabi/lib/thumb/v7-m/nofp\libc.a(lib_a-vsprintf.o)
                0x08003cd4                vsprintf
 .text.startup.register_fini
                0x08003d0c       0x14 f:/clion_to_keil/gcc/102021.10/bin/../lib/gcc/arm-none-eabi/10.3.1/../../../../arm-none-eabi/lib/thumb/v7-m/nofp\libc.a(lib_a-__call_atexit.o)
 .text.atexit   0x08003d20        0xc f:/clion_to_keil/gcc/102021.10/bin/../lib/gcc/arm-none-eabi/10.3.1/../../../../arm-none-eabi/lib/thumb/v7-m/nofp\libc.a(lib_a-atexit.o)
                0x08003d20                atexit
 .text.__libc_fini_array
                0x08003d2c       0x2c f:/clion_to_keil/gcc/102021.10/bin/../lib/gcc/arm-none-eabi/10.3.1/../../../../arm-none-eabi/lib/thumb/v7-m/nofp\libc.a(lib_a-fini.o)
                0x08003d2c                __libc_fini_array
 .text.__retarget_lock_init_recursive
                0x08003d58        0x4 f:/clion_to_keil/gcc/102021.10/bin/../lib/gcc/arm-none-eabi/10.3.1/../../../../arm-none-eabi/lib/thumb/v7-m/nofp\libc.a(lib_a-lock.o)
                0x08003d58                __retarget_lock_init_recursive
 .text.__retarget_lock_close_recursive
                0x08003d5c        0x4 f:/clion_to_keil/gcc/102021.10/bin/../lib/gcc/arm-none-eabi/10.3.1/../../../../arm-none-eabi/lib/thumb/v7-m/nofp\libc.a(lib_a-lock.o)
                0x08003d5c                __retarget_lock_close_recursive
 .text.__retarget_lock_acquire_recursive
                0x08003d60        0x4 f:/clion_to_keil/gcc/102021.10/bin/../lib/gcc/arm-none-eabi/10.3.1/../../../../arm-none-eabi/lib/thumb/v7-m/nofp\libc.a(lib_a-lock.o)
                0x08003d60                __retarget_lock_acquire_recursive
 .text.__retarget_lock_release_recursive
                0x08003d64        0x4 f:/clion_to_keil/gcc/102021.10/bin/../lib/gcc/arm-none-eabi/10.3.1/../../../../arm-none-eabi/lib/thumb/v7-m/nofp\libc.a(lib_a-lock.o)
                0x08003d64                __retarget_lock_release_recursive
 .text._svfprintf_r
                0x08003d68     0x1aa4 f:/clion_to_keil/gcc/102021.10/bin/../lib/gcc/arm-none-eabi/10.3.1/../../../../arm-none-eabi/lib/thumb/v7-m/nofp\libc.a(lib_a-svfprintf.o)
                0x08003d68                _svfprintf_r
 .text.__register_exitproc
                0x0800580c       0x8c f:/clion_to_keil/gcc/102021.10/bin/../lib/gcc/arm-none-eabi/10.3.1/../../../../arm-none-eabi/lib/thumb/v7-m/nofp\libc.a(lib_a-__atexit.o)
                0x0800580c                __register_exitproc
 .text.quorem   0x08005898      0x12c f:/clion_to_keil/gcc/102021.10/bin/../lib/gcc/arm-none-eabi/10.3.1/../../../../arm-none-eabi/lib/thumb/v7-m/nofp\libc.a(lib_a-dtoa.o)
 *fill*         0x080059c4        0x4 
 .text._dtoa_r  0x080059c8      0xecc f:/clion_to_keil/gcc/102021.10/bin/../lib/gcc/arm-none-eabi/10.3.1/../../../../arm-none-eabi/lib/thumb/v7-m/nofp\libc.a(lib_a-dtoa.o)
                0x080059c8                _dtoa_r
 .text._malloc_trim_r
                0x08006894       0xa0 f:/clion_to_keil/gcc/102021.10/bin/../lib/gcc/arm-none-eabi/10.3.1/../../../../arm-none-eabi/lib/thumb/v7-m/nofp\libc.a(lib_a-freer.o)
                0x08006894                _malloc_trim_r
 .text._free_r  0x08006934      0x200 f:/clion_to_keil/gcc/102021.10/bin/../lib/gcc/arm-none-eabi/10.3.1/../../../../arm-none-eabi/lib/thumb/v7-m/nofp\libc.a(lib_a-freer.o)
                0x08006934                _free_r
 .text._localeconv_r
                0x08006b34        0x8 f:/clion_to_keil/gcc/102021.10/bin/../lib/gcc/arm-none-eabi/10.3.1/../../../../arm-none-eabi/lib/thumb/v7-m/nofp\libc.a(lib_a-localeconv.o)
                0x08006b34                _localeconv_r
 .text._malloc_r
                0x08006b3c      0x558 f:/clion_to_keil/gcc/102021.10/bin/../lib/gcc/arm-none-eabi/10.3.1/../../../../arm-none-eabi/lib/thumb/v7-m/nofp\libc.a(lib_a-mallocr.o)
                0x08006b3c                _malloc_r
 .text.memchr   0x08007094       0x90 f:/clion_to_keil/gcc/102021.10/bin/../lib/gcc/arm-none-eabi/10.3.1/../../../../arm-none-eabi/lib/thumb/v7-m/nofp\libc.a(lib_a-memchr-stub.o)
                0x08007094                memchr
 .text.__malloc_lock
                0x08007124        0xc f:/clion_to_keil/gcc/102021.10/bin/../lib/gcc/arm-none-eabi/10.3.1/../../../../arm-none-eabi/lib/thumb/v7-m/nofp\libc.a(lib_a-mlock.o)
                0x08007124                __malloc_lock
 .text.__malloc_unlock
                0x08007130        0xc f:/clion_to_keil/gcc/102021.10/bin/../lib/gcc/arm-none-eabi/10.3.1/../../../../arm-none-eabi/lib/thumb/v7-m/nofp\libc.a(lib_a-mlock.o)
                0x08007130                __malloc_unlock
 .text._Balloc  0x0800713c       0x4c f:/clion_to_keil/gcc/102021.10/bin/../lib/gcc/arm-none-eabi/10.3.1/../../../../arm-none-eabi/lib/thumb/v7-m/nofp\libc.a(lib_a-mprec.o)
                0x0800713c                _Balloc
 .text._Bfree   0x08007188       0x14 f:/clion_to_keil/gcc/102021.10/bin/../lib/gcc/arm-none-eabi/10.3.1/../../../../arm-none-eabi/lib/thumb/v7-m/nofp\libc.a(lib_a-mprec.o)
                0x08007188                _Bfree
 .text.__multadd
                0x0800719c       0xa4 f:/clion_to_keil/gcc/102021.10/bin/../lib/gcc/arm-none-eabi/10.3.1/../../../../arm-none-eabi/lib/thumb/v7-m/nofp\libc.a(lib_a-mprec.o)
                0x0800719c                __multadd
 .text.__hi0bits
                0x08007240       0x40 f:/clion_to_keil/gcc/102021.10/bin/../lib/gcc/arm-none-eabi/10.3.1/../../../../arm-none-eabi/lib/thumb/v7-m/nofp\libc.a(lib_a-mprec.o)
                0x08007240                __hi0bits
 .text.__lo0bits
                0x08007280       0x58 f:/clion_to_keil/gcc/102021.10/bin/../lib/gcc/arm-none-eabi/10.3.1/../../../../arm-none-eabi/lib/thumb/v7-m/nofp\libc.a(lib_a-mprec.o)
                0x08007280                __lo0bits
 .text.__i2b    0x080072d8       0x5c f:/clion_to_keil/gcc/102021.10/bin/../lib/gcc/arm-none-eabi/10.3.1/../../../../arm-none-eabi/lib/thumb/v7-m/nofp\libc.a(lib_a-mprec.o)
                0x080072d8                __i2b
 .text.__multiply
                0x08007334      0x15c f:/clion_to_keil/gcc/102021.10/bin/../lib/gcc/arm-none-eabi/10.3.1/../../../../arm-none-eabi/lib/thumb/v7-m/nofp\libc.a(lib_a-mprec.o)
                0x08007334                __multiply
 .text.__pow5mult
                0x08007490       0xb8 f:/clion_to_keil/gcc/102021.10/bin/../lib/gcc/arm-none-eabi/10.3.1/../../../../arm-none-eabi/lib/thumb/v7-m/nofp\libc.a(lib_a-mprec.o)
                0x08007490                __pow5mult
 .text.__lshift
                0x08007548       0xec f:/clion_to_keil/gcc/102021.10/bin/../lib/gcc/arm-none-eabi/10.3.1/../../../../arm-none-eabi/lib/thumb/v7-m/nofp\libc.a(lib_a-mprec.o)
                0x08007548                __lshift
 .text.__mcmp   0x08007634       0x40 f:/clion_to_keil/gcc/102021.10/bin/../lib/gcc/arm-none-eabi/10.3.1/../../../../arm-none-eabi/lib/thumb/v7-m/nofp\libc.a(lib_a-mprec.o)
                0x08007634                __mcmp
 .text.__mdiff  0x08007674      0x14c f:/clion_to_keil/gcc/102021.10/bin/../lib/gcc/arm-none-eabi/10.3.1/../../../../arm-none-eabi/lib/thumb/v7-m/nofp\libc.a(lib_a-mprec.o)
                0x08007674                __mdiff
 .text.__d2b    0x080077c0       0xc4 f:/clion_to_keil/gcc/102021.10/bin/../lib/gcc/arm-none-eabi/10.3.1/../../../../arm-none-eabi/lib/thumb/v7-m/nofp\libc.a(lib_a-mprec.o)
                0x080077c0                __d2b
 .text.frexp    0x08007884       0x70 f:/clion_to_keil/gcc/102021.10/bin/../lib/gcc/arm-none-eabi/10.3.1/../../../../arm-none-eabi/lib/thumb/v7-m/nofp\libc.a(lib_a-s_frexp.o)
                0x08007884                frexp
 .text._sbrk_r  0x080078f4       0x24 f:/clion_to_keil/gcc/102021.10/bin/../lib/gcc/arm-none-eabi/10.3.1/../../../../arm-none-eabi/lib/thumb/v7-m/nofp\libc.a(lib_a-sbrkr.o)
                0x080078f4                _sbrk_r
 .text.strlen   0x08007918       0x5c f:/clion_to_keil/gcc/102021.10/bin/../lib/gcc/arm-none-eabi/10.3.1/../../../../arm-none-eabi/lib/thumb/v7-m/nofp\libc.a(lib_a-strlen-stub.o)
                0x08007918                strlen
 .text.strncpy  0x08007974       0x68 f:/clion_to_keil/gcc/102021.10/bin/../lib/gcc/arm-none-eabi/10.3.1/../../../../arm-none-eabi/lib/thumb/v7-m/nofp\libc.a(lib_a-strncpy.o)
                0x08007974                strncpy
 .text.__ssprint_r
                0x080079dc       0xfc f:/clion_to_keil/gcc/102021.10/bin/../lib/gcc/arm-none-eabi/10.3.1/../../../../arm-none-eabi/lib/thumb/v7-m/nofp\libc.a(lib_a-svfiprintf.o)
                0x080079dc                __ssprint_r
 .text.__assert_func
                0x08007ad8       0x40 f:/clion_to_keil/gcc/102021.10/bin/../lib/gcc/arm-none-eabi/10.3.1/../../../../arm-none-eabi/lib/thumb/v7-m/nofp\libc.a(lib_a-assert.o)
                0x08007ad8                __assert_func
 .text._calloc_r
                0x08007b18       0x78 f:/clion_to_keil/gcc/102021.10/bin/../lib/gcc/arm-none-eabi/10.3.1/../../../../arm-none-eabi/lib/thumb/v7-m/nofp\libc.a(lib_a-callocr.o)
                0x08007b18                _calloc_r
 .text.fiprintf
                0x08007b90       0x28 f:/clion_to_keil/gcc/102021.10/bin/../lib/gcc/arm-none-eabi/10.3.1/../../../../arm-none-eabi/lib/thumb/v7-m/nofp\libc.a(lib_a-fiprintf.o)
                0x08007b90                fiprintf
 .text.__locale_mb_cur_max
                0x08007bb8        0xc f:/clion_to_keil/gcc/102021.10/bin/../lib/gcc/arm-none-eabi/10.3.1/../../../../arm-none-eabi/lib/thumb/v7-m/nofp\libc.a(lib_a-locale.o)
                0x08007bb8                __locale_mb_cur_max
 .text.__ascii_mbtowc
                0x08007bc4       0x2c f:/clion_to_keil/gcc/102021.10/bin/../lib/gcc/arm-none-eabi/10.3.1/../../../../arm-none-eabi/lib/thumb/v7-m/nofp\libc.a(lib_a-mbtowc_r.o)
                0x08007bc4                __ascii_mbtowc
 .text.memmove  0x08007bf0       0xf8 f:/clion_to_keil/gcc/102021.10/bin/../lib/gcc/arm-none-eabi/10.3.1/../../../../arm-none-eabi/lib/thumb/v7-m/nofp\libc.a(lib_a-memmove.o)
                0x08007bf0                memmove
 .text._realloc_r
                0x08007ce8      0x3dc f:/clion_to_keil/gcc/102021.10/bin/../lib/gcc/arm-none-eabi/10.3.1/../../../../arm-none-eabi/lib/thumb/v7-m/nofp\libc.a(lib_a-reallocr.o)
                0x08007ce8                _realloc_r
 .text.__sprint_r.part.0
                0x080080c4       0x78 f:/clion_to_keil/gcc/102021.10/bin/../lib/gcc/arm-none-eabi/10.3.1/../../../../arm-none-eabi/lib/thumb/v7-m/nofp\libc.a(lib_a-vfiprintf.o)
 .text._vfiprintf_r
                0x0800813c      0xd98 f:/clion_to_keil/gcc/102021.10/bin/../lib/gcc/arm-none-eabi/10.3.1/../../../../arm-none-eabi/lib/thumb/v7-m/nofp\libc.a(lib_a-vfiprintf.o)
                0x0800813c                _vfiprintf_r
 .text.__sbprintf
                0x08008ed4       0x84 f:/clion_to_keil/gcc/102021.10/bin/../lib/gcc/arm-none-eabi/10.3.1/../../../../arm-none-eabi/lib/thumb/v7-m/nofp\libc.a(lib_a-vfiprintf.o)
 .text.__ascii_wctomb
                0x08008f58       0x1c f:/clion_to_keil/gcc/102021.10/bin/../lib/gcc/arm-none-eabi/10.3.1/../../../../arm-none-eabi/lib/thumb/v7-m/nofp\libc.a(lib_a-wctomb_r.o)
                0x08008f58                __ascii_wctomb
 .text.__swsetup_r
                0x08008f74       0xd4 f:/clion_to_keil/gcc/102021.10/bin/../lib/gcc/arm-none-eabi/10.3.1/../../../../arm-none-eabi/lib/thumb/v7-m/nofp\libc.a(lib_a-wsetup.o)
                0x08008f74                __swsetup_r
 .text.abort    0x08009048       0x10 f:/clion_to_keil/gcc/102021.10/bin/../lib/gcc/arm-none-eabi/10.3.1/../../../../arm-none-eabi/lib/thumb/v7-m/nofp\libc.a(lib_a-abort.o)
                0x08009048                abort
 .text.__sflush_r
                0x08009058      0x124 f:/clion_to_keil/gcc/102021.10/bin/../lib/gcc/arm-none-eabi/10.3.1/../../../../arm-none-eabi/lib/thumb/v7-m/nofp\libc.a(lib_a-fflush.o)
                0x08009058                __sflush_r
 .text._fflush_r
                0x0800917c       0x5c f:/clion_to_keil/gcc/102021.10/bin/../lib/gcc/arm-none-eabi/10.3.1/../../../../arm-none-eabi/lib/thumb/v7-m/nofp\libc.a(lib_a-fflush.o)
                0x0800917c                _fflush_r
 .text._cleanup_r
                0x080091d8        0xc f:/clion_to_keil/gcc/102021.10/bin/../lib/gcc/arm-none-eabi/10.3.1/../../../../arm-none-eabi/lib/thumb/v7-m/nofp\libc.a(lib_a-findfp.o)
                0x080091d8                _cleanup_r
 .text.__sinit  0x080091e4      0x10c f:/clion_to_keil/gcc/102021.10/bin/../lib/gcc/arm-none-eabi/10.3.1/../../../../arm-none-eabi/lib/thumb/v7-m/nofp\libc.a(lib_a-findfp.o)
                0x080091e4                __sinit
 .text.__sfp_lock_acquire
                0x080092f0        0xc f:/clion_to_keil/gcc/102021.10/bin/../lib/gcc/arm-none-eabi/10.3.1/../../../../arm-none-eabi/lib/thumb/v7-m/nofp\libc.a(lib_a-findfp.o)
                0x080092f0                __sfp_lock_acquire
 .text.__sfp_lock_release
                0x080092fc        0xc f:/clion_to_keil/gcc/102021.10/bin/../lib/gcc/arm-none-eabi/10.3.1/../../../../arm-none-eabi/lib/thumb/v7-m/nofp\libc.a(lib_a-findfp.o)
                0x080092fc                __sfp_lock_release
 .text.__fputwc
                0x08009308       0xa0 f:/clion_to_keil/gcc/102021.10/bin/../lib/gcc/arm-none-eabi/10.3.1/../../../../arm-none-eabi/lib/thumb/v7-m/nofp\libc.a(lib_a-fputwc.o)
                0x08009308                __fputwc
 .text._fputwc_r
                0x080093a8       0x68 f:/clion_to_keil/gcc/102021.10/bin/../lib/gcc/arm-none-eabi/10.3.1/../../../../arm-none-eabi/lib/thumb/v7-m/nofp\libc.a(lib_a-fputwc.o)
                0x080093a8                _fputwc_r
 .text.__sfvwrite_r
                0x08009410      0x2f0 f:/clion_to_keil/gcc/102021.10/bin/../lib/gcc/arm-none-eabi/10.3.1/../../../../arm-none-eabi/lib/thumb/v7-m/nofp\libc.a(lib_a-fvwrite.o)
                0x08009410                __sfvwrite_r
 .text._fwalk_reent
                0x08009700       0x48 f:/clion_to_keil/gcc/102021.10/bin/../lib/gcc/arm-none-eabi/10.3.1/../../../../arm-none-eabi/lib/thumb/v7-m/nofp\libc.a(lib_a-fwalk.o)
                0x08009700                _fwalk_reent
 .text.__smakebuf_r
                0x08009748       0xe0 f:/clion_to_keil/gcc/102021.10/bin/../lib/gcc/arm-none-eabi/10.3.1/../../../../arm-none-eabi/lib/thumb/v7-m/nofp\libc.a(lib_a-makebuf.o)
                0x08009748                __smakebuf_r
 .text.raise    0x08009828       0x5c f:/clion_to_keil/gcc/102021.10/bin/../lib/gcc/arm-none-eabi/10.3.1/../../../../arm-none-eabi/lib/thumb/v7-m/nofp\libc.a(lib_a-signal.o)
                0x08009828                raise
 .text._kill_r  0x08009884       0x28 f:/clion_to_keil/gcc/102021.10/bin/../lib/gcc/arm-none-eabi/10.3.1/../../../../arm-none-eabi/lib/thumb/v7-m/nofp\libc.a(lib_a-signalr.o)
                0x08009884                _kill_r
 .text._getpid_r
                0x080098ac        0x4 f:/clion_to_keil/gcc/102021.10/bin/../lib/gcc/arm-none-eabi/10.3.1/../../../../arm-none-eabi/lib/thumb/v7-m/nofp\libc.a(lib_a-signalr.o)
                0x080098ac                _getpid_r
 .text.__sread  0x080098b0       0x24 f:/clion_to_keil/gcc/102021.10/bin/../lib/gcc/arm-none-eabi/10.3.1/../../../../arm-none-eabi/lib/thumb/v7-m/nofp\libc.a(lib_a-stdio.o)
                0x080098b0                __sread
 .text.__swrite
                0x080098d4       0x40 f:/clion_to_keil/gcc/102021.10/bin/../lib/gcc/arm-none-eabi/10.3.1/../../../../arm-none-eabi/lib/thumb/v7-m/nofp\libc.a(lib_a-stdio.o)
                0x080098d4                __swrite
 .text.__sseek  0x08009914       0x20 f:/clion_to_keil/gcc/102021.10/bin/../lib/gcc/arm-none-eabi/10.3.1/../../../../arm-none-eabi/lib/thumb/v7-m/nofp\libc.a(lib_a-stdio.o)
                0x08009914                __sseek
 .text.__sclose
                0x08009934        0x8 f:/clion_to_keil/gcc/102021.10/bin/../lib/gcc/arm-none-eabi/10.3.1/../../../../arm-none-eabi/lib/thumb/v7-m/nofp\libc.a(lib_a-stdio.o)
                0x08009934                __sclose
 .text.__swbuf_r
                0x0800993c       0xb0 f:/clion_to_keil/gcc/102021.10/bin/../lib/gcc/arm-none-eabi/10.3.1/../../../../arm-none-eabi/lib/thumb/v7-m/nofp\libc.a(lib_a-wbuf.o)
                0x0800993c                __swbuf_r
 .text._wcrtomb_r
                0x080099ec       0x3c f:/clion_to_keil/gcc/102021.10/bin/../lib/gcc/arm-none-eabi/10.3.1/../../../../arm-none-eabi/lib/thumb/v7-m/nofp\libc.a(lib_a-wcrtomb.o)
                0x080099ec                _wcrtomb_r
 .text._write_r
                0x08009a28       0x2c f:/clion_to_keil/gcc/102021.10/bin/../lib/gcc/arm-none-eabi/10.3.1/../../../../arm-none-eabi/lib/thumb/v7-m/nofp\libc.a(lib_a-writer.o)
                0x08009a28                _write_r
 .text._close_r
                0x08009a54       0x24 f:/clion_to_keil/gcc/102021.10/bin/../lib/gcc/arm-none-eabi/10.3.1/../../../../arm-none-eabi/lib/thumb/v7-m/nofp\libc.a(lib_a-closer.o)
                0x08009a54                _close_r
 .text._fclose_r
                0x08009a78       0xcc f:/clion_to_keil/gcc/102021.10/bin/../lib/gcc/arm-none-eabi/10.3.1/../../../../arm-none-eabi/lib/thumb/v7-m/nofp\libc.a(lib_a-fclose.o)
                0x08009a78                _fclose_r
 .text._fstat_r
                0x08009b44       0x28 f:/clion_to_keil/gcc/102021.10/bin/../lib/gcc/arm-none-eabi/10.3.1/../../../../arm-none-eabi/lib/thumb/v7-m/nofp\libc.a(lib_a-fstatr.o)
                0x08009b44                _fstat_r
 .text._isatty_r
                0x08009b6c       0x24 f:/clion_to_keil/gcc/102021.10/bin/../lib/gcc/arm-none-eabi/10.3.1/../../../../arm-none-eabi/lib/thumb/v7-m/nofp\libc.a(lib_a-isattyr.o)
                0x08009b6c                _isatty_r
 .text._lseek_r
                0x08009b90       0x2c f:/clion_to_keil/gcc/102021.10/bin/../lib/gcc/arm-none-eabi/10.3.1/../../../../arm-none-eabi/lib/thumb/v7-m/nofp\libc.a(lib_a-lseekr.o)
                0x08009b90                _lseek_r
 .text._read_r  0x08009bbc       0x2c f:/clion_to_keil/gcc/102021.10/bin/../lib/gcc/arm-none-eabi/10.3.1/../../../../arm-none-eabi/lib/thumb/v7-m/nofp\libc.a(lib_a-readr.o)
                0x08009bbc                _read_r
 .text.round    0x08009be8       0x98 f:/clion_to_keil/gcc/102021.10/bin/../lib/gcc/arm-none-eabi/10.3.1/../../../../arm-none-eabi/lib/thumb/v7-m/nofp\libm.a(lib_a-s_round.o)
                0x08009be8                round
 .text.atan2    0x08009c80        0x4 f:/clion_to_keil/gcc/102021.10/bin/../lib/gcc/arm-none-eabi/10.3.1/../../../../arm-none-eabi/lib/thumb/v7-m/nofp\libm.a(lib_a-w_atan2.o)
                0x08009c80                atan2
 *fill*         0x08009c84        0x4 
 .text.__ieee754_atan2
                0x08009c88      0x194 f:/clion_to_keil/gcc/102021.10/bin/../lib/gcc/arm-none-eabi/10.3.1/../../../../arm-none-eabi/lib/thumb/v7-m/nofp\libm.a(lib_a-e_atan2.o)
                0x08009c88                __ieee754_atan2
 *fill*         0x08009e1c        0x4 
 .text.atan     0x08009e20      0x31c f:/clion_to_keil/gcc/102021.10/bin/../lib/gcc/arm-none-eabi/10.3.1/../../../../arm-none-eabi/lib/thumb/v7-m/nofp\libm.a(lib_a-s_atan.o)
                0x08009e20                atan
 .text.fabs     0x0800a13c        0x8 f:/clion_to_keil/gcc/102021.10/bin/../lib/gcc/arm-none-eabi/10.3.1/../../../../arm-none-eabi/lib/thumb/v7-m/nofp\libm.a(lib_a-s_fabs.o)
                0x0800a13c                fabs
 *(.glue_7)
 .glue_7        0x0800a144        0x0 linker stubs
 *(.glue_7t)
 .glue_7t       0x0800a144        0x0 linker stubs
 *(.eh_frame)
 .eh_frame      0x0800a144        0x0 f:/clion_to_keil/gcc/102021.10/bin/../lib/gcc/arm-none-eabi/10.3.1/thumb/v7-m/nofp/crtbegin.o
 *(.init)
 .init          0x0800a144        0x4 f:/clion_to_keil/gcc/102021.10/bin/../lib/gcc/arm-none-eabi/10.3.1/thumb/v7-m/nofp/crti.o
                0x0800a144                _init
 .init          0x0800a148        0x8 f:/clion_to_keil/gcc/102021.10/bin/../lib/gcc/arm-none-eabi/10.3.1/thumb/v7-m/nofp/crtn.o
 *(.fini)
 .fini          0x0800a150        0x4 f:/clion_to_keil/gcc/102021.10/bin/../lib/gcc/arm-none-eabi/10.3.1/thumb/v7-m/nofp/crti.o
                0x0800a150                _fini
 .fini          0x0800a154        0x8 f:/clion_to_keil/gcc/102021.10/bin/../lib/gcc/arm-none-eabi/10.3.1/thumb/v7-m/nofp/crtn.o
                0x0800a15c                . = ALIGN (0x4)
                0x0800a15c                _etext = .

.vfp11_veneer   0x0800a15c        0x0
 .vfp11_veneer  0x0800a15c        0x0 linker stubs

.v4_bx          0x0800a15c        0x0
 .v4_bx         0x0800a15c        0x0 linker stubs

.iplt           0x0800a15c        0x0
 .iplt          0x0800a15c        0x0 f:/clion_to_keil/gcc/102021.10/bin/../lib/gcc/arm-none-eabi/10.3.1/thumb/v7-m/nofp/crtbegin.o

.rodata         0x0800a160      0xe28
                0x0800a160                . = ALIGN (0x4)
 *(.rodata)
 *(.rodata*)
 .rodata.Diode  0x0800a160       0x20 CMakeFiles/STM32F103C6.elf.dir/Core/Src/OLED_Data.c.obj
                0x0800a160                Diode
 .rodata.OLED_CF16x16
                0x0800a180       0xfc CMakeFiles/STM32F103C6.elf.dir/Core/Src/OLED_Data.c.obj
                0x0800a180                OLED_CF16x16
 .rodata.OLED_F6x8
                0x0800a27c      0x23a CMakeFiles/STM32F103C6.elf.dir/Core/Src/OLED_Data.c.obj
                0x0800a27c                OLED_F6x8
 *fill*         0x0800a4b6        0x2 
 .rodata.OLED_F8x16
                0x0800a4b8      0x5f0 CMakeFiles/STM32F103C6.elf.dir/Core/Src/OLED_Data.c.obj
                0x0800a4b8                OLED_F8x16
 .rodata.main.str1.4
                0x0800aaa8       0x48 CMakeFiles/STM32F103C6.elf.dir/Core/Src/main.c.obj
 .rodata.AHBPrescTable
                0x0800aaf0       0x10 CMakeFiles/STM32F103C6.elf.dir/Core/Src/system_stm32f1xx.c.obj
                0x0800aaf0                AHBPrescTable
 .rodata.APBPrescTable
                0x0800ab00        0x8 CMakeFiles/STM32F103C6.elf.dir/Core/Src/system_stm32f1xx.c.obj
                0x0800ab00                APBPrescTable
 .rodata.aPLLMULFactorTable.1
                0x0800ab08       0x10 CMakeFiles/STM32F103C6.elf.dir/Drivers/STM32F1xx_HAL_Driver/Src/stm32f1xx_hal_rcc.c.obj
 .rodata.aPredivFactorTable.0
                0x0800ab18        0x2 CMakeFiles/STM32F103C6.elf.dir/Drivers/STM32F1xx_HAL_Driver/Src/stm32f1xx_hal_rcc.c.obj
 *fill*         0x0800ab1a        0x2 
 .rodata._global_impure_ptr
                0x0800ab1c        0x4 f:/clion_to_keil/gcc/102021.10/bin/../lib/gcc/arm-none-eabi/10.3.1/../../../../arm-none-eabi/lib/thumb/v7-m/nofp\libc.a(lib_a-impure.o)
                0x0800ab1c                _global_impure_ptr
 .rodata._svfprintf_r.str1.4
                0x0800ab20       0x42 f:/clion_to_keil/gcc/102021.10/bin/../lib/gcc/arm-none-eabi/10.3.1/../../../../arm-none-eabi/lib/thumb/v7-m/nofp\libc.a(lib_a-svfprintf.o)
 *fill*         0x0800ab62        0x2 
 .rodata.blanks.1
                0x0800ab64       0x10 f:/clion_to_keil/gcc/102021.10/bin/../lib/gcc/arm-none-eabi/10.3.1/../../../../arm-none-eabi/lib/thumb/v7-m/nofp\libc.a(lib_a-svfprintf.o)
 .rodata.zeroes.0
                0x0800ab74       0x10 f:/clion_to_keil/gcc/102021.10/bin/../lib/gcc/arm-none-eabi/10.3.1/../../../../arm-none-eabi/lib/thumb/v7-m/nofp\libc.a(lib_a-svfprintf.o)
 .rodata._dtoa_r.str1.4
                0x0800ab84       0xa2 f:/clion_to_keil/gcc/102021.10/bin/../lib/gcc/arm-none-eabi/10.3.1/../../../../arm-none-eabi/lib/thumb/v7-m/nofp\libc.a(lib_a-dtoa.o)
                                 0xa6 (size before relaxing)
 *fill*         0x0800ac26        0x2 
 .rodata.__multadd.str1.4
                0x0800ac28       0x7f f:/clion_to_keil/gcc/102021.10/bin/../lib/gcc/arm-none-eabi/10.3.1/../../../../arm-none-eabi/lib/thumb/v7-m/nofp\libc.a(lib_a-mprec.o)
                                 0x93 (size before relaxing)
 *fill*         0x0800aca7        0x1 
 .rodata.__mprec_bigtens
                0x0800aca8       0x28 f:/clion_to_keil/gcc/102021.10/bin/../lib/gcc/arm-none-eabi/10.3.1/../../../../arm-none-eabi/lib/thumb/v7-m/nofp\libc.a(lib_a-mprec.o)
                0x0800aca8                __mprec_bigtens
 .rodata.__mprec_tens
                0x0800acd0       0xc8 f:/clion_to_keil/gcc/102021.10/bin/../lib/gcc/arm-none-eabi/10.3.1/../../../../arm-none-eabi/lib/thumb/v7-m/nofp\libc.a(lib_a-mprec.o)
                0x0800acd0                __mprec_tens
 .rodata.p05.0  0x0800ad98        0xc f:/clion_to_keil/gcc/102021.10/bin/../lib/gcc/arm-none-eabi/10.3.1/../../../../arm-none-eabi/lib/thumb/v7-m/nofp\libc.a(lib_a-mprec.o)
 .rodata.__assert_func.str1.4
                0x0800ada4       0x3f f:/clion_to_keil/gcc/102021.10/bin/../lib/gcc/arm-none-eabi/10.3.1/../../../../arm-none-eabi/lib/thumb/v7-m/nofp\libc.a(lib_a-assert.o)
                                 0x43 (size before relaxing)
 *fill*         0x0800ade3        0x1 
 .rodata._setlocale_r.str1.4
                0x0800ade4        0xa f:/clion_to_keil/gcc/102021.10/bin/../lib/gcc/arm-none-eabi/10.3.1/../../../../arm-none-eabi/lib/thumb/v7-m/nofp\libc.a(lib_a-locale.o)
                                  0xd (size before relaxing)
 *fill*         0x0800adee        0x2 
 .rodata.str1.4
                0x0800adf0        0x2 f:/clion_to_keil/gcc/102021.10/bin/../lib/gcc/arm-none-eabi/10.3.1/../../../../arm-none-eabi/lib/thumb/v7-m/nofp\libc.a(lib_a-locale.o)
 .rodata._vfiprintf_r.str1.4
                0x0800adf2       0x2f f:/clion_to_keil/gcc/102021.10/bin/../lib/gcc/arm-none-eabi/10.3.1/../../../../arm-none-eabi/lib/thumb/v7-m/nofp\libc.a(lib_a-vfiprintf.o)
 *fill*         0x0800adf2        0x2 
 .rodata.blanks.1
                0x0800adf4       0x10 f:/clion_to_keil/gcc/102021.10/bin/../lib/gcc/arm-none-eabi/10.3.1/../../../../arm-none-eabi/lib/thumb/v7-m/nofp\libc.a(lib_a-vfiprintf.o)
 .rodata.zeroes.0
                0x0800ae04       0x10 f:/clion_to_keil/gcc/102021.10/bin/../lib/gcc/arm-none-eabi/10.3.1/../../../../arm-none-eabi/lib/thumb/v7-m/nofp\libc.a(lib_a-vfiprintf.o)
 .rodata._ctype_
                0x0800ae14      0x101 f:/clion_to_keil/gcc/102021.10/bin/../lib/gcc/arm-none-eabi/10.3.1/../../../../arm-none-eabi/lib/thumb/v7-m/nofp\libc.a(lib_a-ctype_.o)
                0x0800ae14                _ctype_
 *fill*         0x0800af15        0x3 
 .rodata.CSWTCH.8
                0x0800af18       0x18 f:/clion_to_keil/gcc/102021.10/bin/../lib/gcc/arm-none-eabi/10.3.1/../../../../arm-none-eabi/lib/thumb/v7-m/nofp\libm.a(lib_a-e_atan2.o)
 .rodata.CSWTCH.9
                0x0800af30       0x18 f:/clion_to_keil/gcc/102021.10/bin/../lib/gcc/arm-none-eabi/10.3.1/../../../../arm-none-eabi/lib/thumb/v7-m/nofp\libm.a(lib_a-e_atan2.o)
 .rodata.atanhi
                0x0800af48       0x20 f:/clion_to_keil/gcc/102021.10/bin/../lib/gcc/arm-none-eabi/10.3.1/../../../../arm-none-eabi/lib/thumb/v7-m/nofp\libm.a(lib_a-s_atan.o)
 .rodata.atanlo
                0x0800af68       0x20 f:/clion_to_keil/gcc/102021.10/bin/../lib/gcc/arm-none-eabi/10.3.1/../../../../arm-none-eabi/lib/thumb/v7-m/nofp\libm.a(lib_a-s_atan.o)
                0x0800af88                . = ALIGN (0x4)

.ARM.extab      0x0800af88        0x0
                0x0800af88                . = ALIGN (0x4)
 *(.ARM.extab* .gnu.linkonce.armextab.*)
                0x0800af88                . = ALIGN (0x4)

.ARM            0x0800af88        0x8
                0x0800af88                . = ALIGN (0x4)
                0x0800af88                __exidx_start = .
 *(.ARM.exidx*)
 .ARM.exidx     0x0800af88        0x8 f:/clion_to_keil/gcc/102021.10/bin/../lib/gcc/arm-none-eabi/10.3.1/thumb/v7-m/nofp\libgcc.a(_udivmoddi4.o)
                0x0800af90                __exidx_end = .
                0x0800af90                . = ALIGN (0x4)

.rel.dyn        0x0800af90        0x0
 .rel.iplt      0x0800af90        0x0 f:/clion_to_keil/gcc/102021.10/bin/../lib/gcc/arm-none-eabi/10.3.1/thumb/v7-m/nofp/crtbegin.o

.preinit_array  0x0800af90        0x0
                0x0800af90                . = ALIGN (0x4)
                0x0800af90                PROVIDE (__preinit_array_start = .)
 *(.preinit_array*)
                0x0800af90                PROVIDE (__preinit_array_end = .)
                0x0800af90                . = ALIGN (0x4)

.init_array     0x0800af90        0x8
                0x0800af90                . = ALIGN (0x4)
                0x0800af90                PROVIDE (__init_array_start = .)
 *(SORT_BY_NAME(.init_array.*))
 .init_array.00000
                0x0800af90        0x4 f:/clion_to_keil/gcc/102021.10/bin/../lib/gcc/arm-none-eabi/10.3.1/../../../../arm-none-eabi/lib/thumb/v7-m/nofp\libc.a(lib_a-__call_atexit.o)
 *(.init_array*)
 .init_array    0x0800af94        0x4 f:/clion_to_keil/gcc/102021.10/bin/../lib/gcc/arm-none-eabi/10.3.1/thumb/v7-m/nofp/crtbegin.o
                0x0800af98                PROVIDE (__init_array_end = .)
                0x0800af98                . = ALIGN (0x4)

.fini_array     0x0800af98        0x4
                0x0800af98                . = ALIGN (0x4)
                0x0800af98                PROVIDE (__fini_array_start = .)
 *(SORT_BY_NAME(.fini_array.*))
 *(.fini_array*)
 .fini_array    0x0800af98        0x4 f:/clion_to_keil/gcc/102021.10/bin/../lib/gcc/arm-none-eabi/10.3.1/thumb/v7-m/nofp/crtbegin.o
                0x0800af9c                PROVIDE (__fini_array_end = .)
                0x0800af9c                . = ALIGN (0x4)
                0x0800af9c                _sidata = LOADADDR (.data)

.data           0x20000000      0x9c0 load address 0x0800af9c
                0x20000000                . = ALIGN (0x4)
                0x20000000                _sdata = .
 *(.data)
 *(.data*)
 .data.speed_of_wheels
                0x20000000        0x4 CMakeFiles/STM32F103C6.elf.dir/Core/Src/main.c.obj
                0x20000000                speed_of_wheels
 .data.SystemCoreClock
                0x20000004        0x4 CMakeFiles/STM32F103C6.elf.dir/Core/Src/system_stm32f1xx.c.obj
                0x20000004                SystemCoreClock
 .data.uwTickFreq
                0x20000008        0x1 CMakeFiles/STM32F103C6.elf.dir/Drivers/STM32F1xx_HAL_Driver/Src/stm32f1xx_hal.c.obj
                0x20000008                uwTickFreq
 *fill*         0x20000009        0x3 
 .data.uwTickPrio
                0x2000000c        0x4 CMakeFiles/STM32F103C6.elf.dir/Drivers/STM32F1xx_HAL_Driver/Src/stm32f1xx_hal.c.obj
                0x2000000c                uwTickPrio
 .data._impure_ptr
                0x20000010        0x4 f:/clion_to_keil/gcc/102021.10/bin/../lib/gcc/arm-none-eabi/10.3.1/../../../../arm-none-eabi/lib/thumb/v7-m/nofp\libc.a(lib_a-impure.o)
                0x20000010                _impure_ptr
 *fill*         0x20000014        0x4 
 .data.impure_data
                0x20000018      0x428 f:/clion_to_keil/gcc/102021.10/bin/../lib/gcc/arm-none-eabi/10.3.1/../../../../arm-none-eabi/lib/thumb/v7-m/nofp\libc.a(lib_a-impure.o)
 .data.__atexit_recursive_mutex
                0x20000440        0x4 f:/clion_to_keil/gcc/102021.10/bin/../lib/gcc/arm-none-eabi/10.3.1/../../../../arm-none-eabi/lib/thumb/v7-m/nofp\libc.a(lib_a-__call_atexit.o)
                0x20000440                __atexit_recursive_mutex
 .data.__malloc_av_
                0x20000444      0x408 f:/clion_to_keil/gcc/102021.10/bin/../lib/gcc/arm-none-eabi/10.3.1/../../../../arm-none-eabi/lib/thumb/v7-m/nofp\libc.a(lib_a-mallocr.o)
                0x20000444                __malloc_av_
 .data.__malloc_sbrk_base
                0x2000084c        0x4 f:/clion_to_keil/gcc/102021.10/bin/../lib/gcc/arm-none-eabi/10.3.1/../../../../arm-none-eabi/lib/thumb/v7-m/nofp\libc.a(lib_a-mallocr.o)
                0x2000084c                __malloc_sbrk_base
 .data.__malloc_trim_threshold
                0x20000850        0x4 f:/clion_to_keil/gcc/102021.10/bin/../lib/gcc/arm-none-eabi/10.3.1/../../../../arm-none-eabi/lib/thumb/v7-m/nofp\libc.a(lib_a-mallocr.o)
                0x20000850                __malloc_trim_threshold
 .data.__global_locale
                0x20000854      0x16c f:/clion_to_keil/gcc/102021.10/bin/../lib/gcc/arm-none-eabi/10.3.1/../../../../arm-none-eabi/lib/thumb/v7-m/nofp\libc.a(lib_a-locale.o)
                0x20000854                __global_locale
 *(.RamFunc)
 *(.RamFunc*)
                0x200009c0                . = ALIGN (0x4)
                0x200009c0                _edata = .

.igot.plt       0x200009c0        0x0 load address 0x0800b95c
 .igot.plt      0x200009c0        0x0 f:/clion_to_keil/gcc/102021.10/bin/../lib/gcc/arm-none-eabi/10.3.1/thumb/v7-m/nofp/crtbegin.o
                0x200009c0                . = ALIGN (0x4)

.bss            0x200009c0      0x4c0 load address 0x0800b95c
                0x200009c0                _sbss = .
                0x200009c0                __bss_start__ = _sbss
 *(.bss)
 .bss           0x200009c0       0x1c f:/clion_to_keil/gcc/102021.10/bin/../lib/gcc/arm-none-eabi/10.3.1/thumb/v7-m/nofp/crtbegin.o
 *(.bss*)
 .bss.OLED_DisplayBuf
                0x200009dc      0x400 CMakeFiles/STM32F103C6.elf.dir/Core/Src/OLED.c.obj
                0x200009dc                OLED_DisplayBuf
 .bss.hi2c1     0x20000ddc       0x54 CMakeFiles/STM32F103C6.elf.dir/Core/Src/main.c.obj
                0x20000ddc                hi2c1
 .bss.__sbrk_heap_end
                0x20000e30        0x4 CMakeFiles/STM32F103C6.elf.dir/Core/Src/sysmem.c.obj
 .bss.uwTick    0x20000e34        0x4 CMakeFiles/STM32F103C6.elf.dir/Drivers/STM32F1xx_HAL_Driver/Src/stm32f1xx_hal.c.obj
                0x20000e34                uwTick
 .bss.__lock___atexit_recursive_mutex
                0x20000e38        0x1 f:/clion_to_keil/gcc/102021.10/bin/../lib/gcc/arm-none-eabi/10.3.1/../../../../arm-none-eabi/lib/thumb/v7-m/nofp\libc.a(lib_a-lock.o)
                0x20000e38                __lock___atexit_recursive_mutex
 *fill*         0x20000e39        0x3 
 .bss.__lock___malloc_recursive_mutex
                0x20000e3c        0x1 f:/clion_to_keil/gcc/102021.10/bin/../lib/gcc/arm-none-eabi/10.3.1/../../../../arm-none-eabi/lib/thumb/v7-m/nofp\libc.a(lib_a-lock.o)
                0x20000e3c                __lock___malloc_recursive_mutex
 *fill*         0x20000e3d        0x3 
 .bss.__lock___sfp_recursive_mutex
                0x20000e40        0x1 f:/clion_to_keil/gcc/102021.10/bin/../lib/gcc/arm-none-eabi/10.3.1/../../../../arm-none-eabi/lib/thumb/v7-m/nofp\libc.a(lib_a-lock.o)
                0x20000e40                __lock___sfp_recursive_mutex
 *fill*         0x20000e41        0x3 
 .bss.__lock___sinit_recursive_mutex
                0x20000e44        0x1 f:/clion_to_keil/gcc/102021.10/bin/../lib/gcc/arm-none-eabi/10.3.1/../../../../arm-none-eabi/lib/thumb/v7-m/nofp\libc.a(lib_a-lock.o)
                0x20000e44                __lock___sinit_recursive_mutex
 *fill*         0x20000e45        0x3 
 .bss.__malloc_current_mallinfo
                0x20000e48       0x28 f:/clion_to_keil/gcc/102021.10/bin/../lib/gcc/arm-none-eabi/10.3.1/../../../../arm-none-eabi/lib/thumb/v7-m/nofp\libc.a(lib_a-mallocr.o)
                0x20000e48                __malloc_current_mallinfo
 .bss.__malloc_max_sbrked_mem
                0x20000e70        0x4 f:/clion_to_keil/gcc/102021.10/bin/../lib/gcc/arm-none-eabi/10.3.1/../../../../arm-none-eabi/lib/thumb/v7-m/nofp\libc.a(lib_a-mallocr.o)
                0x20000e70                __malloc_max_sbrked_mem
 .bss.__malloc_max_total_mem
                0x20000e74        0x4 f:/clion_to_keil/gcc/102021.10/bin/../lib/gcc/arm-none-eabi/10.3.1/../../../../arm-none-eabi/lib/thumb/v7-m/nofp\libc.a(lib_a-mallocr.o)
                0x20000e74                __malloc_max_total_mem
 .bss.__malloc_top_pad
                0x20000e78        0x4 f:/clion_to_keil/gcc/102021.10/bin/../lib/gcc/arm-none-eabi/10.3.1/../../../../arm-none-eabi/lib/thumb/v7-m/nofp\libc.a(lib_a-mallocr.o)
                0x20000e78                __malloc_top_pad
 .bss.errno     0x20000e7c        0x4 f:/clion_to_keil/gcc/102021.10/bin/../lib/gcc/arm-none-eabi/10.3.1/../../../../arm-none-eabi/lib/thumb/v7-m/nofp\libc.a(lib_a-reent.o)
                0x20000e7c                errno
 *(COMMON)
                0x20000e80                . = ALIGN (0x4)
                0x20000e80                _ebss = .
                0x20000e80                __bss_end__ = _ebss

._user_heap_stack
                0x20000e80      0x600 load address 0x0800b95c
                0x20000e80                . = ALIGN (0x8)
                [!provide]                PROVIDE (end = .)
                0x20000e80                PROVIDE (_end = .)
                0x20001080                . = (. + _Min_Heap_Size)
 *fill*         0x20000e80      0x200 
                0x20001480                . = (. + _Min_Stack_Size)
 *fill*         0x20001080      0x400 
                0x20001480                . = ALIGN (0x8)

/DISCARD/
 libc.a(*)
 libm.a(*)
 libgcc.a(*)

.ARM.attributes
                0x00000000       0x29
 *(.ARM.attributes)
 .ARM.attributes
                0x00000000       0x1d f:/clion_to_keil/gcc/102021.10/bin/../lib/gcc/arm-none-eabi/10.3.1/thumb/v7-m/nofp/crti.o
 .ARM.attributes
                0x0000001d       0x2d f:/clion_to_keil/gcc/102021.10/bin/../lib/gcc/arm-none-eabi/10.3.1/thumb/v7-m/nofp/crtbegin.o
 .ARM.attributes
                0x0000004a       0x2d CMakeFiles/STM32F103C6.elf.dir/Core/Src/OLED.c.obj
 .ARM.attributes
                0x00000077       0x2d CMakeFiles/STM32F103C6.elf.dir/Core/Src/OLED_Data.c.obj
 .ARM.attributes
                0x000000a4       0x2d CMakeFiles/STM32F103C6.elf.dir/Core/Src/main.c.obj
 .ARM.attributes
                0x000000d1       0x2d CMakeFiles/STM32F103C6.elf.dir/Core/Src/stm32f1xx_hal_msp.c.obj
 .ARM.attributes
                0x000000fe       0x2d CMakeFiles/STM32F103C6.elf.dir/Core/Src/stm32f1xx_it.c.obj
 .ARM.attributes
                0x0000012b       0x2d CMakeFiles/STM32F103C6.elf.dir/Core/Src/syscalls.c.obj
 .ARM.attributes
                0x00000158       0x2d CMakeFiles/STM32F103C6.elf.dir/Core/Src/sysmem.c.obj
 .ARM.attributes
                0x00000185       0x2d CMakeFiles/STM32F103C6.elf.dir/Core/Src/system_stm32f1xx.c.obj
 .ARM.attributes
                0x000001b2       0x21 CMakeFiles/STM32F103C6.elf.dir/Core/Startup/startup_stm32f103c6tx.s.obj
 .ARM.attributes
                0x000001d3       0x2d CMakeFiles/STM32F103C6.elf.dir/Drivers/STM32F1xx_HAL_Driver/Src/stm32f1xx_hal.c.obj
 .ARM.attributes
                0x00000200       0x2d CMakeFiles/STM32F103C6.elf.dir/Drivers/STM32F1xx_HAL_Driver/Src/stm32f1xx_hal_cortex.c.obj
 .ARM.attributes
                0x0000022d       0x2d CMakeFiles/STM32F103C6.elf.dir/Drivers/STM32F1xx_HAL_Driver/Src/stm32f1xx_hal_gpio.c.obj
 .ARM.attributes
                0x0000025a       0x2d CMakeFiles/STM32F103C6.elf.dir/Drivers/STM32F1xx_HAL_Driver/Src/stm32f1xx_hal_i2c.c.obj
 .ARM.attributes
                0x00000287       0x2d CMakeFiles/STM32F103C6.elf.dir/Drivers/STM32F1xx_HAL_Driver/Src/stm32f1xx_hal_rcc.c.obj
 .ARM.attributes
                0x000002b4       0x1d f:/clion_to_keil/gcc/102021.10/bin/../lib/gcc/arm-none-eabi/10.3.1/thumb/v7-m/nofp\libgcc.a(_arm_addsubdf3.o)
 .ARM.attributes
                0x000002d1       0x1d f:/clion_to_keil/gcc/102021.10/bin/../lib/gcc/arm-none-eabi/10.3.1/thumb/v7-m/nofp\libgcc.a(_arm_muldivdf3.o)
 .ARM.attributes
                0x000002ee       0x1d f:/clion_to_keil/gcc/102021.10/bin/../lib/gcc/arm-none-eabi/10.3.1/thumb/v7-m/nofp\libgcc.a(_arm_cmpdf2.o)
 .ARM.attributes
                0x0000030b       0x1d f:/clion_to_keil/gcc/102021.10/bin/../lib/gcc/arm-none-eabi/10.3.1/thumb/v7-m/nofp\libgcc.a(_arm_fixdfsi.o)
 .ARM.attributes
                0x00000328       0x1d f:/clion_to_keil/gcc/102021.10/bin/../lib/gcc/arm-none-eabi/10.3.1/thumb/v7-m/nofp\libgcc.a(_arm_fixunsdfsi.o)
 .ARM.attributes
                0x00000345       0x1d f:/clion_to_keil/gcc/102021.10/bin/../lib/gcc/arm-none-eabi/10.3.1/thumb/v7-m/nofp\libgcc.a(_arm_truncdfsf2.o)
 .ARM.attributes
                0x00000362       0x1d f:/clion_to_keil/gcc/102021.10/bin/../lib/gcc/arm-none-eabi/10.3.1/thumb/v7-m/nofp\libgcc.a(_arm_addsubsf3.o)
 .ARM.attributes
                0x0000037f       0x1d f:/clion_to_keil/gcc/102021.10/bin/../lib/gcc/arm-none-eabi/10.3.1/thumb/v7-m/nofp\libgcc.a(_arm_cmpsf2.o)
 .ARM.attributes
                0x0000039c       0x2d f:/clion_to_keil/gcc/102021.10/bin/../lib/gcc/arm-none-eabi/10.3.1/../../../../arm-none-eabi/lib/thumb/v7-m/nofp\libc.a(lib_a-errno.o)
 .ARM.attributes
                0x000003c9       0x2d f:/clion_to_keil/gcc/102021.10/bin/../lib/gcc/arm-none-eabi/10.3.1/../../../../arm-none-eabi/lib/thumb/v7-m/nofp\libc.a(lib_a-impure.o)
 .ARM.attributes
                0x000003f6       0x2d f:/clion_to_keil/gcc/102021.10/bin/../lib/gcc/arm-none-eabi/10.3.1/../../../../arm-none-eabi/lib/thumb/v7-m/nofp\libc.a(lib_a-init.o)
 .ARM.attributes
                0x00000423       0x2d f:/clion_to_keil/gcc/102021.10/bin/../lib/gcc/arm-none-eabi/10.3.1/../../../../arm-none-eabi/lib/thumb/v7-m/nofp\libc.a(lib_a-memset.o)
 .ARM.attributes
                0x00000450       0x1b f:/clion_to_keil/gcc/102021.10/bin/../lib/gcc/arm-none-eabi/10.3.1/../../../../arm-none-eabi/lib/thumb/v7-m/nofp\libc.a(lib_a-strcmp.o)
 .ARM.attributes
                0x0000046b       0x2d f:/clion_to_keil/gcc/102021.10/bin/../lib/gcc/arm-none-eabi/10.3.1/../../../../arm-none-eabi/lib/thumb/v7-m/nofp\libc.a(lib_a-vsprintf.o)
 .ARM.attributes
                0x00000498       0x2d f:/clion_to_keil/gcc/102021.10/bin/../lib/gcc/arm-none-eabi/10.3.1/../../../../arm-none-eabi/lib/thumb/v7-m/nofp\libc.a(lib_a-__call_atexit.o)
 .ARM.attributes
                0x000004c5       0x2d f:/clion_to_keil/gcc/102021.10/bin/../lib/gcc/arm-none-eabi/10.3.1/../../../../arm-none-eabi/lib/thumb/v7-m/nofp\libc.a(lib_a-atexit.o)
 .ARM.attributes
                0x000004f2       0x2d f:/clion_to_keil/gcc/102021.10/bin/../lib/gcc/arm-none-eabi/10.3.1/../../../../arm-none-eabi/lib/thumb/v7-m/nofp\libc.a(lib_a-fini.o)
 .ARM.attributes
                0x0000051f       0x2d f:/clion_to_keil/gcc/102021.10/bin/../lib/gcc/arm-none-eabi/10.3.1/../../../../arm-none-eabi/lib/thumb/v7-m/nofp\libc.a(lib_a-lock.o)
 .ARM.attributes
                0x0000054c       0x2d f:/clion_to_keil/gcc/102021.10/bin/../lib/gcc/arm-none-eabi/10.3.1/../../../../arm-none-eabi/lib/thumb/v7-m/nofp\libc.a(lib_a-svfprintf.o)
 .ARM.attributes
                0x00000579       0x2d f:/clion_to_keil/gcc/102021.10/bin/../lib/gcc/arm-none-eabi/10.3.1/../../../../arm-none-eabi/lib/thumb/v7-m/nofp\libc.a(lib_a-__atexit.o)
 .ARM.attributes
                0x000005a6       0x2d f:/clion_to_keil/gcc/102021.10/bin/../lib/gcc/arm-none-eabi/10.3.1/../../../../arm-none-eabi/lib/thumb/v7-m/nofp\libc.a(lib_a-dtoa.o)
 .ARM.attributes
                0x000005d3       0x2d f:/clion_to_keil/gcc/102021.10/bin/../lib/gcc/arm-none-eabi/10.3.1/../../../../arm-none-eabi/lib/thumb/v7-m/nofp\libc.a(lib_a-freer.o)
 .ARM.attributes
                0x00000600       0x2d f:/clion_to_keil/gcc/102021.10/bin/../lib/gcc/arm-none-eabi/10.3.1/../../../../arm-none-eabi/lib/thumb/v7-m/nofp\libc.a(lib_a-localeconv.o)
 .ARM.attributes
                0x0000062d       0x2d f:/clion_to_keil/gcc/102021.10/bin/../lib/gcc/arm-none-eabi/10.3.1/../../../../arm-none-eabi/lib/thumb/v7-m/nofp\libc.a(lib_a-mallocr.o)
 .ARM.attributes
                0x0000065a       0x2d f:/clion_to_keil/gcc/102021.10/bin/../lib/gcc/arm-none-eabi/10.3.1/../../../../arm-none-eabi/lib/thumb/v7-m/nofp\libc.a(lib_a-memchr-stub.o)
 .ARM.attributes
                0x00000687       0x1b f:/clion_to_keil/gcc/102021.10/bin/../lib/gcc/arm-none-eabi/10.3.1/../../../../arm-none-eabi/lib/thumb/v7-m/nofp\libc.a(lib_a-memcpy.o)
 .ARM.attributes
                0x000006a2       0x2d f:/clion_to_keil/gcc/102021.10/bin/../lib/gcc/arm-none-eabi/10.3.1/../../../../arm-none-eabi/lib/thumb/v7-m/nofp\libc.a(lib_a-mlock.o)
 .ARM.attributes
                0x000006cf       0x2d f:/clion_to_keil/gcc/102021.10/bin/../lib/gcc/arm-none-eabi/10.3.1/../../../../arm-none-eabi/lib/thumb/v7-m/nofp\libc.a(lib_a-mprec.o)
 .ARM.attributes
                0x000006fc       0x2d f:/clion_to_keil/gcc/102021.10/bin/../lib/gcc/arm-none-eabi/10.3.1/../../../../arm-none-eabi/lib/thumb/v7-m/nofp\libc.a(lib_a-s_frexp.o)
 .ARM.attributes
                0x00000729       0x2d f:/clion_to_keil/gcc/102021.10/bin/../lib/gcc/arm-none-eabi/10.3.1/../../../../arm-none-eabi/lib/thumb/v7-m/nofp\libc.a(lib_a-sbrkr.o)
 .ARM.attributes
                0x00000756       0x2d f:/clion_to_keil/gcc/102021.10/bin/../lib/gcc/arm-none-eabi/10.3.1/../../../../arm-none-eabi/lib/thumb/v7-m/nofp\libc.a(lib_a-strlen-stub.o)
 .ARM.attributes
                0x00000783       0x2d f:/clion_to_keil/gcc/102021.10/bin/../lib/gcc/arm-none-eabi/10.3.1/../../../../arm-none-eabi/lib/thumb/v7-m/nofp\libc.a(lib_a-strncpy.o)
 .ARM.attributes
                0x000007b0       0x2d f:/clion_to_keil/gcc/102021.10/bin/../lib/gcc/arm-none-eabi/10.3.1/../../../../arm-none-eabi/lib/thumb/v7-m/nofp\libc.a(lib_a-svfiprintf.o)
 .ARM.attributes
                0x000007dd       0x2d f:/clion_to_keil/gcc/102021.10/bin/../lib/gcc/arm-none-eabi/10.3.1/../../../../arm-none-eabi/lib/thumb/v7-m/nofp\libc.a(lib_a-assert.o)
 .ARM.attributes
                0x0000080a       0x2d f:/clion_to_keil/gcc/102021.10/bin/../lib/gcc/arm-none-eabi/10.3.1/../../../../arm-none-eabi/lib/thumb/v7-m/nofp\libc.a(lib_a-callocr.o)
 .ARM.attributes
                0x00000837       0x2d f:/clion_to_keil/gcc/102021.10/bin/../lib/gcc/arm-none-eabi/10.3.1/../../../../arm-none-eabi/lib/thumb/v7-m/nofp\libc.a(lib_a-fiprintf.o)
 .ARM.attributes
                0x00000864       0x2d f:/clion_to_keil/gcc/102021.10/bin/../lib/gcc/arm-none-eabi/10.3.1/../../../../arm-none-eabi/lib/thumb/v7-m/nofp\libc.a(lib_a-locale.o)
 .ARM.attributes
                0x00000891       0x2d f:/clion_to_keil/gcc/102021.10/bin/../lib/gcc/arm-none-eabi/10.3.1/../../../../arm-none-eabi/lib/thumb/v7-m/nofp\libc.a(lib_a-mbtowc_r.o)
 .ARM.attributes
                0x000008be       0x2d f:/clion_to_keil/gcc/102021.10/bin/../lib/gcc/arm-none-eabi/10.3.1/../../../../arm-none-eabi/lib/thumb/v7-m/nofp\libc.a(lib_a-memmove.o)
 .ARM.attributes
                0x000008eb       0x2d f:/clion_to_keil/gcc/102021.10/bin/../lib/gcc/arm-none-eabi/10.3.1/../../../../arm-none-eabi/lib/thumb/v7-m/nofp\libc.a(lib_a-reallocr.o)
 .ARM.attributes
                0x00000918       0x2d f:/clion_to_keil/gcc/102021.10/bin/../lib/gcc/arm-none-eabi/10.3.1/../../../../arm-none-eabi/lib/thumb/v7-m/nofp\libc.a(lib_a-reent.o)
 .ARM.attributes
                0x00000945       0x2d f:/clion_to_keil/gcc/102021.10/bin/../lib/gcc/arm-none-eabi/10.3.1/../../../../arm-none-eabi/lib/thumb/v7-m/nofp\libc.a(lib_a-vfiprintf.o)
 .ARM.attributes
                0x00000972       0x2d f:/clion_to_keil/gcc/102021.10/bin/../lib/gcc/arm-none-eabi/10.3.1/../../../../arm-none-eabi/lib/thumb/v7-m/nofp\libc.a(lib_a-wctomb_r.o)
 .ARM.attributes
                0x0000099f       0x2d f:/clion_to_keil/gcc/102021.10/bin/../lib/gcc/arm-none-eabi/10.3.1/../../../../arm-none-eabi/lib/thumb/v7-m/nofp\libc.a(lib_a-wsetup.o)
 .ARM.attributes
                0x000009cc       0x2d f:/clion_to_keil/gcc/102021.10/bin/../lib/gcc/arm-none-eabi/10.3.1/../../../../arm-none-eabi/lib/thumb/v7-m/nofp\libc.a(lib_a-abort.o)
 .ARM.attributes
                0x000009f9       0x2d f:/clion_to_keil/gcc/102021.10/bin/../lib/gcc/arm-none-eabi/10.3.1/../../../../arm-none-eabi/lib/thumb/v7-m/nofp\libc.a(lib_a-ctype_.o)
 .ARM.attributes
                0x00000a26       0x2d f:/clion_to_keil/gcc/102021.10/bin/../lib/gcc/arm-none-eabi/10.3.1/../../../../arm-none-eabi/lib/thumb/v7-m/nofp\libc.a(lib_a-fflush.o)
 .ARM.attributes
                0x00000a53       0x2d f:/clion_to_keil/gcc/102021.10/bin/../lib/gcc/arm-none-eabi/10.3.1/../../../../arm-none-eabi/lib/thumb/v7-m/nofp\libc.a(lib_a-findfp.o)
 .ARM.attributes
                0x00000a80       0x2d f:/clion_to_keil/gcc/102021.10/bin/../lib/gcc/arm-none-eabi/10.3.1/../../../../arm-none-eabi/lib/thumb/v7-m/nofp\libc.a(lib_a-fputwc.o)
 .ARM.attributes
                0x00000aad       0x2d f:/clion_to_keil/gcc/102021.10/bin/../lib/gcc/arm-none-eabi/10.3.1/../../../../arm-none-eabi/lib/thumb/v7-m/nofp\libc.a(lib_a-fvwrite.o)
 .ARM.attributes
                0x00000ada       0x2d f:/clion_to_keil/gcc/102021.10/bin/../lib/gcc/arm-none-eabi/10.3.1/../../../../arm-none-eabi/lib/thumb/v7-m/nofp\libc.a(lib_a-fwalk.o)
 .ARM.attributes
                0x00000b07       0x2d f:/clion_to_keil/gcc/102021.10/bin/../lib/gcc/arm-none-eabi/10.3.1/../../../../arm-none-eabi/lib/thumb/v7-m/nofp\libc.a(lib_a-makebuf.o)
 .ARM.attributes
                0x00000b34       0x2d f:/clion_to_keil/gcc/102021.10/bin/../lib/gcc/arm-none-eabi/10.3.1/../../../../arm-none-eabi/lib/thumb/v7-m/nofp\libc.a(lib_a-signal.o)
 .ARM.attributes
                0x00000b61       0x2d f:/clion_to_keil/gcc/102021.10/bin/../lib/gcc/arm-none-eabi/10.3.1/../../../../arm-none-eabi/lib/thumb/v7-m/nofp\libc.a(lib_a-signalr.o)
 .ARM.attributes
                0x00000b8e       0x2d f:/clion_to_keil/gcc/102021.10/bin/../lib/gcc/arm-none-eabi/10.3.1/../../../../arm-none-eabi/lib/thumb/v7-m/nofp\libc.a(lib_a-stdio.o)
 .ARM.attributes
                0x00000bbb       0x2d f:/clion_to_keil/gcc/102021.10/bin/../lib/gcc/arm-none-eabi/10.3.1/../../../../arm-none-eabi/lib/thumb/v7-m/nofp\libc.a(lib_a-wbuf.o)
 .ARM.attributes
                0x00000be8       0x2d f:/clion_to_keil/gcc/102021.10/bin/../lib/gcc/arm-none-eabi/10.3.1/../../../../arm-none-eabi/lib/thumb/v7-m/nofp\libc.a(lib_a-wcrtomb.o)
 .ARM.attributes
                0x00000c15       0x2d f:/clion_to_keil/gcc/102021.10/bin/../lib/gcc/arm-none-eabi/10.3.1/../../../../arm-none-eabi/lib/thumb/v7-m/nofp\libc.a(lib_a-writer.o)
 .ARM.attributes
                0x00000c42       0x2d f:/clion_to_keil/gcc/102021.10/bin/../lib/gcc/arm-none-eabi/10.3.1/../../../../arm-none-eabi/lib/thumb/v7-m/nofp\libc.a(lib_a-closer.o)
 .ARM.attributes
                0x00000c6f       0x2d f:/clion_to_keil/gcc/102021.10/bin/../lib/gcc/arm-none-eabi/10.3.1/../../../../arm-none-eabi/lib/thumb/v7-m/nofp\libc.a(lib_a-fclose.o)
 .ARM.attributes
                0x00000c9c       0x2d f:/clion_to_keil/gcc/102021.10/bin/../lib/gcc/arm-none-eabi/10.3.1/../../../../arm-none-eabi/lib/thumb/v7-m/nofp\libc.a(lib_a-fstatr.o)
 .ARM.attributes
                0x00000cc9       0x2d f:/clion_to_keil/gcc/102021.10/bin/../lib/gcc/arm-none-eabi/10.3.1/../../../../arm-none-eabi/lib/thumb/v7-m/nofp\libc.a(lib_a-isattyr.o)
 .ARM.attributes
                0x00000cf6       0x2d f:/clion_to_keil/gcc/102021.10/bin/../lib/gcc/arm-none-eabi/10.3.1/../../../../arm-none-eabi/lib/thumb/v7-m/nofp\libc.a(lib_a-lseekr.o)
 .ARM.attributes
                0x00000d23       0x2d f:/clion_to_keil/gcc/102021.10/bin/../lib/gcc/arm-none-eabi/10.3.1/../../../../arm-none-eabi/lib/thumb/v7-m/nofp\libc.a(lib_a-readr.o)
 .ARM.attributes
                0x00000d50       0x1d f:/clion_to_keil/gcc/102021.10/bin/../lib/gcc/arm-none-eabi/10.3.1/thumb/v7-m/nofp\libgcc.a(_arm_unorddf2.o)
 .ARM.attributes
                0x00000d6d       0x1d f:/clion_to_keil/gcc/102021.10/bin/../lib/gcc/arm-none-eabi/10.3.1/thumb/v7-m/nofp\libgcc.a(_aeabi_uldivmod.o)
 .ARM.attributes
                0x00000d8a       0x2d f:/clion_to_keil/gcc/102021.10/bin/../lib/gcc/arm-none-eabi/10.3.1/thumb/v7-m/nofp\libgcc.a(_udivmoddi4.o)
 .ARM.attributes
                0x00000db7       0x1d f:/clion_to_keil/gcc/102021.10/bin/../lib/gcc/arm-none-eabi/10.3.1/thumb/v7-m/nofp\libgcc.a(_dvmd_tls.o)
 .ARM.attributes
                0x00000dd4       0x1d f:/clion_to_keil/gcc/102021.10/bin/../lib/gcc/arm-none-eabi/10.3.1/thumb/v7-m/nofp/crtn.o
OUTPUT(STM32F103C6.elf elf32-littlearm)
LOAD linker stubs
LOAD f:/clion_to_keil/gcc/102021.10/bin/../lib/gcc/arm-none-eabi/10.3.1/../../../../arm-none-eabi/lib/thumb/v7-m/nofp\libc.a
LOAD f:/clion_to_keil/gcc/102021.10/bin/../lib/gcc/arm-none-eabi/10.3.1/../../../../arm-none-eabi/lib/thumb/v7-m/nofp\libm.a
LOAD f:/clion_to_keil/gcc/102021.10/bin/../lib/gcc/arm-none-eabi/10.3.1/thumb/v7-m/nofp\libgcc.a

.debug_info     0x00000000     0xb68e
 .debug_info    0x00000000     0x2b93 CMakeFiles/STM32F103C6.elf.dir/Core/Src/OLED.c.obj
 .debug_info    0x00002b93      0x203 CMakeFiles/STM32F103C6.elf.dir/Core/Src/OLED_Data.c.obj
 .debug_info    0x00002d96     0x12f0 CMakeFiles/STM32F103C6.elf.dir/Core/Src/main.c.obj
 .debug_info    0x00004086      0x8f5 CMakeFiles/STM32F103C6.elf.dir/Core/Src/stm32f1xx_hal_msp.c.obj
 .debug_info    0x0000497b      0x130 CMakeFiles/STM32F103C6.elf.dir/Core/Src/stm32f1xx_it.c.obj
 .debug_info    0x00004aab      0x7af CMakeFiles/STM32F103C6.elf.dir/Core/Src/syscalls.c.obj
 .debug_info    0x0000525a      0x174 CMakeFiles/STM32F103C6.elf.dir/Core/Src/sysmem.c.obj
 .debug_info    0x000053ce      0x248 CMakeFiles/STM32F103C6.elf.dir/Core/Src/system_stm32f1xx.c.obj
 .debug_info    0x00005616       0x22 CMakeFiles/STM32F103C6.elf.dir/Core/Startup/startup_stm32f103c6tx.s.obj
 .debug_info    0x00005638      0x78a CMakeFiles/STM32F103C6.elf.dir/Drivers/STM32F1xx_HAL_Driver/Src/stm32f1xx_hal.c.obj
 .debug_info    0x00005dc2      0xd6c CMakeFiles/STM32F103C6.elf.dir/Drivers/STM32F1xx_HAL_Driver/Src/stm32f1xx_hal_cortex.c.obj
 .debug_info    0x00006b2e      0x66f CMakeFiles/STM32F103C6.elf.dir/Drivers/STM32F1xx_HAL_Driver/Src/stm32f1xx_hal_gpio.c.obj
 .debug_info    0x0000719d     0x3ab6 CMakeFiles/STM32F103C6.elf.dir/Drivers/STM32F1xx_HAL_Driver/Src/stm32f1xx_hal_i2c.c.obj
 .debug_info    0x0000ac53      0xa3b CMakeFiles/STM32F103C6.elf.dir/Drivers/STM32F1xx_HAL_Driver/Src/stm32f1xx_hal_rcc.c.obj

.debug_abbrev   0x00000000     0x183f
 .debug_abbrev  0x00000000      0x317 CMakeFiles/STM32F103C6.elf.dir/Core/Src/OLED.c.obj
 .debug_abbrev  0x00000317       0xa8 CMakeFiles/STM32F103C6.elf.dir/Core/Src/OLED_Data.c.obj
 .debug_abbrev  0x000003bf      0x250 CMakeFiles/STM32F103C6.elf.dir/Core/Src/main.c.obj
 .debug_abbrev  0x0000060f      0x1b0 CMakeFiles/STM32F103C6.elf.dir/Core/Src/stm32f1xx_hal_msp.c.obj
 .debug_abbrev  0x000007bf       0x7e CMakeFiles/STM32F103C6.elf.dir/Core/Src/stm32f1xx_it.c.obj
 .debug_abbrev  0x0000083d      0x1a3 CMakeFiles/STM32F103C6.elf.dir/Core/Src/syscalls.c.obj
 .debug_abbrev  0x000009e0       0xe7 CMakeFiles/STM32F103C6.elf.dir/Core/Src/sysmem.c.obj
 .debug_abbrev  0x00000ac7      0x13e CMakeFiles/STM32F103C6.elf.dir/Core/Src/system_stm32f1xx.c.obj
 .debug_abbrev  0x00000c05       0x12 CMakeFiles/STM32F103C6.elf.dir/Core/Startup/startup_stm32f103c6tx.s.obj
 .debug_abbrev  0x00000c17      0x1f4 CMakeFiles/STM32F103C6.elf.dir/Drivers/STM32F1xx_HAL_Driver/Src/stm32f1xx_hal.c.obj
 .debug_abbrev  0x00000e0b      0x341 CMakeFiles/STM32F103C6.elf.dir/Drivers/STM32F1xx_HAL_Driver/Src/stm32f1xx_hal_cortex.c.obj
 .debug_abbrev  0x0000114c      0x1e6 CMakeFiles/STM32F103C6.elf.dir/Drivers/STM32F1xx_HAL_Driver/Src/stm32f1xx_hal_gpio.c.obj
 .debug_abbrev  0x00001332      0x293 CMakeFiles/STM32F103C6.elf.dir/Drivers/STM32F1xx_HAL_Driver/Src/stm32f1xx_hal_i2c.c.obj
 .debug_abbrev  0x000015c5      0x27a CMakeFiles/STM32F103C6.elf.dir/Drivers/STM32F1xx_HAL_Driver/Src/stm32f1xx_hal_rcc.c.obj

.debug_loc      0x00000000     0x7e9f
 .debug_loc     0x00000000     0x247c CMakeFiles/STM32F103C6.elf.dir/Core/Src/OLED.c.obj
 .debug_loc     0x0000247c       0x7c CMakeFiles/STM32F103C6.elf.dir/Core/Src/stm32f1xx_hal_msp.c.obj
 .debug_loc     0x000024f8      0x3c5 CMakeFiles/STM32F103C6.elf.dir/Core/Src/syscalls.c.obj
 .debug_loc     0x000028bd       0x64 CMakeFiles/STM32F103C6.elf.dir/Core/Src/sysmem.c.obj
 .debug_loc     0x00002921       0xff CMakeFiles/STM32F103C6.elf.dir/Core/Src/system_stm32f1xx.c.obj
 .debug_loc     0x00002a20      0x141 CMakeFiles/STM32F103C6.elf.dir/Drivers/STM32F1xx_HAL_Driver/Src/stm32f1xx_hal.c.obj
 .debug_loc     0x00002b61      0x71f CMakeFiles/STM32F103C6.elf.dir/Drivers/STM32F1xx_HAL_Driver/Src/stm32f1xx_hal_cortex.c.obj
 .debug_loc     0x00003280      0x43d CMakeFiles/STM32F103C6.elf.dir/Drivers/STM32F1xx_HAL_Driver/Src/stm32f1xx_hal_gpio.c.obj
 .debug_loc     0x000036bd     0x41ca CMakeFiles/STM32F103C6.elf.dir/Drivers/STM32F1xx_HAL_Driver/Src/stm32f1xx_hal_i2c.c.obj
 .debug_loc     0x00007887      0x618 CMakeFiles/STM32F103C6.elf.dir/Drivers/STM32F1xx_HAL_Driver/Src/stm32f1xx_hal_rcc.c.obj

.debug_aranges  0x00000000      0x838
 .debug_aranges
                0x00000000      0x130 CMakeFiles/STM32F103C6.elf.dir/Core/Src/OLED.c.obj
 .debug_aranges
                0x00000130       0x18 CMakeFiles/STM32F103C6.elf.dir/Core/Src/OLED_Data.c.obj
 .debug_aranges
                0x00000148       0x48 CMakeFiles/STM32F103C6.elf.dir/Core/Src/main.c.obj
 .debug_aranges
                0x00000190       0x30 CMakeFiles/STM32F103C6.elf.dir/Core/Src/stm32f1xx_hal_msp.c.obj
 .debug_aranges
                0x000001c0       0x60 CMakeFiles/STM32F103C6.elf.dir/Core/Src/stm32f1xx_it.c.obj
 .debug_aranges
                0x00000220       0xa8 CMakeFiles/STM32F103C6.elf.dir/Core/Src/syscalls.c.obj
 .debug_aranges
                0x000002c8       0x20 CMakeFiles/STM32F103C6.elf.dir/Core/Src/sysmem.c.obj
 .debug_aranges
                0x000002e8       0x28 CMakeFiles/STM32F103C6.elf.dir/Core/Src/system_stm32f1xx.c.obj
 .debug_aranges
                0x00000310       0x28 CMakeFiles/STM32F103C6.elf.dir/Core/Startup/startup_stm32f103c6tx.s.obj
 .debug_aranges
                0x00000338       0xe0 CMakeFiles/STM32F103C6.elf.dir/Drivers/STM32F1xx_HAL_Driver/Src/stm32f1xx_hal.c.obj
 .debug_aranges
                0x00000418       0x90 CMakeFiles/STM32F103C6.elf.dir/Drivers/STM32F1xx_HAL_Driver/Src/stm32f1xx_hal_cortex.c.obj
 .debug_aranges
                0x000004a8       0x58 CMakeFiles/STM32F103C6.elf.dir/Drivers/STM32F1xx_HAL_Driver/Src/stm32f1xx_hal_gpio.c.obj
 .debug_aranges
                0x00000500      0x2a8 CMakeFiles/STM32F103C6.elf.dir/Drivers/STM32F1xx_HAL_Driver/Src/stm32f1xx_hal_i2c.c.obj
 .debug_aranges
                0x000007a8       0x90 CMakeFiles/STM32F103C6.elf.dir/Drivers/STM32F1xx_HAL_Driver/Src/stm32f1xx_hal_rcc.c.obj

.debug_ranges   0x00000000      0x7f0
 .debug_ranges  0x00000000      0x120 CMakeFiles/STM32F103C6.elf.dir/Core/Src/OLED.c.obj
 .debug_ranges  0x00000120       0x38 CMakeFiles/STM32F103C6.elf.dir/Core/Src/main.c.obj
 .debug_ranges  0x00000158       0x20 CMakeFiles/STM32F103C6.elf.dir/Core/Src/stm32f1xx_hal_msp.c.obj
 .debug_ranges  0x00000178       0x50 CMakeFiles/STM32F103C6.elf.dir/Core/Src/stm32f1xx_it.c.obj
 .debug_ranges  0x000001c8       0x98 CMakeFiles/STM32F103C6.elf.dir/Core/Src/syscalls.c.obj
 .debug_ranges  0x00000260       0x10 CMakeFiles/STM32F103C6.elf.dir/Core/Src/sysmem.c.obj
 .debug_ranges  0x00000270       0x18 CMakeFiles/STM32F103C6.elf.dir/Core/Src/system_stm32f1xx.c.obj
 .debug_ranges  0x00000288       0x20 CMakeFiles/STM32F103C6.elf.dir/Core/Startup/startup_stm32f103c6tx.s.obj
 .debug_ranges  0x000002a8       0xd0 CMakeFiles/STM32F103C6.elf.dir/Drivers/STM32F1xx_HAL_Driver/Src/stm32f1xx_hal.c.obj
 .debug_ranges  0x00000378       0xe0 CMakeFiles/STM32F103C6.elf.dir/Drivers/STM32F1xx_HAL_Driver/Src/stm32f1xx_hal_cortex.c.obj
 .debug_ranges  0x00000458       0x48 CMakeFiles/STM32F103C6.elf.dir/Drivers/STM32F1xx_HAL_Driver/Src/stm32f1xx_hal_gpio.c.obj
 .debug_ranges  0x000004a0      0x2b0 CMakeFiles/STM32F103C6.elf.dir/Drivers/STM32F1xx_HAL_Driver/Src/stm32f1xx_hal_i2c.c.obj
 .debug_ranges  0x00000750       0xa0 CMakeFiles/STM32F103C6.elf.dir/Drivers/STM32F1xx_HAL_Driver/Src/stm32f1xx_hal_rcc.c.obj

.debug_line     0x00000000     0xa030
 .debug_line    0x00000000     0x18a3 CMakeFiles/STM32F103C6.elf.dir/Core/Src/OLED.c.obj
 .debug_line    0x000018a3      0x128 CMakeFiles/STM32F103C6.elf.dir/Core/Src/OLED_Data.c.obj
 .debug_line    0x000019cb      0x543 CMakeFiles/STM32F103C6.elf.dir/Core/Src/main.c.obj
 .debug_line    0x00001f0e      0x2a7 CMakeFiles/STM32F103C6.elf.dir/Core/Src/stm32f1xx_hal_msp.c.obj
 .debug_line    0x000021b5      0x1bd CMakeFiles/STM32F103C6.elf.dir/Core/Src/stm32f1xx_it.c.obj
 .debug_line    0x00002372      0x3fc CMakeFiles/STM32F103C6.elf.dir/Core/Src/syscalls.c.obj
 .debug_line    0x0000276e      0x1a8 CMakeFiles/STM32F103C6.elf.dir/Core/Src/sysmem.c.obj
 .debug_line    0x00002916      0x246 CMakeFiles/STM32F103C6.elf.dir/Core/Src/system_stm32f1xx.c.obj
 .debug_line    0x00002b5c       0xa5 CMakeFiles/STM32F103C6.elf.dir/Core/Startup/startup_stm32f103c6tx.s.obj
 .debug_line    0x00002c01      0x572 CMakeFiles/STM32F103C6.elf.dir/Drivers/STM32F1xx_HAL_Driver/Src/stm32f1xx_hal.c.obj
 .debug_line    0x00003173      0x65b CMakeFiles/STM32F103C6.elf.dir/Drivers/STM32F1xx_HAL_Driver/Src/stm32f1xx_hal_cortex.c.obj
 .debug_line    0x000037ce      0x5ee CMakeFiles/STM32F103C6.elf.dir/Drivers/STM32F1xx_HAL_Driver/Src/stm32f1xx_hal_gpio.c.obj
 .debug_line    0x00003dbc     0x5634 CMakeFiles/STM32F103C6.elf.dir/Drivers/STM32F1xx_HAL_Driver/Src/stm32f1xx_hal_i2c.c.obj
 .debug_line    0x000093f0      0xc40 CMakeFiles/STM32F103C6.elf.dir/Drivers/STM32F1xx_HAL_Driver/Src/stm32f1xx_hal_rcc.c.obj

.debug_str      0x00000000     0x2891
 .debug_str     0x00000000      0xa36 CMakeFiles/STM32F103C6.elf.dir/Core/Src/OLED.c.obj
                                0xb35 (size before relaxing)
 .debug_str     0x00000a36       0x3d CMakeFiles/STM32F103C6.elf.dir/Core/Src/OLED_Data.c.obj
                                0x20a (size before relaxing)
 .debug_str     0x00000a73      0x303 CMakeFiles/STM32F103C6.elf.dir/Core/Src/main.c.obj
                                0xa7a (size before relaxing)
 .debug_str     0x00000d76       0xb0 CMakeFiles/STM32F103C6.elf.dir/Core/Src/stm32f1xx_hal_msp.c.obj
                                0x75e (size before relaxing)
 .debug_str     0x00000e26       0xd6 CMakeFiles/STM32F103C6.elf.dir/Core/Src/stm32f1xx_it.c.obj
                                0x25d (size before relaxing)
 .debug_str     0x00000efc      0x237 CMakeFiles/STM32F103C6.elf.dir/Core/Src/syscalls.c.obj
                                0x427 (size before relaxing)
 .debug_str     0x00001133       0x94 CMakeFiles/STM32F103C6.elf.dir/Core/Src/sysmem.c.obj
                                0x253 (size before relaxing)
 .debug_str     0x000011c7       0x9d CMakeFiles/STM32F103C6.elf.dir/Core/Src/system_stm32f1xx.c.obj
                                0x28f (size before relaxing)
 .debug_str     0x00001264       0x55 CMakeFiles/STM32F103C6.elf.dir/Core/Startup/startup_stm32f103c6tx.s.obj
                                 0x8b (size before relaxing)
 .debug_str     0x000012b9      0x5ce CMakeFiles/STM32F103C6.elf.dir/Drivers/STM32F1xx_HAL_Driver/Src/stm32f1xx_hal.c.obj
                                0x825 (size before relaxing)
 .debug_str     0x00001887      0x3da CMakeFiles/STM32F103C6.elf.dir/Drivers/STM32F1xx_HAL_Driver/Src/stm32f1xx_hal_cortex.c.obj
                                0x8d4 (size before relaxing)
 .debug_str     0x00001c61      0x134 CMakeFiles/STM32F103C6.elf.dir/Drivers/STM32F1xx_HAL_Driver/Src/stm32f1xx_hal_gpio.c.obj
                                0x43b (size before relaxing)
 .debug_str     0x00001d95      0x909 CMakeFiles/STM32F103C6.elf.dir/Drivers/STM32F1xx_HAL_Driver/Src/stm32f1xx_hal_i2c.c.obj
                               0x1000 (size before relaxing)
 .debug_str     0x0000269e      0x1f3 CMakeFiles/STM32F103C6.elf.dir/Drivers/STM32F1xx_HAL_Driver/Src/stm32f1xx_hal_rcc.c.obj
                                0x666 (size before relaxing)

.comment        0x00000000       0x49
 .comment       0x00000000       0x49 CMakeFiles/STM32F103C6.elf.dir/Core/Src/OLED.c.obj
                                 0x4a (size before relaxing)
 .comment       0x00000049       0x4a CMakeFiles/STM32F103C6.elf.dir/Core/Src/OLED_Data.c.obj
 .comment       0x00000049       0x4a CMakeFiles/STM32F103C6.elf.dir/Core/Src/main.c.obj
 .comment       0x00000049       0x4a CMakeFiles/STM32F103C6.elf.dir/Core/Src/stm32f1xx_hal_msp.c.obj
 .comment       0x00000049       0x4a CMakeFiles/STM32F103C6.elf.dir/Core/Src/stm32f1xx_it.c.obj
 .comment       0x00000049       0x4a CMakeFiles/STM32F103C6.elf.dir/Core/Src/syscalls.c.obj
 .comment       0x00000049       0x4a CMakeFiles/STM32F103C6.elf.dir/Core/Src/sysmem.c.obj
 .comment       0x00000049       0x4a CMakeFiles/STM32F103C6.elf.dir/Core/Src/system_stm32f1xx.c.obj
 .comment       0x00000049       0x4a CMakeFiles/STM32F103C6.elf.dir/Drivers/STM32F1xx_HAL_Driver/Src/stm32f1xx_hal.c.obj
 .comment       0x00000049       0x4a CMakeFiles/STM32F103C6.elf.dir/Drivers/STM32F1xx_HAL_Driver/Src/stm32f1xx_hal_cortex.c.obj
 .comment       0x00000049       0x4a CMakeFiles/STM32F103C6.elf.dir/Drivers/STM32F1xx_HAL_Driver/Src/stm32f1xx_hal_gpio.c.obj
 .comment       0x00000049       0x4a CMakeFiles/STM32F103C6.elf.dir/Drivers/STM32F1xx_HAL_Driver/Src/stm32f1xx_hal_i2c.c.obj
 .comment       0x00000049       0x4a CMakeFiles/STM32F103C6.elf.dir/Drivers/STM32F1xx_HAL_Driver/Src/stm32f1xx_hal_rcc.c.obj

.debug_frame    0x00000000     0x2dfc
 .debug_frame   0x00000000      0x470 CMakeFiles/STM32F103C6.elf.dir/Core/Src/OLED.c.obj
 .debug_frame   0x00000470       0xa8 CMakeFiles/STM32F103C6.elf.dir/Core/Src/main.c.obj
 .debug_frame   0x00000518       0x60 CMakeFiles/STM32F103C6.elf.dir/Core/Src/stm32f1xx_hal_msp.c.obj
 .debug_frame   0x00000578       0xa8 CMakeFiles/STM32F103C6.elf.dir/Core/Src/stm32f1xx_it.c.obj
 .debug_frame   0x00000620      0x190 CMakeFiles/STM32F103C6.elf.dir/Core/Src/syscalls.c.obj
 .debug_frame   0x000007b0       0x28 CMakeFiles/STM32F103C6.elf.dir/Core/Src/sysmem.c.obj
 .debug_frame   0x000007d8       0x30 CMakeFiles/STM32F103C6.elf.dir/Core/Src/system_stm32f1xx.c.obj
 .debug_frame   0x00000808      0x1cc CMakeFiles/STM32F103C6.elf.dir/Drivers/STM32F1xx_HAL_Driver/Src/stm32f1xx_hal.c.obj
 .debug_frame   0x000009d4      0x118 CMakeFiles/STM32F103C6.elf.dir/Drivers/STM32F1xx_HAL_Driver/Src/stm32f1xx_hal_cortex.c.obj
 .debug_frame   0x00000aec       0xe0 CMakeFiles/STM32F103C6.elf.dir/Drivers/STM32F1xx_HAL_Driver/Src/stm32f1xx_hal_gpio.c.obj
 .debug_frame   0x00000bcc      0x984 CMakeFiles/STM32F103C6.elf.dir/Drivers/STM32F1xx_HAL_Driver/Src/stm32f1xx_hal_i2c.c.obj
 .debug_frame   0x00001550      0x184 CMakeFiles/STM32F103C6.elf.dir/Drivers/STM32F1xx_HAL_Driver/Src/stm32f1xx_hal_rcc.c.obj
 .debug_frame   0x000016d4       0xac f:/clion_to_keil/gcc/102021.10/bin/../lib/gcc/arm-none-eabi/10.3.1/thumb/v7-m/nofp\libgcc.a(_arm_addsubdf3.o)
 .debug_frame   0x00001780       0x50 f:/clion_to_keil/gcc/102021.10/bin/../lib/gcc/arm-none-eabi/10.3.1/thumb/v7-m/nofp\libgcc.a(_arm_muldivdf3.o)
 .debug_frame   0x000017d0       0xc4 f:/clion_to_keil/gcc/102021.10/bin/../lib/gcc/arm-none-eabi/10.3.1/thumb/v7-m/nofp\libgcc.a(_arm_cmpdf2.o)
 .debug_frame   0x00001894       0x24 f:/clion_to_keil/gcc/102021.10/bin/../lib/gcc/arm-none-eabi/10.3.1/thumb/v7-m/nofp\libgcc.a(_arm_fixdfsi.o)
 .debug_frame   0x000018b8       0x24 f:/clion_to_keil/gcc/102021.10/bin/../lib/gcc/arm-none-eabi/10.3.1/thumb/v7-m/nofp\libgcc.a(_arm_fixunsdfsi.o)
 .debug_frame   0x000018dc       0x24 f:/clion_to_keil/gcc/102021.10/bin/../lib/gcc/arm-none-eabi/10.3.1/thumb/v7-m/nofp\libgcc.a(_arm_truncdfsf2.o)
 .debug_frame   0x00001900       0x4c f:/clion_to_keil/gcc/102021.10/bin/../lib/gcc/arm-none-eabi/10.3.1/thumb/v7-m/nofp\libgcc.a(_arm_addsubsf3.o)
 .debug_frame   0x0000194c       0xc8 f:/clion_to_keil/gcc/102021.10/bin/../lib/gcc/arm-none-eabi/10.3.1/thumb/v7-m/nofp\libgcc.a(_arm_cmpsf2.o)