Archive member included to satisfy reference by file (symbol)

f:/clion_to_keil/gcc/102021.10/bin/../lib/gcc/arm-none-eabi/10.3.1/thumb/v7-m/nofp\libgcc.a(_arm_mulsf3.o)
                              CMakeFiles/STM32F103C6.elf.dir/Core/Src/oled.c.obj (__aeabi_fmul)
f:/clion_to_keil/gcc/102021.10/bin/../lib/gcc/arm-none-eabi/10.3.1/thumb/v7-m/nofp\libgcc.a(_arm_addsubsf3.o)
                              CMakeFiles/STM32F103C6.elf.dir/Core/Src/oled.c.obj (__aeabi_fsub)
f:/clion_to_keil/gcc/102021.10/bin/../lib/gcc/arm-none-eabi/10.3.1/thumb/v7-m/nofp\libgcc.a(_arm_cmpsf2.o)
                              CMakeFiles/STM32F103C6.elf.dir/Core/Src/oled.c.obj (__aeabi_fcmplt)
f:/clion_to_keil/gcc/102021.10/bin/../lib/gcc/arm-none-eabi/10.3.1/thumb/v7-m/nofp\libgcc.a(_arm_fixsfsi.o)
                              CMakeFiles/STM32F103C6.elf.dir/Core/Src/oled.c.obj (__aeabi_f2iz)
f:/clion_to_keil/gcc/102021.10/bin/../lib/gcc/arm-none-eabi/10.3.1/../../../../arm-none-eabi/lib/thumb/v7-m/nofp\libg.a(lib_a-errno.o)
                              CMakeFiles/STM32F103C6.elf.dir/Core/Src/syscalls.c.obj (__errno)
f:/clion_to_keil/gcc/102021.10/bin/../lib/gcc/arm-none-eabi/10.3.1/../../../../arm-none-eabi/lib/thumb/v7-m/nofp\libg.a(lib_a-exit.o)
                              f:/clion_to_keil/gcc/102021.10/bin/../lib/gcc/arm-none-eabi/10.3.1/../../../../arm-none-eabi/lib/thumb/v7-m/nofp/crt0.o (exit)
f:/clion_to_keil/gcc/102021.10/bin/../lib/gcc/arm-none-eabi/10.3.1/../../../../arm-none-eabi/lib/thumb/v7-m/nofp\libg.a(lib_a-impure.o)
                              f:/clion_to_keil/gcc/102021.10/bin/../lib/gcc/arm-none-eabi/10.3.1/../../../../arm-none-eabi/lib/thumb/v7-m/nofp\libg.a(lib_a-exit.o) (_global_impure_ptr)
f:/clion_to_keil/gcc/102021.10/bin/../lib/gcc/arm-none-eabi/10.3.1/../../../../arm-none-eabi/lib/thumb/v7-m/nofp\libg.a(lib_a-init.o)
                              f:/clion_to_keil/gcc/102021.10/bin/../lib/gcc/arm-none-eabi/10.3.1/../../../../arm-none-eabi/lib/thumb/v7-m/nofp/crt0.o (__libc_init_array)
f:/clion_to_keil/gcc/102021.10/bin/../lib/gcc/arm-none-eabi/10.3.1/../../../../arm-none-eabi/lib/thumb/v7-m/nofp\libg.a(lib_a-memset.o)
                              f:/clion_to_keil/gcc/102021.10/bin/../lib/gcc/arm-none-eabi/10.3.1/../../../../arm-none-eabi/lib/thumb/v7-m/nofp/crt0.o (memset)
f:/clion_to_keil/gcc/102021.10/bin/../lib/gcc/arm-none-eabi/10.3.1/../../../../arm-none-eabi/lib/thumb/v7-m/nofp\libg.a(lib_a-__call_atexit.o)
                              f:/clion_to_keil/gcc/102021.10/bin/../lib/gcc/arm-none-eabi/10.3.1/../../../../arm-none-eabi/lib/thumb/v7-m/nofp\libg.a(lib_a-exit.o) (__call_exitprocs)
f:/clion_to_keil/gcc/102021.10/bin/../lib/gcc/arm-none-eabi/10.3.1/../../../../arm-none-eabi/lib/thumb/v7-m/nofp\libg.a(lib_a-atexit.o)
                              f:/clion_to_keil/gcc/102021.10/bin/../lib/gcc/arm-none-eabi/10.3.1/../../../../arm-none-eabi/lib/thumb/v7-m/nofp\libg.a(lib_a-__call_atexit.o) (atexit)
f:/clion_to_keil/gcc/102021.10/bin/../lib/gcc/arm-none-eabi/10.3.1/../../../../arm-none-eabi/lib/thumb/v7-m/nofp\libg.a(lib_a-fini.o)
                              f:/clion_to_keil/gcc/102021.10/bin/../lib/gcc/arm-none-eabi/10.3.1/../../../../arm-none-eabi/lib/thumb/v7-m/nofp\libg.a(lib_a-__call_atexit.o) (__libc_fini_array)
f:/clion_to_keil/gcc/102021.10/bin/../lib/gcc/arm-none-eabi/10.3.1/../../../../arm-none-eabi/lib/thumb/v7-m/nofp\libg.a(lib_a-lock.o)
                              f:/clion_to_keil/gcc/102021.10/bin/../lib/gcc/arm-none-eabi/10.3.1/../../../../arm-none-eabi/lib/thumb/v7-m/nofp\libg.a(lib_a-__call_atexit.o) (__retarget_lock_acquire_recursive)
f:/clion_to_keil/gcc/102021.10/bin/../lib/gcc/arm-none-eabi/10.3.1/../../../../arm-none-eabi/lib/thumb/v7-m/nofp\libg.a(lib_a-__atexit.o)
                              f:/clion_to_keil/gcc/102021.10/bin/../lib/gcc/arm-none-eabi/10.3.1/../../../../arm-none-eabi/lib/thumb/v7-m/nofp\libg.a(lib_a-atexit.o) (__register_exitproc)

Discarded input sections

 .text          0x00000000        0x0 f:/clion_to_keil/gcc/102021.10/bin/../lib/gcc/arm-none-eabi/10.3.1/thumb/v7-m/nofp/crti.o
 .data          0x00000000        0x0 f:/clion_to_keil/gcc/102021.10/bin/../lib/gcc/arm-none-eabi/10.3.1/thumb/v7-m/nofp/crti.o
 .bss           0x00000000        0x0 f:/clion_to_keil/gcc/102021.10/bin/../lib/gcc/arm-none-eabi/10.3.1/thumb/v7-m/nofp/crti.o
 .data          0x00000000        0x4 f:/clion_to_keil/gcc/102021.10/bin/../lib/gcc/arm-none-eabi/10.3.1/thumb/v7-m/nofp/crtbegin.o
 .rodata        0x00000000       0x24 f:/clion_to_keil/gcc/102021.10/bin/../lib/gcc/arm-none-eabi/10.3.1/thumb/v7-m/nofp/crtbegin.o
 .text          0x00000000       0x7c f:/clion_to_keil/gcc/102021.10/bin/../lib/gcc/arm-none-eabi/10.3.1/../../../../arm-none-eabi/lib/thumb/v7-m/nofp/crt0.o
 .data          0x00000000        0x0 f:/clion_to_keil/gcc/102021.10/bin/../lib/gcc/arm-none-eabi/10.3.1/../../../../arm-none-eabi/lib/thumb/v7-m/nofp/crt0.o
[...]
Memory Configuration

Name             Origin             Length             Attributes
RAM              0x20000000         0x00002800         xrw
FLASH            0x08000000         0x00008000         xr
*default*        0x00000000         0xffffffff

Linker script and memory map

LOAD f:/clion_to_keil/gcc/102021.10/bin/../lib/gcc/arm-none-eabi/10.3.1/thumb/v7-m/nofp/crti.o
LOAD f:/clion_to_keil/gcc/102021.10/bin/../lib/gcc/arm-none-eabi/10.3.1/thumb/v7-m/nofp/crtbegin.o
LOAD f:/clion_to_keil/gcc/102021.10/bin/../lib/gcc/arm-none-eabi/10.3.1/../../../../arm-none-eabi/lib/thumb/v7-m/nofp/crt0.o
LOAD CMakeFiles/STM32F103C6.elf.dir/Core/Src/main.c.obj
LOAD CMakeFiles/STM32F103C6.elf.dir/Core/Src/oled.c.obj
LOAD CMakeFiles/STM32F103C6.elf.dir/Core/Src/oledfont.c.obj
LOAD CMakeFiles/STM32F103C6.elf.dir/Core/Src/stm32f1xx_hal_msp.c.obj
LOAD CMakeFiles/STM32F103C6.elf.dir/Core/Src/stm32f1xx_it.c.obj
LOAD CMakeFiles/STM32F103C6.elf.dir/Core/Src/syscalls.c.obj
LOAD CMakeFiles/STM32F103C6.elf.dir/Core/Src/sysmem.c.obj
LOAD CMakeFiles/STM32F103C6.elf.dir/Core/Src/system_stm32f1xx.c.obj
LOAD CMakeFiles/STM32F103C6.elf.dir/Core/Startup/startup_stm32f103c6tx.s.obj
LOAD CMakeFiles/STM32F103C6.elf.dir/Drivers/STM32F1xx_HAL_Driver/Src/stm32f1xx_hal.c.obj
LOAD CMakeFiles/STM32F103C6.elf.dir/Drivers/STM32F1xx_HAL_Driver/Src/stm32f1xx_hal_cortex.c.obj
LOAD CMakeFiles/STM32F103C6.elf.dir/Drivers/STM32F1xx_HAL_Driver/Src/stm32f1xx_hal_dma.c.obj
LOAD CMakeFiles/STM32F103C6.elf.dir/Drivers/STM32F1xx_HAL_Driver/Src/stm32f1xx_hal_exti.c.obj
LOAD CMakeFiles/STM32F103C6.elf.dir/Drivers/STM32F1xx_HAL_Driver/Src/stm32f1xx_hal_flash.c.obj
LOAD CMakeFiles/STM32F103C6.elf.dir/Drivers/STM32F1xx_HAL_Driver/Src/stm32f1xx_hal_flash_ex.c.obj
LOAD CMakeFiles/STM32F103C6.elf.dir/Drivers/STM32F1xx_HAL_Driver/Src/stm32f1xx_hal_gpio.c.obj
LOAD CMakeFiles/STM32F103C6.elf.dir/Drivers/STM32F1xx_HAL_Driver/Src/stm32f1xx_hal_gpio_ex.c.obj
LOAD CMakeFiles/STM32F103C6.elf.dir/Drivers/STM32F1xx_HAL_Driver/Src/stm32f1xx_hal_i2c.c.obj
LOAD CMakeFiles/STM32F103C6.elf.dir/Drivers/STM32F1xx_HAL_Driver/Src/stm32f1xx_hal_pwr.c.obj
LOAD CMakeFiles/STM32F103C6.elf.dir/Drivers/STM32F1xx_HAL_Driver/Src/stm32f1xx_hal_rcc.c.obj
LOAD CMakeFiles/STM32F103C6.elf.dir/Drivers/STM32F1xx_HAL_Driver/Src/stm32f1xx_hal_rcc_ex.c.obj
LOAD CMakeFiles/STM32F103C6.elf.dir/Drivers/STM32F1xx_HAL_Driver/Src/stm32f1xx_hal_tim.c.obj
LOAD CMakeFiles/STM32F103C6.elf.dir/Drivers/STM32F1xx_HAL_Driver/Src/stm32f1xx_hal_tim_ex.c.obj
START GROUP
LOAD f:/clion_to_keil/gcc/102021.10/bin/../lib/gcc/arm-none-eabi/10.3.1/thumb/v7-m/nofp\libgcc.a
LOAD f:/clion_to_keil/gcc/102021.10/bin/../lib/gcc/arm-none-eabi/10.3.1/../../../../arm-none-eabi/lib/thumb/v7-m/nofp\libg.a
LOAD f:/clion_to_keil/gcc/102021.10/bin/../lib/gcc/arm-none-eabi/10.3.1/../../../../arm-none-eabi/lib/thumb/v7-m/nofp\libc.a
END GROUP
LOAD f:/clion_to_keil/gcc/102021.10/bin/../lib/gcc/arm-none-eabi/10.3.1/thumb/v7-m/nofp/crtend.o
LOAD f:/clion_to_keil/gcc/102021.10/bin/../lib/gcc/arm-none-eabi/10.3.1/thumb/v7-m/nofp/crtn.o
                0x20002800                _estack = (ORIGIN (RAM) + LENGTH (RAM))
                0x00000200                _Min_Heap_Size = 0x200
                0x00000400                _Min_Stack_Size = 0x400

.isr_vector     0x08000000      0x10c
                0x08000000                . = ALIGN (0x4)
 *(.isr_vector)
 .isr_vector    0x08000000      0x10c CMakeFiles/STM32F103C6.elf.dir/Core/Startup/startup_stm32f103c6tx.s.obj
                0x08000000                g_pfnVectors
                0x0800010c                . = ALIGN (0x4)

.text           0x0800010c     0x1888
                0x0800010c                . = ALIGN (0x4)
 *(.text)
 .text          0x0800010c       0x40 f:/clion_to_keil/gcc/102021.10/bin/../lib/gcc/arm-none-eabi/10.3.1/thumb/v7-m/nofp/crtbegin.o
 *(.text*)
 .text.MX_GPIO_Init
                0x0800014c       0xc8 CMakeFiles/STM32F103C6.elf.dir/Core/Src/main.c.obj
 .text.Error_Handler
                0x08000214        0x4 CMakeFiles/STM32F103C6.elf.dir/Core/Src/main.c.obj
                0x08000214                Error_Handler
 .text.MX_I2C1_Init
                0x08000218       0x38 CMakeFiles/STM32F103C6.elf.dir/Core/Src/main.c.obj
 .text.SystemClock_Config
                0x08000250       0x64 CMakeFiles/STM32F103C6.elf.dir/Core/Src/main.c.obj
                0x08000250                SystemClock_Config
 .text.main     0x080002b4       0xd0 CMakeFiles/STM32F103C6.elf.dir/Core/Src/main.c.obj
                0x080002b4                main
 .text.OLED_WR_CMD
                0x08000384       0x2c CMakeFiles/STM32F103C6.elf.dir/Core/Src/oled.c.obj
                0x08000384                OLED_WR_CMD
 .text.OLED_Init
                0x080003b0       0x24 CMakeFiles/STM32F103C6.elf.dir/Core/Src/oled.c.obj
                0x080003b0                OLED_Init
 .text.OLED_WR_DATA
                0x080003d4       0x2c CMakeFiles/STM32F103C6.elf.dir/Core/Src/oled.c.obj
                0x080003d4                OLED_WR_DATA
 .text.OLED_Clear
                0x08000400       0x3a CMakeFiles/STM32F103C6.elf.dir/Core/Src/oled.c.obj
                0x08000400                OLED_Clear
 .text.OLED_Set_Pos
                0x0800043a       0x22 CMakeFiles/STM32F103C6.elf.dir/Core/Src/oled.c.obj
                0x0800043a                OLED_Set_Pos
 .text.oled_pow
                0x0800045c       0x16 CMakeFiles/STM32F103C6.elf.dir/Core/Src/oled.c.obj
                0x0800045c                oled_pow
 *fill*         0x08000472        0x2 
 .text.OLED_ShowChar
                0x08000474       0xe0 CMakeFiles/STM32F103C6.elf.dir/Core/Src/oled.c.obj
                0x08000474                OLED_ShowChar
 .text.OLED_ShowString
                0x08000554       0x66 CMakeFiles/STM32F103C6.elf.dir/Core/Src/oled.c.obj
                0x08000554                OLED_ShowString
 *fill*         0x080005ba        0x2 
 .text.OLED_ShowNum
                0x080005bc       0x9c CMakeFiles/STM32F103C6.elf.dir/Core/Src/oled.c.obj
                0x080005bc                OLED_ShowNum
 .text.HAL_MspInit
                0x08000658       0x44 CMakeFiles/STM32F103C6.elf.dir/Core/Src/stm32f1xx_hal_msp.c.obj
                0x08000658                HAL_MspInit
 .text.HAL_I2C_MspInit
                0x0800069c       0x64 CMakeFiles/STM32F103C6.elf.dir/Core/Src/stm32f1xx_hal_msp.c.obj
                0x0800069c                HAL_I2C_MspInit
 .text.NMI_Handler
                0x08000700        0x2 CMakeFiles/STM32F103C6.elf.dir/Core/Src/stm32f1xx_it.c.obj
                0x08000700                NMI_Handler
 .text.HardFault_Handler
                0x08000702        0x2 CMakeFiles/STM32F103C6.elf.dir/Core/Src/stm32f1xx_it.c.obj
                0x08000702                HardFault_Handler
 .text.MemManage_Handler
                0x08000704        0x2 CMakeFiles/STM32F103C6.elf.dir/Core/Src/stm32f1xx_it.c.obj
                0x08000704                MemManage_Handler
 .text.BusFault_Handler
                0x08000706        0x2 CMakeFiles/STM32F103C6.elf.dir/Core/Src/stm32f1xx_it.c.obj
                0x08000706                BusFault_Handler
 .text.UsageFault_Handler
                0x08000708        0x2 CMakeFiles/STM32F103C6.elf.dir/Core/Src/stm32f1xx_it.c.obj
                0x08000708                UsageFault_Handler
 .text.SVC_Handler
                0x0800070a        0x2 CMakeFiles/STM32F103C6.elf.dir/Core/Src/stm32f1xx_it.c.obj
                0x0800070a                SVC_Handler
 .text.DebugMon_Handler
                0x0800070c        0x2 CMakeFiles/STM32F103C6.elf.dir/Core/Src/stm32f1xx_it.c.obj
                0x0800070c                DebugMon_Handler
 .text.PendSV_Handler
                0x0800070e        0x2 CMakeFiles/STM32F103C6.elf.dir/Core/Src/stm32f1xx_it.c.obj
                0x0800070e                PendSV_Handler
 .text.SysTick_Handler
                0x08000710        0x8 CMakeFiles/STM32F103C6.elf.dir/Core/Src/stm32f1xx_it.c.obj
                0x08000710                SysTick_Handler
 .text.SystemInit
                0x08000718        0x2 CMakeFiles/STM32F103C6.elf.dir/Core/Src/system_stm32f1xx.c.obj
                0x08000718                SystemInit
 *fill*         0x0800071a        0x2 
 .text.Reset_Handler
                0x0800071c       0x48 CMakeFiles/STM32F103C6.elf.dir/Core/Startup/startup_stm32f103c6tx.s.obj
                0x0800071c                Reset_Handler
 .text.Default_Handler
                0x08000764        0x2 CMakeFiles/STM32F103C6.elf.dir/Core/Startup/startup_stm32f103c6tx.s.obj
                0x08000764                RTC_Alarm_IRQHandler
                0x08000764                EXTI2_IRQHandler
                0x08000764                TIM1_CC_IRQHandler
                0x08000764                PVD_IRQHandler
                0x08000764                EXTI3_IRQHandler
                0x08000764                EXTI0_IRQHandler
                0x08000764                ADC1_2_IRQHandler
                0x08000764                SPI1_IRQHandler
                0x08000764                TAMPER_IRQHandler
                0x08000764                DMA1_Channel4_IRQHandler
                0x08000764                RTC_IRQHandler
                0x08000764                DMA1_Channel7_IRQHandler
                0x08000764                CAN1_RX1_IRQHandler
                0x08000764                I2C1_EV_IRQHandler
                0x08000764                DMA1_Channel6_IRQHandler
                0x08000764                TIM3_IRQHandler
                0x08000764                RCC_IRQHandler
                0x08000764                TIM1_TRG_COM_IRQHandler
                0x08000764                DMA1_Channel1_IRQHandler
                0x08000764                Default_Handler
                0x08000764                EXTI15_10_IRQHandler
                0x08000764                EXTI9_5_IRQHandler
                0x08000764                DMA1_Channel5_IRQHandler
                0x08000764                EXTI4_IRQHandler
                0x08000764                USB_LP_CAN1_RX0_IRQHandler
                0x08000764                USB_HP_CAN1_TX_IRQHandler
                0x08000764                DMA1_Channel3_IRQHandler
                0x08000764                TIM1_UP_IRQHandler
                0x08000764                WWDG_IRQHandler
                0x08000764                TIM2_IRQHandler
                0x08000764                TIM1_BRK_IRQHandler
                0x08000764                EXTI1_IRQHandler
                0x08000764                USART2_IRQHandler
                0x08000764                DMA1_Channel2_IRQHandler
                0x08000764                CAN1_SCE_IRQHandler
                0x08000764                FLASH_IRQHandler
                0x08000764                USART1_IRQHandler
                0x08000764                I2C1_ER_IRQHandler
                0x08000764                USBWakeUp_IRQHandler
 *fill*         0x08000766        0x2 
 .text.HAL_InitTick
                0x08000768       0x4c CMakeFiles/STM32F103C6.elf.dir/Drivers/STM32F1xx_HAL_Driver/Src/stm32f1xx_hal.c.obj
                0x08000768                HAL_InitTick
 .text.HAL_Init
                0x080007b4       0x24 CMakeFiles/STM32F103C6.elf.dir/Drivers/STM32F1xx_HAL_Driver/Src/stm32f1xx_hal.c.obj
                0x080007b4                HAL_Init
 .text.HAL_IncTick
                0x080007d8       0x18 CMakeFiles/STM32F103C6.elf.dir/Drivers/STM32F1xx_HAL_Driver/Src/stm32f1xx_hal.c.obj
                0x080007d8                HAL_IncTick
 .text.HAL_GetTick
                0x080007f0        0xc CMakeFiles/STM32F103C6.elf.dir/Drivers/STM32F1xx_HAL_Driver/Src/stm32f1xx_hal.c.obj
                0x080007f0                HAL_GetTick
 .text.HAL_Delay
                0x080007fc       0x28 CMakeFiles/STM32F103C6.elf.dir/Drivers/STM32F1xx_HAL_Driver/Src/stm32f1xx_hal.c.obj
                0x080007fc                HAL_Delay
 .text.HAL_NVIC_SetPriorityGrouping
                0x08000824       0x24 CMakeFiles/STM32F103C6.elf.dir/Drivers/STM32F1xx_HAL_Driver/Src/stm32f1xx_hal_cortex.c.obj
                0x08000824                HAL_NVIC_SetPriorityGrouping
 .text.HAL_NVIC_SetPriority
                0x08000848       0x70 CMakeFiles/STM32F103C6.elf.dir/Drivers/STM32F1xx_HAL_Driver/Src/stm32f1xx_hal_cortex.c.obj
                0x08000848                HAL_NVIC_SetPriority
 .text.HAL_SYSTICK_Config
                0x080008b8       0x28 CMakeFiles/STM32F103C6.elf.dir/Drivers/STM32F1xx_HAL_Driver/Src/stm32f1xx_hal_cortex.c.obj
                0x080008b8                HAL_SYSTICK_Config
 .text.HAL_GPIO_Init
                0x080008e0      0x220 CMakeFiles/STM32F103C6.elf.dir/Drivers/STM32F1xx_HAL_Driver/Src/stm32f1xx_hal_gpio.c.obj
                0x080008e0                HAL_GPIO_Init
 .text.HAL_GPIO_WritePin
                0x08000b00        0xc CMakeFiles/STM32F103C6.elf.dir/Drivers/STM32F1xx_HAL_Driver/Src/stm32f1xx_hal_gpio.c.obj
                0x08000b00                HAL_GPIO_WritePin
 .text.HAL_GPIO_TogglePin
                0x08000b0c       0x12 CMakeFiles/STM32F103C6.elf.dir/Drivers/STM32F1xx_HAL_Driver/Src/stm32f1xx_hal_gpio.c.obj
                0x08000b0c                HAL_GPIO_TogglePin
 .text.I2C_IsAcknowledgeFailed
                0x08000b1e       0x32 CMakeFiles/STM32F103C6.elf.dir/Drivers/STM32F1xx_HAL_Driver/Src/stm32f1xx_hal_i2c.c.obj
 .text.I2C_WaitOnFlagUntilTimeout
                0x08000b50       0xaa CMakeFiles/STM32F103C6.elf.dir/Drivers/STM32F1xx_HAL_Driver/Src/stm32f1xx_hal_i2c.c.obj
 .text.I2C_WaitOnMasterAddressFlagUntilTimeout
                0x08000bfa       0xd6 CMakeFiles/STM32F103C6.elf.dir/Drivers/STM32F1xx_HAL_Driver/Src/stm32f1xx_hal_i2c.c.obj
 .text.I2C_WaitOnTXEFlagUntilTimeout
                0x08000cd0       0x5e CMakeFiles/STM32F103C6.elf.dir/Drivers/STM32F1xx_HAL_Driver/Src/stm32f1xx_hal_i2c.c.obj
 *fill*         0x08000d2e        0x2 
 .text.I2C_RequestMemoryWrite
                0x08000d30       0xd8 CMakeFiles/STM32F103C6.elf.dir/Drivers/STM32F1xx_HAL_Driver/Src/stm32f1xx_hal_i2c.c.obj
 .text.I2C_WaitOnBTFFlagUntilTimeout
                0x08000e08       0x5e CMakeFiles/STM32F103C6.elf.dir/Drivers/STM32F1xx_HAL_Driver/Src/stm32f1xx_hal_i2c.c.obj
 *fill*         0x08000e66        0x2 
 .text.HAL_I2C_Init
                0x08000e68      0x1bc CMakeFiles/STM32F103C6.elf.dir/Drivers/STM32F1xx_HAL_Driver/Src/stm32f1xx_hal_i2c.c.obj
                0x08000e68                HAL_I2C_Init
 .text.HAL_I2C_Mem_Write
                0x08001024      0x164 CMakeFiles/STM32F103C6.elf.dir/Drivers/STM32F1xx_HAL_Driver/Src/stm32f1xx_hal_i2c.c.obj
                0x08001024                HAL_I2C_Mem_Write
 .text.RCC_Delay
                0x08001188       0x2c CMakeFiles/STM32F103C6.elf.dir/Drivers/STM32F1xx_HAL_Driver/Src/stm32f1xx_hal_rcc.c.obj
 .text.HAL_RCC_OscConfig
                0x080011b4      0x410 CMakeFiles/STM32F103C6.elf.dir/Drivers/STM32F1xx_HAL_Driver/Src/stm32f1xx_hal_rcc.c.obj
                0x080011b4                HAL_RCC_OscConfig
 .text.HAL_RCC_GetSysClockFreq
                0x080015c4       0x54 CMakeFiles/STM32F103C6.elf.dir/Drivers/STM32F1xx_HAL_Driver/Src/stm32f1xx_hal_rcc.c.obj
                0x080015c4                HAL_RCC_GetSysClockFreq
 .text.HAL_RCC_ClockConfig
                0x08001618      0x16c CMakeFiles/STM32F103C6.elf.dir/Drivers/STM32F1xx_HAL_Driver/Src/stm32f1xx_hal_rcc.c.obj
                0x08001618                HAL_RCC_ClockConfig
 .text.HAL_RCC_GetHCLKFreq
                0x08001784        0xc CMakeFiles/STM32F103C6.elf.dir/Drivers/STM32F1xx_HAL_Driver/Src/stm32f1xx_hal_rcc.c.obj
                0x08001784                HAL_RCC_GetHCLKFreq
 .text.HAL_RCC_GetPCLK1Freq
                0x08001790       0x20 CMakeFiles/STM32F103C6.elf.dir/Drivers/STM32F1xx_HAL_Driver/Src/stm32f1xx_hal_rcc.c.obj
                0x08001790                HAL_RCC_GetPCLK1Freq
 .text.__libc_init_array
                0x080017b0       0x48 f:/clion_to_keil/gcc/102021.10/bin/../lib/gcc/arm-none-eabi/10.3.1/../../../../arm-none-eabi/lib/thumb/v7-m/nofp\libg.a(lib_a-init.o)
                0x080017b0                __libc_init_array
 .text.memset   0x080017f8       0xa4 f:/clion_to_keil/gcc/102021.10/bin/../lib/gcc/arm-none-eabi/10.3.1/../../../../arm-none-eabi/lib/thumb/v7-m/nofp\libg.a(lib_a-memset.o)
                0x080017f8                memset
 .text.startup.register_fini
                0x0800189c       0x14 f:/clion_to_keil/gcc/102021.10/bin/../lib/gcc/arm-none-eabi/10.3.1/../../../../arm-none-eabi/lib/thumb/v7-m/nofp\libg.a(lib_a-__call_atexit.o)
 .text.atexit   0x080018b0        0xc f:/clion_to_keil/gcc/102021.10/bin/../lib/gcc/arm-none-eabi/10.3.1/../../../../arm-none-eabi/lib/thumb/v7-m/nofp\libg.a(lib_a-atexit.o)
                0x080018b0                atexit
 .text.__libc_fini_array
                0x080018bc       0x2c f:/clion_to_keil/gcc/102021.10/bin/../lib/gcc/arm-none-eabi/10.3.1/../../../../arm-none-eabi/lib/thumb/v7-m/nofp\libg.a(lib_a-fini.o)
                0x080018bc                __libc_fini_array
 .text.__retarget_lock_acquire_recursive
                0x080018e8        0x4 f:/clion_to_keil/gcc/102021.10/bin/../lib/gcc/arm-none-eabi/10.3.1/../../../../arm-none-eabi/lib/thumb/v7-m/nofp\libg.a(lib_a-lock.o)
                0x080018e8                __retarget_lock_acquire_recursive
 .text.__retarget_lock_release_recursive
                0x080018ec        0x4 f:/clion_to_keil/gcc/102021.10/bin/../lib/gcc/arm-none-eabi/10.3.1/../../../../arm-none-eabi/lib/thumb/v7-m/nofp\libg.a(lib_a-lock.o)
                0x080018ec                __retarget_lock_release_recursive
 .text.__register_exitproc
                0x080018f0       0x8c f:/clion_to_keil/gcc/102021.10/bin/../lib/gcc/arm-none-eabi/10.3.1/../../../../arm-none-eabi/lib/thumb/v7-m/nofp\libg.a(lib_a-__atexit.o)
                0x080018f0                __register_exitproc
 *(.glue_7)
 .glue_7        0x0800197c        0x0 linker stubs
 *(.glue_7t)
 .glue_7t       0x0800197c        0x0 linker stubs
 *(.eh_frame)
 .eh_frame      0x0800197c        0x0 f:/clion_to_keil/gcc/102021.10/bin/../lib/gcc/arm-none-eabi/10.3.1/thumb/v7-m/nofp/crtbegin.o
 *(.init)
 .init          0x0800197c        0x4 f:/clion_to_keil/gcc/102021.10/bin/../lib/gcc/arm-none-eabi/10.3.1/thumb/v7-m/nofp/crti.o
                0x0800197c                _init
 .init          0x08001980        0x8 f:/clion_to_keil/gcc/102021.10/bin/../lib/gcc/arm-none-eabi/10.3.1/thumb/v7-m/nofp/crtn.o
 *(.fini)
 .fini          0x08001988        0x4 f:/clion_to_keil/gcc/102021.10/bin/../lib/gcc/arm-none-eabi/10.3.1/thumb/v7-m/nofp/crti.o
                0x08001988                _fini
 .fini          0x0800198c        0x8 f:/clion_to_keil/gcc/102021.10/bin/../lib/gcc/arm-none-eabi/10.3.1/thumb/v7-m/nofp/crtn.o
                0x08001994                . = ALIGN (0x4)
                0x08001994                _etext = .

.vfp11_veneer   0x08001994        0x0
 .vfp11_veneer  0x08001994        0x0 linker stubs

.v4_bx          0x08001994        0x0
 .v4_bx         0x08001994        0x0 linker stubs

.iplt           0x08001994        0x0
 .iplt          0x08001994        0x0 f:/clion_to_keil/gcc/102021.10/bin/../lib/gcc/arm-none-eabi/10.3.1/thumb/v7-m/nofp/crtbegin.o

.rodata         0x08001994      0x844
                0x08001994                . = ALIGN (0x4)
 *(.rodata)
 *(.rodata*)
 .rodata.main.str1.4
                0x08001994        0xc CMakeFiles/STM32F103C6.elf.dir/Core/Src/main.c.obj
 .rodata.F6x8   0x080019a0      0x228 CMakeFiles/STM32F103C6.elf.dir/Core/Src/oledfont.c.obj
                0x080019a0                F6x8
 .rodata.F8X16  0x08001bc8      0x5e0 CMakeFiles/STM32F103C6.elf.dir/Core/Src/oledfont.c.obj
                0x08001bc8                F8X16
 .rodata.AHBPrescTable
                0x080021a8       0x10 CMakeFiles/STM32F103C6.elf.dir/Core/Src/system_stm32f1xx.c.obj
                0x080021a8                AHBPrescTable
 .rodata.APBPrescTable
                0x080021b8        0x8 CMakeFiles/STM32F103C6.elf.dir/Core/Src/system_stm32f1xx.c.obj
                0x080021b8                APBPrescTable
 .rodata.aPLLMULFactorTable.1
                0x080021c0       0x10 CMakeFiles/STM32F103C6.elf.dir/Drivers/STM32F1xx_HAL_Driver/Src/stm32f1xx_hal_rcc.c.obj
 .rodata.aPredivFactorTable.0
                0x080021d0        0x2 CMakeFiles/STM32F103C6.elf.dir/Drivers/STM32F1xx_HAL_Driver/Src/stm32f1xx_hal_rcc.c.obj
 *fill*         0x080021d2        0x2 
 .rodata._global_impure_ptr
                0x080021d4        0x4 f:/clion_to_keil/gcc/102021.10/bin/../lib/gcc/arm-none-eabi/10.3.1/../../../../arm-none-eabi/lib/thumb/v7-m/nofp\libg.a(lib_a-impure.o)
                0x080021d4                _global_impure_ptr
                0x080021d8                . = ALIGN (0x4)

.rel.dyn        0x080021d8        0x0
 .rel.iplt      0x080021d8        0x0 f:/clion_to_keil/gcc/102021.10/bin/../lib/gcc/arm-none-eabi/10.3.1/thumb/v7-m/nofp/crtbegin.o

.ARM.extab      0x080021d8        0x0
                0x080021d8                . = ALIGN (0x4)
 *(.ARM.extab* .gnu.linkonce.armextab.*)
                0x080021d8                . = ALIGN (0x4)

.ARM            0x080021d8        0x0
                0x080021d8                . = ALIGN (0x4)
                0x080021d8                __exidx_start = .
 *(.ARM.exidx*)
                0x080021d8                __exidx_end = .
                0x080021d8                . = ALIGN (0x4)

.preinit_array  0x080021d8        0x0
                0x080021d8                . = ALIGN (0x4)
                0x080021d8                PROVIDE (__preinit_array_start = .)
 *(.preinit_array*)
                0x080021d8                PROVIDE (__preinit_array_end = .)
                0x080021d8                . = ALIGN (0x4)

.init_array     0x080021d8        0x8
                0x080021d8                . = ALIGN (0x4)
                0x080021d8                PROVIDE (__init_array_start = .)
 *(SORT_BY_NAME(.init_array.*))
 .init_array.00000
                0x080021d8        0x4 f:/clion_to_keil/gcc/102021.10/bin/../lib/gcc/arm-none-eabi/10.3.1/../../../../arm-none-eabi/lib/thumb/v7-m/nofp\libg.a(lib_a-__call_atexit.o)
 *(.init_array*)
 .init_array    0x080021dc        0x4 f:/clion_to_keil/gcc/102021.10/bin/../lib/gcc/arm-none-eabi/10.3.1/thumb/v7-m/nofp/crtbegin.o
                0x080021e0                PROVIDE (__init_array_end = .)
                0x080021e0                . = ALIGN (0x4)

.fini_array     0x080021e0        0x4
                0x080021e0                . = ALIGN (0x4)
                0x080021e0                PROVIDE (__fini_array_start = .)
 *(SORT_BY_NAME(.fini_array.*))
 *(.fini_array*)
 .fini_array    0x080021e0        0x4 f:/clion_to_keil/gcc/102021.10/bin/../lib/gcc/arm-none-eabi/10.3.1/thumb/v7-m/nofp/crtbegin.o
                0x080021e4                PROVIDE (__fini_array_end = .)
                0x080021e4                . = ALIGN (0x4)
                0x080021e4                _sidata = LOADADDR (.data)

.data           0x20000000      0x454 load address 0x080021e4
                0x20000000                . = ALIGN (0x4)
                0x20000000                _sdata = .
 *(.data)
 *(.data*)
 .data.CMD_Data
                0x20000000       0x17 CMakeFiles/STM32F103C6.elf.dir/Core/Src/oled.c.obj
                0x20000000                CMD_Data
 *fill*         0x20000017        0x1 
 .data.SystemCoreClock
                0x20000018        0x4 CMakeFiles/STM32F103C6.elf.dir/Core/Src/system_stm32f1xx.c.obj
                0x20000018                SystemCoreClock
 .data.uwTickFreq
                0x2000001c        0x1 CMakeFiles/STM32F103C6.elf.dir/Drivers/STM32F1xx_HAL_Driver/Src/stm32f1xx_hal.c.obj
                0x2000001c                uwTickFreq
 *fill*         0x2000001d        0x3 
 .data.uwTickPrio
                0x20000020        0x4 CMakeFiles/STM32F103C6.elf.dir/Drivers/STM32F1xx_HAL_Driver/Src/stm32f1xx_hal.c.obj
                0x20000020                uwTickPrio
 *fill*         0x20000024        0x4 
 .data.impure_data
                0x20000028      0x428 f:/clion_to_keil/gcc/102021.10/bin/../lib/gcc/arm-none-eabi/10.3.1/../../../../arm-none-eabi/lib/thumb/v7-m/nofp\libg.a(lib_a-impure.o)
 .data.__atexit_recursive_mutex
                0x20000450        0x4 f:/clion_to_keil/gcc/102021.10/bin/../lib/gcc/arm-none-eabi/10.3.1/../../../../arm-none-eabi/lib/thumb/v7-m/nofp\libg.a(lib_a-__call_atexit.o)
                0x20000450                __atexit_recursive_mutex
 *(.RamFunc)
 *(.RamFunc*)
                0x20000454                . = ALIGN (0x4)
                0x20000454                _edata = .

.igot.plt       0x20000454        0x0 load address 0x08002638
 .igot.plt      0x20000454        0x0 f:/clion_to_keil/gcc/102021.10/bin/../lib/gcc/arm-none-eabi/10.3.1/thumb/v7-m/nofp/crtbegin.o
                0x20000454                . = ALIGN (0x4)

.bss            0x20000454       0x78 load address 0x08002638
                0x20000454                _sbss = .
                0x20000454                __bss_start__ = _sbss
 *(.bss)
 .bss           0x20000454       0x1c f:/clion_to_keil/gcc/102021.10/bin/../lib/gcc/arm-none-eabi/10.3.1/thumb/v7-m/nofp/crtbegin.o
 *(.bss*)
 .bss.hi2c1     0x20000470       0x54 CMakeFiles/STM32F103C6.elf.dir/Core/Src/main.c.obj
                0x20000470                hi2c1
 .bss.uwTick    0x200004c4        0x4 CMakeFiles/STM32F103C6.elf.dir/Drivers/STM32F1xx_HAL_Driver/Src/stm32f1xx_hal.c.obj
                0x200004c4                uwTick
 .bss.__lock___atexit_recursive_mutex
                0x200004c8        0x1 f:/clion_to_keil/gcc/102021.10/bin/../lib/gcc/arm-none-eabi/10.3.1/../../../../arm-none-eabi/lib/thumb/v7-m/nofp\libg.a(lib_a-lock.o)
                0x200004c8                __lock___atexit_recursive_mutex
 *(COMMON)
                0x200004cc                . = ALIGN (0x4)
 *fill*         0x200004c9        0x3 
                0x200004cc                _ebss = .
                0x200004cc                __bss_end__ = _ebss

._user_heap_stack
                0x200004cc      0x604 load address 0x08002638
                0x200004d0                . = ALIGN (0x8)
 *fill*         0x200004cc        0x4 
                [!provide]                PROVIDE (end = .)
                0x200004d0                PROVIDE (_end = .)
                0x200006d0                . = (. + _Min_Heap_Size)
 *fill*         0x200004d0      0x200 
                0x20000ad0                . = (. + _Min_Stack_Size)
 *fill*         0x200006d0      0x400 
                0x20000ad0                . = ALIGN (0x8)

/DISCARD/
 libc.a(*)
 libm.a(*)
 libgcc.a(*)

.ARM.attributes
                0x00000000       0x29
 *(.ARM.attributes)
 .ARM.attributes
                0x00000000       0x1d f:/clion_to_keil/gcc/102021.10/bin/../lib/gcc/arm-none-eabi/10.3.1/thumb/v7-m/nofp/crti.o
 .ARM.attributes
                0x0000001d       0x2d f:/clion_to_keil/gcc/102021.10/bin/../lib/gcc/arm-none-eabi/10.3.1/thumb/v7-m/nofp/crtbegin.o
 .ARM.attributes
                0x0000004a       0x2d CMakeFiles/STM32F103C6.elf.dir/Core/Src/main.c.obj
 .ARM.attributes
                0x00000077       0x2d CMakeFiles/STM32F103C6.elf.dir/Core/Src/oled.c.obj
 .ARM.attributes
                0x000000a4       0x2d CMakeFiles/STM32F103C6.elf.dir/Core/Src/oledfont.c.obj
 .ARM.attributes
                0x000000d1       0x2d CMakeFiles/STM32F103C6.elf.dir/Core/Src/stm32f1xx_hal_msp.c.obj
 .ARM.attributes
                0x000000fe       0x2d CMakeFiles/STM32F103C6.elf.dir/Core/Src/stm32f1xx_it.c.obj
 .ARM.attributes
                0x0000012b       0x2d CMakeFiles/STM32F103C6.elf.dir/Core/Src/system_stm32f1xx.c.obj
 .ARM.attributes
                0x00000158       0x21 CMakeFiles/STM32F103C6.elf.dir/Core/Startup/startup_stm32f103c6tx.s.obj
 .ARM.attributes
                0x00000179       0x2d CMakeFiles/STM32F103C6.elf.dir/Drivers/STM32F1xx_HAL_Driver/Src/stm32f1xx_hal.c.obj
 .ARM.attributes
                0x000001a6       0x2d CMakeFiles/STM32F103C6.elf.dir/Drivers/STM32F1xx_HAL_Driver/Src/stm32f1xx_hal_cortex.c.obj
 .ARM.attributes
                0x000001d3       0x2d CMakeFiles/STM32F103C6.elf.dir/Drivers/STM32F1xx_HAL_Driver/Src/stm32f1xx_hal_gpio.c.obj
 .ARM.attributes
                0x00000200       0x2d CMakeFiles/STM32F103C6.elf.dir/Drivers/STM32F1xx_HAL_Driver/Src/stm32f1xx_hal_i2c.c.obj
 .ARM.attributes
                0x0000022d       0x2d CMakeFiles/STM32F103C6.elf.dir/Drivers/STM32F1xx_HAL_Driver/Src/stm32f1xx_hal_rcc.c.obj
 .ARM.attributes
                0x0000025a       0x2d f:/clion_to_keil/gcc/102021.10/bin/../lib/gcc/arm-none-eabi/10.3.1/../../../../arm-none-eabi/lib/thumb/v7-m/nofp\libg.a(lib_a-impure.o)
 .ARM.attributes
                0x00000287       0x2d f:/clion_to_keil/gcc/102021.10/bin/../lib/gcc/arm-none-eabi/10.3.1/../../../../arm-none-eabi/lib/thumb/v7-m/nofp\libg.a(lib_a-init.o)
 .ARM.attributes
                0x000002b4       0x2d f:/clion_to_keil/gcc/102021.10/bin/../lib/gcc/arm-none-eabi/10.3.1/../../../../arm-none-eabi/lib/thumb/v7-m/nofp\libg.a(lib_a-memset.o)
 .ARM.attributes
                0x000002e1       0x2d f:/clion_to_keil/gcc/102021.10/bin/../lib/gcc/arm-none-eabi/10.3.1/../../../../arm-none-eabi/lib/thumb/v7-m/nofp\libg.a(lib_a-__call_atexit.o)
 .ARM.attributes
                0x0000030e       0x2d f:/clion_to_keil/gcc/102021.10/bin/../lib/gcc/arm-none-eabi/10.3.1/../../../../arm-none-eabi/lib/thumb/v7-m/nofp\libg.a(lib_a-atexit.o)
 .ARM.attributes
                0x0000033b       0x2d f:/clion_to_keil/gcc/102021.10/bin/../lib/gcc/arm-none-eabi/10.3.1/../../../../arm-none-eabi/lib/thumb/v7-m/nofp\libg.a(lib_a-fini.o)
 .ARM.attributes
                0x00000368       0x2d f:/clion_to_keil/gcc/102021.10/bin/../lib/gcc/arm-none-eabi/10.3.1/../../../../arm-none-eabi/lib/thumb/v7-m/nofp\libg.a(lib_a-lock.o)
 .ARM.attributes
                0x00000395       0x2d f:/clion_to_keil/gcc/102021.10/bin/../lib/gcc/arm-none-eabi/10.3.1/../../../../arm-none-eabi/lib/thumb/v7-m/nofp\libg.a(lib_a-__atexit.o)
 .ARM.attributes
                0x000003c2       0x1d f:/clion_to_keil/gcc/102021.10/bin/../lib/gcc/arm-none-eabi/10.3.1/thumb/v7-m/nofp/crtn.o
OUTPUT(STM32F103C6.elf elf32-littlearm)
LOAD linker stubs
LOAD f:/clion_to_keil/gcc/102021.10/bin/../lib/gcc/arm-none-eabi/10.3.1/../../../../arm-none-eabi/lib/thumb/v7-m/nofp\libc.a
LOAD f:/clion_to_keil/gcc/102021.10/bin/../lib/gcc/arm-none-eabi/10.3.1/../../../../arm-none-eabi/lib/thumb/v7-m/nofp\libm.a
LOAD f:/clion_to_keil/gcc/102021.10/bin/../lib/gcc/arm-none-eabi/10.3.1/thumb/v7-m/nofp\libgcc.a

.debug_info     0x00000000     0x9063
 .debug_info    0x00000000      0xd95 CMakeFiles/STM32F103C6.elf.dir/Core/Src/main.c.obj
 .debug_info    0x00000d95     0x149e CMakeFiles/STM32F103C6.elf.dir/Core/Src/oled.c.obj
 .debug_info    0x00002233      0x14b CMakeFiles/STM32F103C6.elf.dir/Core/Src/oledfont.c.obj
 .debug_info    0x0000237e      0x8f5 CMakeFiles/STM32F103C6.elf.dir/Core/Src/stm32f1xx_hal_msp.c.obj
 .debug_info    0x00002c73      0x130 CMakeFiles/STM32F103C6.elf.dir/Core/Src/stm32f1xx_it.c.obj
 .debug_info    0x00002da3      0x248 CMakeFiles/STM32F103C6.elf.dir/Core/Src/system_stm32f1xx.c.obj
 .debug_info    0x00002feb       0x22 CMakeFiles/STM32F103C6.elf.dir/Core/Startup/startup_stm32f103c6tx.s.obj
 .debug_info    0x0000300d      0x78a CMakeFiles/STM32F103C6.elf.dir/Drivers/STM32F1xx_HAL_Driver/Src/stm32f1xx_hal.c.obj
 .debug_info    0x00003797      0xd6c CMakeFiles/STM32F103C6.elf.dir/Drivers/STM32F1xx_HAL_Driver/Src/stm32f1xx_hal_cortex.c.obj
 .debug_info    0x00004503      0x66f CMakeFiles/STM32F103C6.elf.dir/Drivers/STM32F1xx_HAL_Driver/Src/stm32f1xx_hal_gpio.c.obj
 .debug_info    0x00004b72     0x3ab6 CMakeFiles/STM32F103C6.elf.dir/Drivers/STM32F1xx_HAL_Driver/Src/stm32f1xx_hal_i2c.c.obj
 .debug_info    0x00008628      0xa3b CMakeFiles/STM32F103C6.elf.dir/Drivers/STM32F1xx_HAL_Driver/Src/stm32f1xx_hal_rcc.c.obj

.debug_abbrev   0x00000000     0x1534
 .debug_abbrev  0x00000000      0x239 CMakeFiles/STM32F103C6.elf.dir/Core/Src/main.c.obj
 .debug_abbrev  0x00000239      0x2cd CMakeFiles/STM32F103C6.elf.dir/Core/Src/oled.c.obj
 .debug_abbrev  0x00000506       0x88 CMakeFiles/STM32F103C6.elf.dir/Core/Src/oledfont.c.obj
 .debug_abbrev  0x0000058e      0x1b0 CMakeFiles/STM32F103C6.elf.dir/Core/Src/stm32f1xx_hal_msp.c.obj
 .debug_abbrev  0x0000073e       0x7e CMakeFiles/STM32F103C6.elf.dir/Core/Src/stm32f1xx_it.c.obj
 .debug_abbrev  0x000007bc      0x13e CMakeFiles/STM32F103C6.elf.dir/Core/Src/system_stm32f1xx.c.obj
 .debug_abbrev  0x000008fa       0x12 CMakeFiles/STM32F103C6.elf.dir/Core/Startup/startup_stm32f103c6tx.s.obj
 .debug_abbrev  0x0000090c      0x1f4 CMakeFiles/STM32F103C6.elf.dir/Drivers/STM32F1xx_HAL_Driver/Src/stm32f1xx_hal.c.obj
 .debug_abbrev  0x00000b00      0x341 CMakeFiles/STM32F103C6.elf.dir/Drivers/STM32F1xx_HAL_Driver/Src/stm32f1xx_hal_cortex.c.obj
 .debug_abbrev  0x00000e41      0x1e6 CMakeFiles/STM32F103C6.elf.dir/Drivers/STM32F1xx_HAL_Driver/Src/stm32f1xx_hal_gpio.c.obj
 .debug_abbrev  0x00001027      0x293 CMakeFiles/STM32F103C6.elf.dir/Drivers/STM32F1xx_HAL_Driver/Src/stm32f1xx_hal_i2c.c.obj
 .debug_abbrev  0x000012ba      0x27a CMakeFiles/STM32F103C6.elf.dir/Drivers/STM32F1xx_HAL_Driver/Src/stm32f1xx_hal_rcc.c.obj

.debug_aranges  0x00000000      0x6f0
 .debug_aranges
                0x00000000       0x40 CMakeFiles/STM32F103C6.elf.dir/Core/Src/main.c.obj
 .debug_aranges
                0x00000040       0xb8 CMakeFiles/STM32F103C6.elf.dir/Core/Src/oled.c.obj
 .debug_aranges
                0x000000f8       0x18 CMakeFiles/STM32F103C6.elf.dir/Core/Src/oledfont.c.obj
 .debug_aranges
                0x00000110       0x30 CMakeFiles/STM32F103C6.elf.dir/Core/Src/stm32f1xx_hal_msp.c.obj
 .debug_aranges
                0x00000140       0x60 CMakeFiles/STM32F103C6.elf.dir/Core/Src/stm32f1xx_it.c.obj
 .debug_aranges
                0x000001a0       0x28 CMakeFiles/STM32F103C6.elf.dir/Core/Src/system_stm32f1xx.c.obj
 .debug_aranges
                0x000001c8       0x28 CMakeFiles/STM32F103C6.elf.dir/Core/Startup/startup_stm32f103c6tx.s.obj
 .debug_aranges
                0x000001f0       0xe0 CMakeFiles/STM32F103C6.elf.dir/Drivers/STM32F1xx_HAL_Driver/Src/stm32f1xx_hal.c.obj
 .debug_aranges
                0x000002d0       0x90 CMakeFiles/STM32F103C6.elf.dir/Drivers/STM32F1xx_HAL_Driver/Src/stm32f1xx_hal_cortex.c.obj
 .debug_aranges
                0x00000360       0x58 CMakeFiles/STM32F103C6.elf.dir/Drivers/STM32F1xx_HAL_Driver/Src/stm32f1xx_hal_gpio.c.obj
 .debug_aranges
                0x000003b8      0x2a8 CMakeFiles/STM32F103C6.elf.dir/Drivers/STM32F1xx_HAL_Driver/Src/stm32f1xx_hal_i2c.c.obj
 .debug_aranges
                0x00000660       0x90 CMakeFiles/STM32F103C6.elf.dir/Drivers/STM32F1xx_HAL_Driver/Src/stm32f1xx_hal_rcc.c.obj

.debug_ranges   0x00000000      0x6c8
 .debug_ranges  0x00000000       0x30 CMakeFiles/STM32F103C6.elf.dir/Core/Src/main.c.obj
 .debug_ranges  0x00000030       0xa8 CMakeFiles/STM32F103C6.elf.dir/Core/Src/oled.c.obj
 .debug_ranges  0x000000d8       0x20 CMakeFiles/STM32F103C6.elf.dir/Core/Src/stm32f1xx_hal_msp.c.obj
 .debug_ranges  0x000000f8       0x50 CMakeFiles/STM32F103C6.elf.dir/Core/Src/stm32f1xx_it.c.obj
 .debug_ranges  0x00000148       0x18 CMakeFiles/STM32F103C6.elf.dir/Core/Src/system_stm32f1xx.c.obj
 .debug_ranges  0x00000160       0x20 CMakeFiles/STM32F103C6.elf.dir/Core/Startup/startup_stm32f103c6tx.s.obj
 .debug_ranges  0x00000180       0xd0 CMakeFiles/STM32F103C6.elf.dir/Drivers/STM32F1xx_HAL_Driver/Src/stm32f1xx_hal.c.obj
 .debug_ranges  0x00000250       0xe0 CMakeFiles/STM32F103C6.elf.dir/Drivers/STM32F1xx_HAL_Driver/Src/stm32f1xx_hal_cortex.c.obj
 .debug_ranges  0x00000330       0x48 CMakeFiles/STM32F103C6.elf.dir/Drivers/STM32F1xx_HAL_Driver/Src/stm32f1xx_hal_gpio.c.obj
 .debug_ranges  0x00000378      0x2b0 CMakeFiles/STM32F103C6.elf.dir/Drivers/STM32F1xx_HAL_Driver/Src/stm32f1xx_hal_i2c.c.obj
 .debug_ranges  0x00000628       0xa0 CMakeFiles/STM32F103C6.elf.dir/Drivers/STM32F1xx_HAL_Driver/Src/stm32f1xx_hal_rcc.c.obj

.debug_line     0x00000000     0x8b01
 .debug_line    0x00000000      0x4e4 CMakeFiles/STM32F103C6.elf.dir/Core/Src/main.c.obj
 .debug_line    0x000004e4      0xa10 CMakeFiles/STM32F103C6.elf.dir/Core/Src/oled.c.obj
 .debug_line    0x00000ef4       0x8f CMakeFiles/STM32F103C6.elf.dir/Core/Src/oledfont.c.obj
 .debug_line    0x00000f83      0x2a7 CMakeFiles/STM32F103C6.elf.dir/Core/Src/stm32f1xx_hal_msp.c.obj
 .debug_line    0x0000122a      0x1bd CMakeFiles/STM32F103C6.elf.dir/Core/Src/stm32f1xx_it.c.obj
 .debug_line    0x000013e7      0x246 CMakeFiles/STM32F103C6.elf.dir/Core/Src/system_stm32f1xx.c.obj
 .debug_line    0x0000162d       0xa5 CMakeFiles/STM32F103C6.elf.dir/Core/Startup/startup_stm32f103c6tx.s.obj
 .debug_line    0x000016d2      0x572 CMakeFiles/STM32F103C6.elf.dir/Drivers/STM32F1xx_HAL_Driver/Src/stm32f1xx_hal.c.obj
 .debug_line    0x00001c44      0x65b CMakeFiles/STM32F103C6.elf.dir/Drivers/STM32F1xx_HAL_Driver/Src/stm32f1xx_hal_cortex.c.obj
 .debug_line    0x0000229f      0x5ee CMakeFiles/STM32F103C6.elf.dir/Drivers/STM32F1xx_HAL_Driver/Src/stm32f1xx_hal_gpio.c.obj
 .debug_line    0x0000288d     0x5634 CMakeFiles/STM32F103C6.elf.dir/Drivers/STM32F1xx_HAL_Driver/Src/stm32f1xx_hal_i2c.c.obj
 .debug_line    0x00007ec1      0xc40 CMakeFiles/STM32F103C6.elf.dir/Drivers/STM32F1xx_HAL_Driver/Src/stm32f1xx_hal_rcc.c.obj

.debug_str      0x00000000     0x2346
 .debug_str     0x00000000      0x8a0 CMakeFiles/STM32F103C6.elf.dir/Core/Src/main.c.obj
                                0x93c (size before relaxing)
 .debug_str     0x000008a0      0x219 CMakeFiles/STM32F103C6.elf.dir/Core/Src/oled.c.obj
                                0x883 (size before relaxing)
 .debug_str     0x00000ab9       0x3b CMakeFiles/STM32F103C6.elf.dir/Core/Src/oledfont.c.obj
                                0x159 (size before relaxing)
 .debug_str     0x00000af4       0xb0 CMakeFiles/STM32F103C6.elf.dir/Core/Src/stm32f1xx_hal_msp.c.obj
                                0x75f (size before relaxing)
 .debug_str     0x00000ba4       0xd6 CMakeFiles/STM32F103C6.elf.dir/Core/Src/stm32f1xx_it.c.obj
                                0x25e (size before relaxing)
 .debug_str     0x00000c7a       0x9d CMakeFiles/STM32F103C6.elf.dir/Core/Src/system_stm32f1xx.c.obj
                                0x290 (size before relaxing)
 .debug_str     0x00000d17       0x55 CMakeFiles/STM32F103C6.elf.dir/Core/Startup/startup_stm32f103c6tx.s.obj
                                 0x89 (size before relaxing)
 .debug_str     0x00000d6c      0x5d3 CMakeFiles/STM32F103C6.elf.dir/Drivers/STM32F1xx_HAL_Driver/Src/stm32f1xx_hal.c.obj
                                0x826 (size before relaxing)
 .debug_str     0x0000133f      0x3e4 CMakeFiles/STM32F103C6.elf.dir/Drivers/STM32F1xx_HAL_Driver/Src/stm32f1xx_hal_cortex.c.obj
                                0x8d5 (size before relaxing)
 .debug_str     0x00001723      0x121 CMakeFiles/STM32F103C6.elf.dir/Drivers/STM32F1xx_HAL_Driver/Src/stm32f1xx_hal_gpio.c.obj
                                0x43c (size before relaxing)
 .debug_str     0x00001844      0x90f CMakeFiles/STM32F103C6.elf.dir/Drivers/STM32F1xx_HAL_Driver/Src/stm32f1xx_hal_i2c.c.obj
                               0x1001 (size before relaxing)
 .debug_str     0x00002153      0x1f3 CMakeFiles/STM32F103C6.elf.dir/Drivers/STM32F1xx_HAL_Driver/Src/stm32f1xx_hal_rcc.c.obj
                                0x667 (size before relaxing)

.comment        0x00000000       0x49
 .comment       0x00000000       0x49 CMakeFiles/STM32F103C6.elf.dir/Core/Src/main.c.obj
                                 0x4a (size before relaxing)
 .comment       0x00000049       0x4a CMakeFiles/STM32F103C6.elf.dir/Core/Src/oled.c.obj
 .comment       0x00000049       0x4a CMakeFiles/STM32F103C6.elf.dir/Core/Src/oledfont.c.obj
 .comment       0x00000049       0x4a CMakeFiles/STM32F103C6.elf.dir/Core/Src/stm32f1xx_hal_msp.c.obj
 .comment       0x00000049       0x4a CMakeFiles/STM32F103C6.elf.dir/Core/Src/stm32f1xx_it.c.obj
 .comment       0x00000049       0x4a CMakeFiles/STM32F103C6.elf.dir/Core/Src/system_stm32f1xx.c.obj
 .comment       0x00000049       0x4a CMakeFiles/STM32F103C6.elf.dir/Drivers/STM32F1xx_HAL_Driver/Src/stm32f1xx_hal.c.obj
 .comment       0x00000049       0x4a CMakeFiles/STM32F103C6.elf.dir/Drivers/STM32F1xx_HAL_Driver/Src/stm32f1xx_hal_cortex.c.obj
 .comment       0x00000049       0x4a CMakeFiles/STM32F103C6.elf.dir/Drivers/STM32F1xx_HAL_Driver/Src/stm32f1xx_hal_gpio.c.obj
 .comment       0x00000049       0x4a CMakeFiles/STM32F103C6.elf.dir/Drivers/STM32F1xx_HAL_Driver/Src/stm32f1xx_hal_i2c.c.obj
 .comment       0x00000049       0x4a CMakeFiles/STM32F103C6.elf.dir/Drivers/STM32F1xx_HAL_Driver/Src/stm32f1xx_hal_rcc.c.obj

.debug_frame    0x00000000     0x14e0
 .debug_frame   0x00000000       0x94 CMakeFiles/STM32F103C6.elf.dir/Core/Src/main.c.obj
 .debug_frame   0x00000094      0x25c CMakeFiles/STM32F103C6.elf.dir/Core/Src/oled.c.obj
 .debug_frame   0x000002f0       0x60 CMakeFiles/STM32F103C6.elf.dir/Core/Src/stm32f1xx_hal_msp.c.obj
 .debug_frame   0x00000350       0xa8 CMakeFiles/STM32F103C6.elf.dir/Core/Src/stm32f1xx_it.c.obj
 .debug_frame   0x000003f8       0x30 CMakeFiles/STM32F103C6.elf.dir/Core/Src/system_stm32f1xx.c.obj
 .debug_frame   0x00000428      0x1cc CMakeFiles/STM32F103C6.elf.dir/Drivers/STM32F1xx_HAL_Driver/Src/stm32f1xx_hal.c.obj
 .debug_frame   0x000005f4      0x118 CMakeFiles/STM32F103C6.elf.dir/Drivers/STM32F1xx_HAL_Driver/Src/stm32f1xx_hal_cortex.c.obj
 .debug_frame   0x0000070c       0xe0 CMakeFiles/STM32F103C6.elf.dir/Drivers/STM32F1xx_HAL_Driver/Src/stm32f1xx_hal_gpio.c.obj
 .debug_frame   0x000007ec      0x984 CMakeFiles/STM32F103C6.elf.dir/Drivers/STM32F1xx_HAL_Driver/Src/stm32f1xx_hal_i2c.c.obj
 .debug_frame   0x00001170      0x184 CMakeFiles/STM32F103C6.elf.dir/Drivers/STM32F1xx_HAL_Driver/Src/stm32f1xx_hal_rcc.c.obj
 .debug_frame   0x000012f4       0x2c f:/clion_to_keil/gcc/102021.10/bin/../lib/gcc/arm-none-eabi/10.3.1/../../../../arm-none-eabi/lib/thumb/v7-m/nofp\libg.a(lib_a-init.o)
 .debug_frame   0x00001320       0x2c f:/clion_to_keil/gcc/102021.10/bin/../lib/gcc/arm-none-eabi/10.3.1/../../../../arm-none-eabi/lib/thumb/v7-m/nofp\libg.a(lib_a-memset.o)
 .debug_frame   0x0000134c       0x5c f:/clion_to_keil/gcc/102021.10/bin/../lib/gcc/arm-none-eabi/10.3.1/../../../../arm-none-eabi/lib/thumb/v7-m/nofp\libg.a(lib_a-__call_atexit.o)
 .debug_frame   0x000013a8       0x20 f:/clion_to_keil/gcc/102021.10/bin/../lib/gcc/arm-none-eabi/10.3.1/../../../../arm-none-eabi/lib/thumb/v7-m/nofp\libg.a(lib_a-atexit.o)
 .debug_frame   0x000013c8       0x34 f:/clion_to_keil/gcc/102021.10/bin/../lib/gcc/arm-none-eabi/10.3.1/../../../../arm-none-eabi/lib/thumb/v7-m/nofp\libg.a(lib_a-fini.o)
 .debug_frame   0x000013fc       0xb0 f:/clion_to_keil/gcc/102021.10/bin/../lib/gcc/arm-none-eabi/10.3.1/../../../../arm-none-eabi/lib/thumb/v7-m/nofp\libg.a(lib_a-lock.o)
 .debug_frame   0x000014ac       0x34 f:/clion_to_keil/gcc/102021.10/bin/../lib/gcc/arm-none-eabi/10.3.1/../../../../arm-none-eabi/lib/thumb/v7-m/nofp\libg.a(lib_a-__atexit.o)

.debug_loc      0x00000000     0x6223
 .debug_loc     0x00000000      0xc29 CMakeFiles/STM32F103C6.elf.dir/Core/Src/oled.c.obj
 .debug_loc     0x00000c29       0x7c CMakeFiles/STM32F103C6.elf.dir/Core/Src/stm32f1xx_hal_msp.c.obj
 .debug_loc     0x00000ca5       0xff CMakeFiles/STM32F103C6.elf.dir/Core/Src/system_stm32f1xx.c.obj
 .debug_loc     0x00000da4      0x141 CMakeFiles/STM32F103C6.elf.dir/Drivers/STM32F1xx_HAL_Driver/Src/stm32f1xx_hal.c.obj
 .debug_loc     0x00000ee5      0x71f CMakeFiles/STM32F103C6.elf.dir/Drivers/STM32F1xx_HAL_Driver/Src/stm32f1xx_hal_cortex.c.obj
 .debug_loc     0x00001604      0x43d CMakeFiles/STM32F103C6.elf.dir/Drivers/STM32F1xx_HAL_Driver/Src/stm32f1xx_hal_gpio.c.obj
 .debug_loc     0x00001a41     0x41ca CMakeFiles/STM32F103C6.elf.dir/Drivers/STM32F1xx_HAL_Driver/Src/stm32f1xx_hal_i2c.c.obj
 .debug_loc     0x00005c0b      0x618 CMakeFiles/STM32F103C6.elf.dir/Drivers/STM32F1xx_HAL_Driver/Src/stm32f1xx_hal_rcc.c.obj
